06-25 13:54:37.489   25181-28246   C02B82/io.lega...AudioLogUtils  io.legado.hos         W     [ProcessVolumeData][[123199]RendererInClient] not slient 67frames change to slient
06-25 13:54:37.489   25181-28246   C02B82/io.lega...AudioLogUtils  io.legado.hos         W     [ProcessVolumeData][[123199]RendererInClient] slient 1frames change to not slient
06-25 13:54:38.132   25181-25181   C02805/io.legad...InputKeyFlow  io.legado.hos         I     [P:D:5224369|247]ac: down: 5224369
06-25 13:54:38.132   25181-25181   C02805/io.legad...InputKeyFlow  io.legado.hos         I     [P:D:5224369|649]recv
06-25 13:54:38.132   25181-25181   C04213/io.legad...InputKeyFlow  io.legado.hos         I     HandleInputEvent: eid:12,InputId:5224369,wid:5323,ac:2
06-25 13:54:38.133   25181-25181   C03951/io.legad...InputKeyFlow  io.legado.hos         I     [(100000:100000:scope)] ITK Id:5224369, fId:0, T:0, I=0, M=0
06-25 13:54:38.133   25181-25181   C03951/io.legad...InputKeyFlow  io.legado.hos         I     [(100000:100000:scope)] ITK Id:5224369, TTHNI:fId: 0{ T: Column, D: 10 };
06-25 13:54:38.133   25181-25181   C03951/io.legad...InputKeyFlow  io.legado.hos         I     [(100000:100000:scope)] ITK Id:5224369, TTHRTI: T ClickRecognizer info: { T: Column };
06-25 13:54:38.134   25181-25181   C03919/io.lega...InputTracking  io.legado.hos         I     [(100000:100000:scope)] Consumed id:5224369, last id:5224367
06-25 13:54:38.134   25181-25181   C04213/io.legad...InputKeyFlow  io.legado.hos         I     ConsumePointerEventInner: InputId:5224369,wid:5323,pointId:0,srcType:2,rect:[0,0,1320,2120],notify:1
06-25 13:54:38.134   25181-25181   C02805/io.legad...InputKeyFlow  io.legado.hos         I     [P:M:5224370|247]ac: move: 5224370
06-25 13:54:38.211   25181-25181   C02805/io.legad...InputKeyFlow  io.legado.hos         I     [P:U:5224381|247]ac: move, first: 5224371-(2026-06-25 13:54:38.137ms), 5224380, count: 10, last: ac: up: 5224381
06-25 13:54:38.211   25181-25181   C02805/io.legad...InputKeyFlow  io.legado.hos         I     [P:U:5224381|649]recv
06-25 13:54:38.211   25181-25181   C04213/io.legad...InputKeyFlow  io.legado.hos         I     HandleInputEvent: eid:13,InputId:5224381,wid:5323,ac:4
06-25 13:54:38.212   25181-25181   C03951/io.legad...InputKeyFlow  io.legado.hos         I     [(100000:100000:scope)] ITK Id:5224381, fId:0, T:1, I=0, M=0
06-25 13:54:38.212   25181-25181   C03934/io.lega...os/AceUIEvent  io.legado.hos         I     [(100000:100000:scope)] TpFlush end by up event
06-25 13:54:38.212   25181-25181   C0391E/io.lega...os/AceGesture  io.legado.hos         I     [(100000:100000:scope)] Click try accept Column
06-25 13:54:38.212   25181-25181   C03951/io.legad...InputKeyFlow  io.legado.hos         I     [(100000:100000:scope)] CLK RACC, T: Column
06-25 13:54:38.213   25181-25181   A03D00/io.legado.hos/JSAPP      io.legado.hos         I     [PageView] contentClick x=133.54166666666666 y=385.2916666666667 w=440 h=639.6666666666666
06-25 13:54:38.213   25181-25181   A03D00/io.legado.hos/JSAPP      io.legado.hos         I     [PageView] zone=3 action=2
06-25 13:54:38.213   25181-25181   A03D00/io.legado.hos/JSAPP      io.legado.hos         I     [PageView] prevPage pages=6 idx=0
06-25 13:54:38.213   25181-25181   C03919/io.lega...InputTracking  io.legado.hos         I     [(100000:100000:scope)] Consumed id:5224381, last id:5224380
06-25 13:54:38.213   25181-25181   C04213/io.legad...InputKeyFlow  io.legado.hos         I     ConsumePointerEventInner: InputId:5224381,wid:5323,pointId:0,srcType:2,rect:[0,0,1320,2120],notify:1
06-25 13:54:38.792   25181-28246   C02B82/io.lega...AudioLogUtils  io.legado.hos         W     [ProcessVolumeData][[123199]RendererInClient] not slient 71frames change to slient
06-25 13:54:38.872   25181-28246   C02B82/io.lega...AudioLogUtils  io.legado.hos         W     [ProcessVolumeData][[123199]RendererInClient] slient 6frames change to not slient
06-25 13:54:39.429   25181-28246   C02B82/io.lega...AudioLogUtils  io.legado.hos         W     [ProcessVolumeData][[123199]RendererInClient] not slient 28frames change to slient
06-25 13:54:39.429   25181-28246   C02B82/io.lega...AudioLogUtils  io.legado.hos         W     [ProcessVolumeData][[123199]RendererInClient] slient 1frames change to not slient
06-25 13:54:39.542   25181-25181   C02805/io.legad...InputKeyFlow  io.legado.hos         I     [P:D:5224382|247]ac: down: 5224382
06-25 13:54:39.542   25181-25181   C02805/io.legad...InputKeyFlow  io.legado.hos         I     [P:D:5224382|649]recv
06-25 13:54:39.542   25181-25181   C04213/io.legad...InputKeyFlow  io.legado.hos         I     HandleInputEvent: eid:14,InputId:5224382,wid:5323,ac:2
06-25 13:54:39.543   25181-25181   C03951/io.legad...InputKeyFlow  io.legado.hos         I     [(100000:100000:scope)] ITK Id:5224382, fId:0, T:0, I=0, M=0
06-25 13:54:39.543   25181-25181   C03951/io.legad...InputKeyFlow  io.legado.hos         I     [(100000:100000:scope)] ITK Id:5224382, TTHNI:fId: 0{ T: Column, D: 10 };
06-25 13:54:39.543   25181-25181   C03951/io.legad...InputKeyFlow  io.legado.hos         I     [(100000:100000:scope)] ITK Id:5224382, TTHRTI: T ClickRecognizer info: { T: Column };
06-25 13:54:39.544   25181-25181   C03919/io.lega...InputTracking  io.legado.hos         I     [(100000:100000:scope)] Consumed id:5224382, last id:5224380
06-25 13:54:39.544   25181-25181   C04213/io.legad...InputKeyFlow  io.legado.hos         I     ConsumePointerEventInner: InputId:5224382,wid:5323,pointId:0,srcType:2,rect:[0,0,1320,2120],notify:1
06-25 13:54:39.546   25181-25181   C02805/io.legad...InputKeyFlow  io.legado.hos         I     [P:M:5224383|247]ac: move: 5224383
06-25 13:54:39.591   25181-25181   C02805/io.legad...InputKeyFlow  io.legado.hos         I     [P:U:5224390|247]ac: move, first: 5224384-(2026-06-25 13:54:39.550ms), 5224389, count: 6, last: ac: up: 5224390
06-25 13:54:39.591   25181-25181   C02805/io.legad...InputKeyFlow  io.legado.hos         I     [P:U:5224390|649]recv
06-25 13:54:39.591   25181-25181   C04213/io.legad...InputKeyFlow  io.legado.hos         I     HandleInputEvent: eid:15,InputId:5224390,wid:5323,ac:4
06-25 13:54:39.591   25181-25181   C03951/io.legad...InputKeyFlow  io.legado.hos         I     [(100000:100000:scope)] ITK Id:5224390, fId:0, T:1, I=0, M=0
06-25 13:54:39.591   25181-25181   C03934/io.lega...os/AceUIEvent  io.legado.hos         I     [(100000:100000:scope)] TpFlush end by up event
06-25 13:54:39.591   25181-25181   C0391E/io.lega...os/AceGesture  io.legado.hos         I     [(100000:100000:scope)] Click try accept Column
06-25 13:54:39.591   25181-25181   C03951/io.legad...InputKeyFlow  io.legado.hos         I     [(100000:100000:scope)] CLK RACC, T: Column
06-25 13:54:39.592   25181-25181   A03D00/io.legado.hos/JSAPP      io.legado.hos         I     [PageView] contentClick x=131.83333333333334 y=336.4166666666667 w=440 h=639.6666666666666
06-25 13:54:39.592   25181-25181   A03D00/io.legado.hos/JSAPP      io.legado.hos         I     [PageView] zone=3 action=2
06-25 13:54:39.592   25181-25181   A03D00/io.legado.hos/JSAPP      io.legado.hos         I     [PageView] prevPage pages=6 idx=0
06-25 13:54:39.592   25181-25181   C03919/io.lega...InputTracking  io.legado.hos         I     [(100000:100000:scope)] Consumed id:5224390, last id:5224389
06-25 13:54:39.592   25181-25181   C04213/io.legad...InputKeyFlow  io.legado.hos         I     ConsumePointerEventInner: InputId:5224390,wid:5323,pointId:0,srcType:2,rect:[0,0,1320,2120],notify:1
06-25 13:54:41.093   25181-25314   C03F00/io.legado.hos/ArkEtsVm   io.legado.hos         I     [nodict][a92ab9c29f908a4 0 0]gc: App cold start finished
06-25 13:54:41.289   25181-28246   C02B82/io.lega...AudioLogUtils  io.legado.hos         I     [IncSoundData][[123199]RendererInClient] MONO = 4175, counts: 100
06-25 13:54:41.387   25181-25181   C02805/io.legad...InputKeyFlow  io.legado.hos         I     [P:D:5224391|247]ac: down: 5224391
06-25 13:54:41.387   25181-25181   C02805/io.legad...InputKeyFlow  io.legado.hos         I     [P:D:5224391|649]recv
06-25 13:54:41.387   25181-25181   C04213/io.legad...InputKeyFlow  io.legado.hos         I     HandleInputEvent: eid:16,InputId:5224391,wid:5323,ac:2
06-25 13:54:41.388   25181-25181   C03951/io.legad...InputKeyFlow  io.legado.hos         I     [(100000:100000:scope)] ITK Id:5224391, fId:0, T:0, I=0, M=0
06-25 13:54:41.388   25181-25181   C03951/io.legad...InputKeyFlow  io.legado.hos         I     [(100000:100000:scope)] ITK Id:5224391, TTHNI:fId: 0{ T: Column, D: 10 };
06-25 13:54:41.388   25181-25181   C03951/io.legad...InputKeyFlow  io.legado.hos         I     [(100000:100000:scope)] ITK Id:5224391, TTHRTI: T ClickRecognizer info: { T: Column };
06-25 13:54:41.389   25181-25181   C03919/io.lega...InputTracking  io.legado.hos         I     [(100000:100000:scope)] Consumed id:5224391, last id:5224389
06-25 13:54:41.389   25181-25181   C04213/io.legad...InputKeyFlow  io.legado.hos         I     ConsumePointerEventInner: InputId:5224391,wid:5323,pointId:0,srcType:2,rect:[0,0,1320,2120],notify:1
06-25 13:54:41.392   25181-25181   C02805/io.legad...InputKeyFlow  io.legado.hos         I     [P:M:5224392|247]ac: move: 5224392
06-25 13:54:41.468   25181-25181   C02805/io.legad...InputKeyFlow  io.legado.hos         I     [P:U:5224403|247]ac: move, first: 5224393-(2026-06-25 13:54:41.395ms), 5224402, count: 10, last: ac: up: 5224403
06-25 13:54:41.468   25181-25181   C02805/io.legad...InputKeyFlow  io.legado.hos         I     [P:U:5224403|649]recv
06-25 13:54:41.468   25181-25181   C04213/io.legad...InputKeyFlow  io.legado.hos         I     HandleInputEvent: eid:17,InputId:5224403,wid:5323,ac:4
06-25 13:54:41.469   25181-25181   C03951/io.legad...InputKeyFlow  io.legado.hos         I     [(100000:100000:scope)] ITK Id:5224403, fId:0, T:1, I=0, M=0
06-25 13:54:41.469   25181-25181   C03934/io.lega...os/AceUIEvent  io.legado.hos         I     [(100000:100000:scope)] TpFlush end by up event
06-25 13:54:41.469   25181-25181   C0391E/io.lega...os/AceGesture  io.legado.hos         I     [(100000:100000:scope)] Click try accept Column
06-25 13:54:41.469   25181-25181   C03951/io.legad...InputKeyFlow  io.legado.hos         I     [(100000:100000:scope)] CLK RACC, T: Column
06-25 13:54:41.470   25181-25181   A03D00/io.legado.hos/JSAPP      io.legado.hos         I     [PageView] contentClick x=213 y=262.2916666666667 w=440 h=639.6666666666666
06-25 13:54:41.470   25181-25181   A03D00/io.legado.hos/JSAPP      io.legado.hos         I     [PageView] zone=4 action=0
06-25 13:54:41.470   25181-25181   C03919/io.lega...InputTracking  io.legado.hos         I     [(100000:100000:scope)] Consumed id:5224403, last id:5224402
06-25 13:54:41.470   25181-25181   C04213/io.legad...InputKeyFlow  io.legado.hos         I     ConsumePointerEventInner: InputId:5224403,wid:5323,pointId:0,srcType:2,rect:[0,0,1320,2120],notify:1
06-25 13:54:42.190   25181-28246   C02B82/io.lega...AudioLogUtils  io.legado.hos         W     [ProcessVolumeData][[123199]RendererInClient] not slient 152frames change to slient
06-25 13:54:42.409   25181-28246   C02B82/io.lega...AudioLogUtils  io.legado.hos         W     [ProcessVolumeData][[123199]RendererInClient] slient 9frames change to not slient
06-25 13:54:42.972   25181-25314   C03F00/io.legado.hos/ArkEtsVm   io.legado.hos         I     [nodict][a92ab4c2a172da8 0 0]gc: App cold start finished
06-25 13:54:43.925   25181-25181   C02805/io.legad...InputKeyFlow  io.legado.hos         I     [P:D:5224404|247]ac: down: 5224404
06-25 13:54:43.925   25181-25181   C02805/io.legad...InputKeyFlow  io.legado.hos         I     [P:D:5224404|649]recv
06-25 13:54:43.925   25181-25181   C04213/io.legad...InputKeyFlow  io.legado.hos         I     HandleInputEvent: eid:18,InputId:5224404,wid:5323,ac:2
06-25 13:54:43.925   25181-25181   C03951/io.legad...InputKeyFlow  io.legado.hos         I     [(100000:100000:scope)] ITK Id:5224404, fId:0, T:0, I=0, M=0
06-25 13:54:43.926   25181-25181   C03951/io.legad...InputKeyFlow  io.legado.hos         I     [(100000:100000:scope)] ITK Id:5224404, TTHNI:fId: 0{ T: Button, D: 12 };
06-25 13:54:43.926   25181-25181   C03951/io.legad...InputKeyFlow  io.legado.hos         I     [(100000:100000:scope)] ITK Id:5224404, TTHRTI: T ClickRecognizer info: { T: Button };
06-25 13:54:43.927   25181-25181   C03945/io.lega...AceStateStyle  io.legado.hos         I     [(100000:100000:scope)] Handle TouchDown event node: Button
06-25 13:54:43.927   25181-25181   C03919/io.lega...InputTracking  io.legado.hos         I     [(100000:100000:scope)] Consumed id:5224404, last id:5224402
06-25 13:54:43.927   25181-25181   C04213/io.legad...InputKeyFlow  io.legado.hos         I     ConsumePointerEventInner: InputId:5224404,wid:5323,pointId:0,srcType:2,rect:[0,0,1320,2120],notify:1
06-25 13:54:43.928   25181-25181   C02805/io.legad...InputKeyFlow  io.legado.hos         I     [P:M:5224405|247]ac: move: 5224405
06-25 13:54:43.989   25181-25181   C02805/io.legad...InputKeyFlow  io.legado.hos         I     [P:U:5224414|247]ac: move, first: 5224406-(2026-06-25 13:54:43.933ms), 5224413, count: 8, last: ac: up: 5224414
06-25 13:54:43.989   25181-25181   C02805/io.legad...InputKeyFlow  io.legado.hos         I     [P:U:5224414|649]recv
06-25 13:54:43.989   25181-25181   C04213/io.legad...InputKeyFlow  io.legado.hos         I     HandleInputEvent: eid:19,InputId:5224414,wid:5323,ac:4
06-25 13:54:43.990   25181-25181   C03951/io.legad...InputKeyFlow  io.legado.hos         I     [(100000:100000:scope)] ITK Id:5224414, fId:0, T:1, I=0, M=0
06-25 13:54:43.990   25181-25181   C03934/io.lega...os/AceUIEvent  io.legado.hos         I     [(100000:100000:scope)] TpFlush end by up event
06-25 13:54:43.990   25181-25181   C03945/io.lega...AceStateStyle  io.legado.hos         I     [(100000:100000:scope)] Handle TouchUp or Cancel event node: Button
06-25 13:54:43.991   25181-25181   C0391E/io.lega...os/AceGesture  io.legado.hos         I     [(100000:100000:scope)] Click try accept Button
06-25 13:54:43.991   25181-25181   C03951/io.legad...InputKeyFlow  io.legado.hos         I     [(100000:100000:scope)] CLK RACC, T: Button
06-25 13:54:43.991   25181-25181   C03919/io.lega...InputTracking  io.legado.hos         I     [(100000:100000:scope)] Consumed id:5224414, last id:5224413
06-25 13:54:43.991   25181-25181   C04213/io.legad...InputKeyFlow  io.legado.hos         I     ConsumePointerEventInner: InputId:5224414,wid:5323,pointId:0,srcType:2,rect:[0,0,1320,2120],notify:1
06-25 13:54:44.268   25181-28246   C02B82/io.lega...AudioLogUtils  io.legado.hos         I     [IncSoundData][[123199]RendererInClient] MONO = 309, counts: 100
06-25 13:54:44.629   25181-28246   C02B82/io.lega...AudioLogUtils  io.legado.hos         W     [ProcessVolumeData][[123199]RendererInClient] not slient 121frames change to slient
06-25 13:54:44.729   25181-28246   C02B82/io.lega...AudioLogUtils  io.legado.hos         W     [ProcessVolumeData][[123199]RendererInClient] slient 1frames change to not slient
06-25 13:54:45.070   25181-28246   C02B82/io.lega...AudioLogUtils  io.legado.hos         W     [ProcessVolumeData][[123199]RendererInClient] not slient 21frames change to slient
06-25 13:54:45.289   25181-28246   C02B82/io.lega...AudioLogUtils  io.legado.hos         W     [ProcessVolumeData][[123199]RendererInClient] slient 9frames change to not slient
06-25 13:54:45.493   25181-25314   C03F00/io.legado.hos/ArkEtsVm   io.legado.hos         I     [nodict][a92abdc2a3f20c5 0 0]gc: App cold start finished
06-25 13:54:45.883   25181-25181   C02805/io.legad...InputKeyFlow  io.legado.hos         I     [P:D:5224415|247]ac: down: 5224415
06-25 13:54:45.883   25181-25181   C02805/io.legad...InputKeyFlow  io.legado.hos         I     [P:D:5224415|649]recv
06-25 13:54:45.883   25181-25181   C04213/io.legad...InputKeyFlow  io.legado.hos         I     HandleInputEvent: eid:20,InputId:5224415,wid:5323,ac:2
06-25 13:54:45.884   25181-25181   C03951/io.legad...InputKeyFlow  io.legado.hos         I     [(100000:100000:scope)] ITK Id:5224415, fId:0, T:0, I=0, M=0
06-25 13:54:45.885   25181-25181   C03951/io.legad...InputKeyFlow  io.legado.hos         I     [(100000:100000:scope)] ITK Id:5224415, TTHNI:fId: 0{ T: Scroll, D: 12 };
06-25 13:54:45.885   25181-25181   C03951/io.legad...InputKeyFlow  io.legado.hos         I     [(100000:100000:scope)] ITK Id:5224415, TTHRTI: T ClickRecognizer info: { T: Scroll }; { T: Row };T PanRecognizer info: { T: Scroll };
06-25 13:54:45.886   25181-25181   C03919/io.lega...InputTracking  io.legado.hos         I     [(100000:100000:scope)] Consumed id:5224415, last id:5224413
06-25 13:54:45.886   25181-25181   C04213/io.legad...InputKeyFlow  io.legado.hos         I     ConsumePointerEventInner: InputId:5224415,wid:5323,pointId:0,srcType:2,rect:[0,0,1320,2120],notify:1
06-25 13:54:45.978   25181-25181   C02805/io.legad...InputKeyFlow  io.legado.hos         I     [P:M:5224416|247]ac: move: 5224416
06-25 13:54:45.992   25181-25181   C02805/io.legad...InputKeyFlow  io.legado.hos         I     [P:U:5224418|247]ac: move, first: 5224417-(2026-06-25 13:54:45.984ms), count: 1, last: ac: up: 5224418
06-25 13:54:45.992   25181-25181   C02805/io.legad...InputKeyFlow  io.legado.hos         I     [P:U:5224418|649]recv
06-25 13:54:45.992   25181-25181   C04213/io.legad...InputKeyFlow  io.legado.hos         I     HandleInputEvent: eid:21,InputId:5224418,wid:5323,ac:4
06-25 13:54:45.993   25181-25181   C03951/io.legad...InputKeyFlow  io.legado.hos         I     [(100000:100000:scope)] ITK Id:5224418, fId:0, T:1, I=0, M=0
06-25 13:54:45.993   25181-25181   C03934/io.lega...os/AceUIEvent  io.legado.hos         I     [(100000:100000:scope)] TpFlush end by up event
06-25 13:54:45.993   25181-25181   C0391E/io.lega...os/AceGesture  io.legado.hos         I     [(100000:100000:scope)] Click try accept Scroll
06-25 13:54:45.993   25181-25181   C0390B/io.lega...AceScrollable  io.legado.hos         I     [(100000:100000:scope)] Scrollable GestureJudge:0, 0
06-25 13:54:45.993   25181-25181   C0391E/io.lega...os/AceGesture  io.legado.hos         I     [(100000:100000:scope)] Click gesture judge reject
06-25 13:54:45.993   25181-25181   C0391E/io.lega...os/AceGesture  io.legado.hos         I     [(100000:100000:scope)] Click try accept Row
06-25 13:54:45.993   25181-25181   C03951/io.legad...InputKeyFlow  io.legado.hos         I     [(100000:100000:scope)] CLK RACC, T: Row
06-25 13:54:45.995   25181-25181   C02100/io.legado.hos/AI_TEXT    io.legado.hos         I     [(DownloadVoice)]Download Voice start
06-25 13:54:45.995   25181-25181   C02100/io.legado.hos/AI_TEXT    io.legado.hos         I     [(ParseDownloadVoiceParams)]Parse downloadVoice params, argc: 2
06-25 13:54:45.995   25181-25181   C02100/io.legado.hos/AI_TEXT    io.legado.hos         I     [(ParseDownloadVoiceParams)]DownloadParams: [requestId: dl_voice_1_1782366885994, language: zh-CN, person: 1.00, style: ]
06-25 13:54:45.995   25181-25181   C03919/io.lega...InputTracking  io.legado.hos         I     [(100000:100000:scope)] Consumed id:5224418, last id:5224417
06-25 13:54:45.995   25181-25181   C04213/io.legad...InputKeyFlow  io.legado.hos         I     ConsumePointerEventInner: InputId:5224418,wid:5323,pointId:0,srcType:2,rect:[0,0,1320,2120],notify:1
06-25 13:54:45.996   25181-25181   C0390D/io.lega...os/AceOverlay  io.legado.hos         I     [(100000:100000:scope)] Toast node mount to root node
06-25 13:54:45.996   25181-25181   C03900/io.legado.hos/Ace        io.legado.hos         I     [(100000:100000:scope)] Put node level order. nodeId: 257, levelOrder: 0.000000
06-25 13:54:45.996   25181-25181   C0390D/io.lega...os/AceOverlay  io.legado.hos         I     [(100000:100000:scope)] open toast animation enter, containerId:100000
06-25 13:54:46.002   25181-28247   C02100/io.legado.hos/AI_INNER   io.legado.hos         I     [(operator())]Download voice result: 0
06-25 13:54:46.002   25181-28247   C02100/io.legado.hos/AI_INNER   io.legado.hos         I     [(operator())]errorCode: 40000, errorMessage: downloadVoice invalid param
06-25 13:54:46.002   25181-28247   C02100/io.legado.hos/AI_INNER   io.legado.hos         I     [(OnResult)]TtsDownloadAsyncCallback OnResult, result: downloadVoice invalid param
06-25 13:54:46.003   25181-25181   C02100/io.legado.hos/AI_TEXT    io.legado.hos         E     [(DownloadVoiceComplete)]Failed to download voice, code: 40000
06-25 13:54:46.003   25181-25181   C02100/io.legado.hos/AI_COMMON  io.legado.hos         E     [(CreateEngineErrorByCallback)][E] Failed to create engine [callback]
06-25 13:54:46.004   25181-25181   A03D00/io.legado.hos/JSAPP      io.legado.hos         W     [TTS] downloadVoice error: code=1002300009 msg=downloadVoice invalid param
06-25 13:54:46.004   25181-25181   A03D00/io.legado.hos/JSAPP      io.legado.hos         W     [Read] downloadVoice failed: {}
06-25 13:54:46.005   25181-25181   C03900/io.legado.hos/Ace        io.legado.hos         I     [(100000:100000:scope)] Pop node level order. nodeId: 257, levelOrder: 0.000000
06-25 13:54:46.005   25181-25181   C0390D/io.lega...os/AceOverlay  io.legado.hos         I     [(100000:100000:scope)] Toast node mount to root node
06-25 13:54:46.005   25181-25181   C03900/io.legado.hos/Ace        io.legado.hos         I     [(100000:100000:scope)] Put node level order. nodeId: 259, levelOrder: 0.000000
06-25 13:54:46.005   25181-25181   C0390D/io.lega...os/AceOverlay  io.legado.hos         I     [(100000:100000:scope)] open toast animation enter, containerId:100000
06-25 13:54:47.049   25181-28246   C02B82/io.lega...AudioLogUtils  io.legado.hos         I     [IncSoundData][[123199]RendererInClient] MONO = 2004, counts: 100
06-25 13:54:47.496   25181-25314   C03F00/io.legado.hos/ArkEtsVm   io.legado.hos         I     [nodict][a92ab6c2a5f2e92 0 0]gc: App cold start finished
06-25 13:54:47.889   25181-28246   C02B82/io.lega...AudioLogUtils  io.legado.hos         W     [ProcessVolumeData][[123199]RendererInClient] not slient 144frames change to slient
06-25 13:54:48.169   25181-28246   C02B82/io.lega...AudioLogUtils  io.legado.hos         W     [ProcessVolumeData][[123199]RendererInClient] slient 15frames change to not slient
06-25 13:54:48.745   25181-25181   C02805/io.legad...InputKeyFlow  io.legado.hos         I     [P:D:5224419|247]ac: down: 5224419
06-25 13:54:48.746   25181-25181   C02805/io.legad...InputKeyFlow  io.legado.hos         I     [P:D:5224419|649]recv
06-25 13:54:48.746   25181-25181   C04213/io.legad...InputKeyFlow  io.legado.hos         I     HandleInputEvent: eid:22,InputId:5224419,wid:5323,ac:2
06-25 13:54:48.746   25181-25181   C03951/io.legad...InputKeyFlow  io.legado.hos         I     [(100000:100000:scope)] ITK Id:5224419, fId:0, T:0, I=0, M=0
06-25 13:54:48.746   25181-25181   C03951/io.legad...InputKeyFlow  io.legado.hos         I     [(100000:100000:scope)] ITK Id:5224419, TTHNI:fId: 0
06-25 13:54:48.746   25181-25181   C03951/io.legad...InputKeyFlow  io.legado.hos         W     [(100000:100000:scope)] Touch test result is empty.
06-25 13:54:48.747   25181-25181   C03951/io.legad...InputKeyFlow  io.legado.hos         I     [(100000:100000:scope)] ITK Id:5224419, TTHRTI:
06-25 13:54:48.747   25181-25181   C03919/io.lega...InputTracking  io.legado.hos         I     [(100000:100000:scope)] Consumed id:5224419, last id:5224417
06-25 13:54:48.747   25181-25181   C04213/io.legad...InputKeyFlow  io.legado.hos         I     ConsumePointerEventInner: InputId:5224419,wid:5323,pointId:0,srcType:2,rect:[0,0,1320,2120],notify:1
06-25 13:54:48.749   25181-25181   C02805/io.legad...InputKeyFlow  io.legado.hos         I     [P:M:5224420|247]ac: move: 5224420
06-25 13:54:48.969   25181-28246   C02B82/io.lega...AudioLogUtils  io.legado.hos         W     [ProcessVolumeData][[123199]RendererInClient] not slient 44frames change to slient
06-25 13:54:48.969   25181-28246   C02B82/io.lega...AudioLogUtils  io.legado.hos         W     [ProcessVolumeData][[123199]RendererInClient] slient 1frames change to not slient
06-25 13:54:49.109   25181-25181   C0390D/io.lega...os/AceOverlay  io.legado.hos         I     [(100000:100000:scope)] pop toast enter
06-25 13:54:49.109   25181-25181   C03900/io.legado.hos/Ace        io.legado.hos         I     [(100000:100000:scope)] Pop node level order. nodeId: 259, levelOrder: 0.000000
06-25 13:54:49.205   25181-25181   C0390D/io.lega...os/AceOverlay  io.legado.hos         I     [(100000:100000:scope)] toast remove from root
06-25 13:54:49.902   25181-25181   C02805/io.legad...InputKeyFlow  io.legado.hos         I     [P:U:5224486|247]ac: move, first: 5224421-(2026-06-25 13:54:48.754ms), 5224485, count: 65, last: ac: up: 5224486
06-25 13:54:49.902   25181-25181   C02805/io.legad...InputKeyFlow  io.legado.hos         I     [P:U:5224486|649]recv
06-25 13:54:49.902   25181-25181   C04213/io.legad...InputKeyFlow  io.legado.hos         I     HandleInputEvent: eid:23,InputId:5224486,wid:5323,ac:4
06-25 13:54:49.903   25181-25181   C03951/io.legad...InputKeyFlow  io.legado.hos         I     [(100000:100000:scope)] ITK Id:5224486, fId:0, T:1, I=0, M=0
06-25 13:54:49.903   25181-25181   C03934/io.lega...os/AceUIEvent  io.legado.hos         I     [(100000:100000:scope)] TpFlush end by up event
06-25 13:54:49.903   25181-25181   C03919/io.lega...InputTracking  io.legado.hos         I     [(100000:100000:scope)] Consumed id:5224486, last id:5224485
06-25 13:54:49.903   25181-25181   C04213/io.legad...InputKeyFlow  io.legado.hos         I     ConsumePointerEventInner: InputId:5224486,wid:5323,pointId:0,srcType:2,rect:[0,0,1320,2120],notify:1
06-25 13:54:50.849   25181-28246   C02B82/io.lega...AudioLogUtils  io.legado.hos         I     [IncSoundData][[123199]RendererInClient] MONO = 2798, counts: 100
06-25 13:54:51.049   25181-28246   C02B82/io.lega...AudioLogUtils  io.legado.hos         W     [ProcessVolumeData][[123199]RendererInClient] not slient 106frames change to slient
06-25 13:54:51.129   25181-28246   C02B82/io.lega...AudioLogUtils  io.legado.hos         W     [ProcessVolumeData][[123199]RendererInClient] slient 8frames change to not slient
06-25 13:54:51.506   25181-25181   C02805/io.legad...InputKeyFlow  io.legado.hos         I     [P:D:5224487|247]ac: down: 5224487
06-25 13:54:51.506   25181-25181   C02805/io.legad...InputKeyFlow  io.legado.hos         I     [P:D:5224487|649]recv
06-25 13:54:51.506   25181-25181   C04213/io.legad...InputKeyFlow  io.legado.hos         I     HandleInputEvent: eid:24,InputId:5224487,wid:5323,ac:2
06-25 13:54:51.507   25181-25181   C03951/io.legad...InputKeyFlow  io.legado.hos         I     [(100000:100000:scope)] ITK Id:5224487, fId:0, T:0, I=0, M=0
06-25 13:54:51.507   25181-25181   C03951/io.legad...InputKeyFlow  io.legado.hos         I     [(100000:100000:scope)] ITK Id:5224487, TTHNI:fId: 0{ T: Button, D: 12 };
06-25 13:54:51.507   25181-25181   C03951/io.legad...InputKeyFlow  io.legado.hos         I     [(100000:100000:scope)] ITK Id:5224487, TTHRTI: T ClickRecognizer info: { T: Button };
06-25 13:54:51.508   25181-25181   C03945/io.lega...AceStateStyle  io.legado.hos         I     [(100000:100000:scope)] Handle TouchDown event node: Button
06-25 13:54:51.508   25181-25181   C03919/io.lega...InputTracking  io.legado.hos         I     [(100000:100000:scope)] Consumed id:5224487, last id:5224485
06-25 13:54:51.508   25181-25181   C04213/io.legad...InputKeyFlow  io.legado.hos         I     ConsumePointerEventInner: InputId:5224487,wid:5323,pointId:0,srcType:2,rect:[0,0,1320,2120],notify:1
06-25 13:54:51.511   25181-25181   C02805/io.legad...InputKeyFlow  io.legado.hos         I     [P:M:5224488|247]ac: move: 5224488
06-25 13:54:51.589   25181-25181   C02805/io.legad...InputKeyFlow  io.legado.hos         I     [P:U:5224499|247]ac: move, first: 5224489-(2026-06-25 13:54:51.516ms), 5224498, count: 10, last: ac: up: 5224499
06-25 13:54:51.589   25181-25181   C02805/io.legad...InputKeyFlow  io.legado.hos         I     [P:U:5224499|649]recv
06-25 13:54:51.589   25181-25181   C04213/io.legad...InputKeyFlow  io.legado.hos         I     HandleInputEvent: eid:25,InputId:5224499,wid:5323,ac:4
06-25 13:54:51.589   25181-25181   C03951/io.legad...InputKeyFlow  io.legado.hos         I     [(100000:100000:scope)] ITK Id:5224499, fId:0, T:1, I=0, M=0
06-25 13:54:51.589   25181-25181   C03934/io.lega...os/AceUIEvent  io.legado.hos         I     [(100000:100000:scope)] TpFlush end by up event
06-25 13:54:51.590   25181-25181   C03945/io.lega...AceStateStyle  io.legado.hos         I     [(100000:100000:scope)] Handle TouchUp or Cancel event node: Button
06-25 13:54:51.590   25181-25181   C0391E/io.lega...os/AceGesture  io.legado.hos         I     [(100000:100000:scope)] Click try accept Button
06-25 13:54:51.590   25181-25181   C03951/io.legad...InputKeyFlow  io.legado.hos         I     [(100000:100000:scope)] CLK RACC, T: Button
06-25 13:54:51.591   25181-25181   C03919/io.lega...InputTracking  io.legado.hos         I     [(100000:100000:scope)] Consumed id:5224499, last id:5224498
06-25 13:54:51.591   25181-25181   C04213/io.legad...InputKeyFlow  io.legado.hos         I     ConsumePointerEventInner: InputId:5224499,wid:5323,pointId:0,srcType:2,rect:[0,0,1320,2120],notify:1
06-25 13:54:52.429   25181-28246   C02B82/io.lega...AudioLogUtils  io.legado.hos         W     [ProcessVolumeData][[123199]RendererInClient] not slient 70frames change to slient
06-25 13:54:52.609   25181-28246   C02B82/io.lega...AudioLogUtils  io.legado.hos         W     [ProcessVolumeData][[123199]RendererInClient] slient 7frames change to not slient
06-25 13:54:52.889   25181-28246   C02B82/io.lega...AudioLogUtils  io.legado.hos         W     [ProcessVolumeData][[123199]RendererInClient] not slient 15frames change to slient
06-25 13:54:52.889   25181-28246   C02B82/io.lega...AudioLogUtils  io.legado.hos         W     [ProcessVolumeData][[123199]RendererInClient] slient 2frames change to not slient
06-25 13:54:53.091   25181-25314   C03F00/io.legado.hos/ArkEtsVm   io.legado.hos         I     [nodict][a92abbc2ab902d8 0 0]gc: App cold start finished
06-25 13:54:54.009   25181-28246   C02B82/io.lega...AudioLogUtils  io.legado.hos         W     [ProcessVolumeData][[123199]RendererInClient] not slient 60frames change to slient
06-25 13:54:54.009   25181-28246   C02B82/io.lega...AudioLogUtils  io.legado.hos         W     [ProcessVolumeData][[123199]RendererInClient] slient 1frames change to not slient
06-25 13:54:55.029   25181-28246   C02B82/io.lega...AudioLogUtils  io.legado.hos         W     [ProcessVolumeData][[123199]RendererInClient] not slient 52frames change to slient
06-25 13:54:55.129   25181-28246   C02B82/io.lega...AudioLogUtils  io.legado.hos         W     [ProcessVolumeData][[123199]RendererInClient] slient 9frames change to not slient
06-25 13:54:55.390   25181-28041   C02D07/io.lega...rocessorProxy  io.legado.hos         I     end to take data from observer=ha_app_event, seq=1, size=8
06-25 13:54:55.390   25181-28041   C04707/io.lega...os/HaAppEvent  io.legado.hos         I     OnEvents, 8
06-25 13:54:55.393   25181-28041   C04707/io.legado.hos/HaEcc      io.legado.hos         I     set app freq, *o*_*u*w*i*h*o*_*d*_*c*: quota: 50, minutes: 5
06-25 13:54:55.393   25181-28041   C04707/io.legado.hos/HaEcc      io.legado.hos         I     consumeQueue_ = 0 0 0 0 0
06-25 13:54:55.399   25181-28041   C02D07/io.lega...entMappingDao  io.legado.hos         I     delete 8 records, observerSeq=1, ret=0
06-25 13:54:55.401   25181-28041   C02D07/io.legado.hos/EventDao   io.legado.hos         I     delete 8 records, ret=0
06-25 13:54:55.401   25181-28041   C02D07/io.legado.hos/Store      io.legado.hos         I     delete 0 params unused
06-25 13:54:56.709   25181-28246   C02B82/io.lega...AudioLogUtils  io.legado.hos         W     [ProcessVolumeData][[123199]RendererInClient] not slient 83frames change to slient
06-25 13:54:56.989   25181-28246   C02B82/io.lega...AudioLogUtils  io.legado.hos         W     [ProcessVolumeData][[123199]RendererInClient] slient 16frames change to not slient
06-25 13:54:58.849   25181-28246   C02B82/io.lega...AudioLogUtils  io.legado.hos         I     [IncSoundData][[123199]RendererInClient] MONO = 2245, counts: 100
06-25 13:54:59.669   25181-28246   C02B82/io.lega...AudioLogUtils  io.legado.hos         W     [ProcessVolumeData][[123199]RendererInClient] not slient 144frames change to slient
06-25 13:54:59.869   25181-28246   C02B82/io.lega...AudioLogUtils  io.legado.hos         W     [ProcessVolumeData][[123199]RendererInClient] slient 9frames change to not slient
06-25 13:55:00.149   25181-28246   C02B82/io.lega...AudioLogUtils  io.legado.hos         W     [ProcessVolumeData][[123199]RendererInClient] not slient 18frames change to slient
06-25 13:55:00.429   25181-28246   C02B82/io.lega...AudioLogUtils  io.legado.hos         W     [ProcessVolumeData][[123199]RendererInClient] slient 13frames change to not slient
06-25 13:55:00.889   25181-28246   C02B82/io.lega...AudioLogUtils  io.legado.hos         W     [ProcessVolumeData][[123199]RendererInClient] not slient 25frames change to slient
06-25 13:55:00.889   25181-28246   C02B82/io.lega...AudioLogUtils  io.legado.hos         W     [ProcessVolumeData][[123199]RendererInClient] slient 2frames change to not slient
06-25 13:55:02.749   25181-28246   C02B82/io.lega...AudioLogUtils  io.legado.hos         I     [IncSoundData][[123199]RendererInClient] MONO = 162, counts: 100
06-25 13:55:03.489   25181-28246   C02B82/io.lega...AudioLogUtils  io.legado.hos         W     [ProcessVolumeData][[123199]RendererInClient] not slient 139frames change to slient
06-25 13:55:03.669   25181-28246   C02B82/io.lega...AudioLogUtils  io.legado.hos         W     [ProcessVolumeData][[123199]RendererInClient] slient 9frames change to not slient
06-25 13:55:04.101   25181-25181   C02805/io.legad...InputKeyFlow  io.legado.hos         I     [P:D:5224500|247]ac: down: 5224500
06-25 13:55:04.101   25181-25181   C02805/io.legad...InputKeyFlow  io.legado.hos         I     [P:D:5224500|649]recv
06-25 13:55:04.101   25181-25181   C04213/io.legad...InputKeyFlow  io.legado.hos         I     HandleInputEvent: eid:26,InputId:5224500,wid:5323,ac:2
06-25 13:55:04.102   25181-25181   C03951/io.legad...InputKeyFlow  io.legado.hos         I     [(100000:100000:scope)] ITK Id:5224500, fId:0, T:0, I=0, M=0
06-25 13:55:04.103   25181-25181   C03951/io.legad...InputKeyFlow  io.legado.hos         I     [(100000:100000:scope)] ITK Id:5224500, TTHNI:fId: 0{ T: Scroll, D: 12 };
06-25 13:55:04.103   25181-25181   C03951/io.legad...InputKeyFlow  io.legado.hos         I     [(100000:100000:scope)] ITK Id:5224500, TTHRTI: T ClickRecognizer info: { T: Scroll }; { T: Row };T PanRecognizer info: { T: Scroll };
06-25 13:55:04.104   25181-25181   C03919/io.lega...InputTracking  io.legado.hos         I     [(100000:100000:scope)] Consumed id:5224500, last id:5224498
06-25 13:55:04.104   25181-25181   C04213/io.legad...InputKeyFlow  io.legado.hos         I     ConsumePointerEventInner: InputId:5224500,wid:5323,pointId:0,srcType:2,rect:[0,0,1320,2120],notify:1
06-25 13:55:04.104   25181-25181   C02805/io.legad...InputKeyFlow  io.legado.hos         I     [P:M:5224501|247]ac: move: 5224501
06-25 13:55:04.104   25181-28425   C02805/io.legad...InputKeyFlow  io.legado.hos         I     [|72]Ffrt PE:5224316 5224500
06-25 13:55:04.193   25181-25181   C02805/io.legad...InputKeyFlow  io.legado.hos         I     [P:U:5224512|247]ac: move, first: 5224502-(2026-06-25 13:55:04.107ms), 5224511, count: 10, last: ac: up: 5224512
06-25 13:55:04.193   25181-25181   C02805/io.legad...InputKeyFlow  io.legado.hos         I     [P:U:5224512|649]recv
06-25 13:55:04.193   25181-25181   C04213/io.legad...InputKeyFlow  io.legado.hos         I     HandleInputEvent: eid:27,InputId:5224512,wid:5323,ac:4
06-25 13:55:04.194   25181-25181   C03951/io.legad...InputKeyFlow  io.legado.hos         I     [(100000:100000:scope)] ITK Id:5224512, fId:0, T:1, I=0, M=0
06-25 13:55:04.194   25181-25181   C03934/io.lega...os/AceUIEvent  io.legado.hos         I     [(100000:100000:scope)] TpFlush end by up event
06-25 13:55:04.195   25181-25181   C0391E/io.lega...os/AceGesture  io.legado.hos         I     [(100000:100000:scope)] Click try accept Scroll
06-25 13:55:04.195   25181-25181   C0390B/io.lega...AceScrollable  io.legado.hos         I     [(100000:100000:scope)] Scrollable GestureJudge:0, 0
06-25 13:55:04.195   25181-25181   C0391E/io.lega...os/AceGesture  io.legado.hos         I     [(100000:100000:scope)] Click gesture judge reject
06-25 13:55:04.195   25181-25181   C0391E/io.lega...os/AceGesture  io.legado.hos         I     [(100000:100000:scope)] Click try accept Row
06-25 13:55:04.195   25181-25181   C03951/io.legad...InputKeyFlow  io.legado.hos         I     [(100000:100000:scope)] CLK RACC, T: Row
06-25 13:55:04.196   25181-25181   C02100/io.legado.hos/AI_TEXT    io.legado.hos         I     [(DownloadVoice)]Download Voice start
06-25 13:55:04.196   25181-25181   C02100/io.legado.hos/AI_TEXT    io.legado.hos         I     [(ParseDownloadVoiceParams)]Parse downloadVoice params, argc: 2
06-25 13:55:04.196   25181-25181   C02100/io.legado.hos/AI_TEXT    io.legado.hos         I     [(ParseDownloadVoiceParams)]DownloadParams: [requestId: dl_voice_1_1782366904196, language: zh-CN, person: 1.00, style: ]
06-25 13:55:04.197   25181-25181   C03919/io.lega...InputTracking  io.legado.hos         I     [(100000:100000:scope)] Consumed id:5224512, last id:5224511
06-25 13:55:04.197   25181-25181   C04213/io.legad...InputKeyFlow  io.legado.hos         I     ConsumePointerEventInner: InputId:5224512,wid:5323,pointId:0,srcType:2,rect:[0,0,1320,2120],notify:1
06-25 13:55:04.198   25181-25181   C0390D/io.lega...os/AceOverlay  io.legado.hos         I     [(100000:100000:scope)] Toast node mount to root node
06-25 13:55:04.198   25181-25181   C03900/io.legado.hos/Ace        io.legado.hos         I     [(100000:100000:scope)] Put node level order. nodeId: 277, levelOrder: 0.000000
06-25 13:55:04.198   25181-25181   C0390D/io.lega...os/AceOverlay  io.legado.hos         I     [(100000:100000:scope)] open toast animation enter, containerId:100000
06-25 13:55:04.207   25181-28247   C02100/io.legado.hos/AI_INNER   io.legado.hos         I     [(operator())]Download voice result: 0
06-25 13:55:04.207   25181-28247   C02100/io.legado.hos/AI_INNER   io.legado.hos         I     [(operator())]errorCode: 40000, errorMessage: downloadVoice invalid param
06-25 13:55:04.207   25181-28247   C02100/io.legado.hos/AI_INNER   io.legado.hos         I     [(OnResult)]TtsDownloadAsyncCallback OnResult, result: downloadVoice invalid param
06-25 13:55:04.207   25181-25181   C02100/io.legado.hos/AI_TEXT    io.legado.hos         E     [(DownloadVoiceComplete)]Failed to download voice, code: 40000
06-25 13:55:04.207   25181-25181   C02100/io.legado.hos/AI_COMMON  io.legado.hos         E     [(CreateEngineErrorByCallback)][E] Failed to create engine [callback]
06-25 13:55:04.207   25181-25181   A03D00/io.legado.hos/JSAPP      io.legado.hos         W     [TTS] downloadVoice error: code=1002300009 msg=downloadVoice invalid param
06-25 13:55:04.207   25181-25181   A03D00/io.legado.hos/JSAPP      io.legado.hos         W     [Read] downloadVoice failed: {}
06-25 13:55:04.207   25181-25181   C03900/io.legado.hos/Ace        io.legado.hos         I     [(100000:100000:scope)] Pop node level order. nodeId: 277, levelOrder: 0.000000
06-25 13:55:04.208   25181-25181   C0390D/io.lega...os/AceOverlay  io.legado.hos         I     [(100000:100000:scope)] Toast node mount to root node
06-25 13:55:04.208   25181-25181   C03900/io.legado.hos/Ace        io.legado.hos         I     [(100000:100000:scope)] Put node level order. nodeId: 279, levelOrder: 0.000000
06-25 13:55:04.208   25181-25181   C0390D/io.lega...os/AceOverlay  io.legado.hos         I     [(100000:100000:scope)] open toast animation enter, containerId:100000
06-25 13:55:05.249   25181-28246   C02B82/io.lega...AudioLogUtils  io.legado.hos         W     [ProcessVolumeData][[123199]RendererInClient] not slient 87frames change to slient
06-25 13:55:05.529   25181-28246   C02B82/io.lega...AudioLogUtils  io.legado.hos         W     [ProcessVolumeData][[123199]RendererInClient] slient 13frames change to not slient
06-25 13:55:05.697   25181-25314   C03F00/io.legado.hos/ArkEtsVm   io.legado.hos         I     [nodict][a92ab1c2b82ff32 0 0]gc: App cold start finished
06-25 13:55:05.989   25181-28246   C02B82/io.lega...AudioLogUtils  io.legado.hos         W     [ProcessVolumeData][[123199]RendererInClient] not slient 27frames change to slient
06-25 13:55:06.089   25181-28246   C02B82/io.lega...AudioLogUtils  io.legado.hos         W     [ProcessVolumeData][[123199]RendererInClient] slient 1frames change to not slient
06-25 13:55:06.089   25181-28246   C02B82/io.lega...AudioLogUtils  io.legado.hos         W     [ProcessVolumeData][[123199]RendererInClient] not slient 1frames change to slient
06-25 13:55:06.089   25181-28246   C02B82/io.lega...AudioLogUtils  io.legado.hos         W     [ProcessVolumeData][[123199]RendererInClient] slient 2frames change to not slient
06-25 13:55:07.318   25181-25181   C0390D/io.lega...os/AceOverlay  io.legado.hos         I     [(100000:100000:scope)] pop toast enter
06-25 13:55:07.319   25181-25181   C03900/io.legado.hos/Ace        io.legado.hos         I     [(100000:100000:scope)] Pop node level order. nodeId: 279, levelOrder: 0.000000
06-25 13:55:07.432   25181-25181   C0390D/io.lega...os/AceOverlay  io.legado.hos         I     [(100000:100000:scope)] toast remove from root
06-25 13:55:07.949   25181-28246   C02B82/io.lega...AudioLogUtils  io.legado.hos         I     [IncSoundData][[123199]RendererInClient] MONO = 2094, counts: 100
06-25 13:55:08.010   25181-28246   C02B82/io.lega...AudioLogUtils  io.legado.hos         W     [ProcessVolumeData][[123199]RendererInClient] not slient 106frames change to slient
06-25 13:55:08.229   25181-28246   C02B82/io.lega...AudioLogUtils  io.legado.hos         W     [ProcessVolumeData][[123199]RendererInClient] slient 9frames change to not slient
06-25 13:55:10.092   25181-28246   C02B82/io.lega...AudioLogUtils  io.legado.hos         I     [IncSoundData][[123199]RendererInClient] MONO = 3319, counts: 100
06-25 13:55:10.552   25181-28246   C02B82/io.lega...AudioLogUtils  io.legado.hos         W     [ProcessVolumeData][[123199]RendererInClient] not slient 124frames change to slient
06-25 13:55:10.729   25181-28246   C02B82/io.lega...AudioLogUtils  io.legado.hos         W     [ProcessVolumeData][[123199]RendererInClient] slient 9frames change to not slient
06-25 13:55:12.593   25181-28246   C02B82/io.lega...AudioLogUtils  io.legado.hos         I     [IncSoundData][[123199]RendererInClient] MONO = 621, counts: 100
06-25 13:55:12.690   25181-28246   C02B82/io.lega...AudioLogUtils  io.legado.hos         W     [ProcessVolumeData][[123199]RendererInClient] not slient 104frames change to slient
06-25 13:55:12.971   25181-28246   C02B82/io.lega...AudioLogUtils  io.legado.hos         W     [ProcessVolumeData][[123199]RendererInClient] slient 16frames change to not slient
06-25 13:55:14.791   25181-28246   C02B82/io.lega...AudioLogUtils  io.legado.hos         I     [IncSoundData][[123199]RendererInClient] MONO = 1173, counts: 100
06-25 13:55:15.072   25181-28246   C02B82/io.lega...AudioLogUtils  io.legado.hos         W     [ProcessVolumeData][[123199]RendererInClient] not slient 117frames change to slient
06-25 13:55:15.290   25181-28246   C02B82/io.lega...AudioLogUtils  io.legado.hos         W     [ProcessVolumeData][[123199]RendererInClient] slient 9frames change to not slient
06-25 13:55:17.153   25181-28246   C02B82/io.lega...AudioLogUtils  io.legado.hos         I     [IncSoundData][[123199]RendererInClient] MONO = 3597, counts: 100
06-25 13:55:18.252   25181-28246   C02B82/io.lega...AudioLogUtils  io.legado.hos         W     [ProcessVolumeData][[123199]RendererInClient] not slient 158frames change to slient
06-25 13:55:18.453   25181-28246   C02B82/io.lega...AudioLogUtils  io.legado.hos         W     [ProcessVolumeData][[123199]RendererInClient] slient 10frames change to not slient
06-25 13:55:19.192   25181-28246   C02B82/io.lega...AudioLogUtils  io.legado.hos         W     [ProcessVolumeData][[123199]RendererInClient] not slient 41frames change to slient
06-25 13:55:19.473   25181-28246   C02B82/io.lega...AudioLogUtils  io.legado.hos         W     [ProcessVolumeData][[123199]RendererInClient] slient 14frames change to not slient
06-25 13:55:21.132   25181-28246   C02B82/io.lega...AudioLogUtils  io.legado.hos         W     [ProcessVolumeData][[123199]RendererInClient] not slient 92frames change to slient
06-25 13:55:21.412   25181-28246   C02B82/io.lega...AudioLogUtils  io.legado.hos         W     [ProcessVolumeData][[123199]RendererInClient] slient 15frames change to not slient
06-25 13:55:22.613   25181-28246   C02B82/io.lega...AudioLogUtils  io.legado.hos         W     [ProcessVolumeData][[123199]RendererInClient] not slient 67frames change to slient
06-25 13:55:22.871   25181-28246   C02B82/io.lega...AudioLogUtils  io.legado.hos         W     [ProcessVolumeData][[123199]RendererInClient] slient 15frames change to not slient
06-25 13:55:24.749   25181-28246   C02B82/io.lega...AudioLogUtils  io.legado.hos         I     [IncSoundData][[123199]RendererInClient] MONO = 839, counts: 100
06-25 13:55:26.152   25181-28246   C02B82/io.lega...AudioLogUtils  io.legado.hos         W     [ProcessVolumeData][[123199]RendererInClient] not slient 173frames change to slient
06-25 13:55:26.329   25181-28246   C02B82/io.lega...AudioLogUtils  io.legado.hos         W     [ProcessVolumeData][[123199]RendererInClient] slient 9frames change to not slient
06-25 13:55:26.407   25181-25181   C02805/io.legad...InputKeyFlow  io.legado.hos         I     [P:D:5224513|247]ac: down: 5224513
06-25 13:55:26.407   25181-25181   C02805/io.legad...InputKeyFlow  io.legado.hos         I     [P:D:5224513|649]recv
06-25 13:55:26.407   25181-25181   C04213/io.legad...InputKeyFlow  io.legado.hos         I     HandleInputEvent: eid:28,InputId:5224513,wid:5323,ac:2
06-25 13:55:26.407   25181-25181   C03951/io.legad...InputKeyFlow  io.legado.hos         I     [(100000:100000:scope)] ITK Id:5224513, fId:0, T:0, I=0, M=0
06-25 13:55:26.408   25181-25181   C03951/io.legad...InputKeyFlow  io.legado.hos         I     [(100000:100000:scope)] ITK Id:5224513, TTHNI:fId: 0{ T: Button, D: 12 };
06-25 13:55:26.408   25181-25181   C03951/io.legad...InputKeyFlow  io.legado.hos         I     [(100000:100000:scope)] ITK Id:5224513, TTHRTI: T ClickRecognizer info: { T: Button };
06-25 13:55:26.409   25181-25181   C03945/io.lega...AceStateStyle  io.legado.hos         I     [(100000:100000:scope)] Handle TouchDown event node: Button
06-25 13:55:26.409   25181-25181   C03919/io.lega...InputTracking  io.legado.hos         I     [(100000:100000:scope)] Consumed id:5224513, last id:5224511
06-25 13:55:26.409   25181-25181   C04213/io.legad...InputKeyFlow  io.legado.hos         I     ConsumePointerEventInner: InputId:5224513,wid:5323,pointId:0,srcType:2,rect:[0,0,1320,2120],notify:1
06-25 13:55:26.412   25181-25181   C02805/io.legad...InputKeyFlow  io.legado.hos         I     [P:M:5224514|247]ac: move: 5224514
06-25 13:55:26.474   25181-25181   C02805/io.legad...InputKeyFlow  io.legado.hos         I     [P:U:5224523|247]ac: move, first: 5224515-(2026-06-25 13:55:26.415ms), 5224522, count: 8, last: ac: up: 5224523
06-25 13:55:26.474   25181-25181   C02805/io.legad...InputKeyFlow  io.legado.hos         I     [P:U:5224523|649]recv
06-25 13:55:26.474   25181-25181   C04213/io.legad...InputKeyFlow  io.legado.hos         I     HandleInputEvent: eid:29,InputId:5224523,wid:5323,ac:4
06-25 13:55:26.475   25181-25181   C03951/io.legad...InputKeyFlow  io.legado.hos         I     [(100000:100000:scope)] ITK Id:5224523, fId:0, T:1, I=0, M=0
06-25 13:55:26.475   25181-25181   C03934/io.lega...os/AceUIEvent  io.legado.hos         I     [(100000:100000:scope)] TpFlush end by up event
06-25 13:55:26.475   25181-25181   C03945/io.lega...AceStateStyle  io.legado.hos         I     [(100000:100000:scope)] Handle TouchUp or Cancel event node: Button
06-25 13:55:26.475   25181-25181   C0391E/io.lega...os/AceGesture  io.legado.hos         I     [(100000:100000:scope)] Click try accept Button
06-25 13:55:26.475   25181-25181   C03951/io.legad...InputKeyFlow  io.legado.hos         I     [(100000:100000:scope)] CLK RACC, T: Button
06-25 13:55:26.476   25181-25181   C03919/io.lega...InputTracking  io.legado.hos         I     [(100000:100000:scope)] Consumed id:5224523, last id:5224522
06-25 13:55:26.476   25181-25181   C04213/io.legad...InputKeyFlow  io.legado.hos         I     ConsumePointerEventInner: InputId:5224523,wid:5323,pointId:0,srcType:2,rect:[0,0,1320,2120],notify:1
06-25 13:55:27.309   25181-25181   C02805/io.legad...InputKeyFlow  io.legado.hos         I     [P:D:5224524|247]ac: down: 5224524
06-25 13:55:27.309   25181-25181   C02805/io.legad...InputKeyFlow  io.legado.hos         I     [P:D:5224524|649]recv
06-25 13:55:27.309   25181-25181   C04213/io.legad...InputKeyFlow  io.legado.hos         I     HandleInputEvent: eid:30,InputId:5224524,wid:5323,ac:2
06-25 13:55:27.310   25181-25181   C03951/io.legad...InputKeyFlow  io.legado.hos         I     [(100000:100000:scope)] ITK Id:5224524, fId:0, T:0, I=0, M=0
06-25 13:55:27.310   25181-25181   C03951/io.legad...InputKeyFlow  io.legado.hos         I     [(100000:100000:scope)] ITK Id:5224524, TTHNI:fId: 0{ T: Scroll, D: 12 };
06-25 13:55:27.310   25181-25181   C03951/io.legad...InputKeyFlow  io.legado.hos         I     [(100000:100000:scope)] ITK Id:5224524, TTHRTI: T ClickRecognizer info: { T: Scroll }; { T: Row };T PanRecognizer info: { T: Scroll };
