06-25 13:56:21.530   25181-28246   C02B82/io.lega...AudioLogUtils  io.legado.hos         I     [IncSoundData][[123199]RendererInClient] MONO = 247, counts: 100
06-25 13:56:22.271   25181-28246   C02B82/io.lega...AudioLogUtils  io.legado.hos         W     [ProcessVolumeData][[123199]RendererInClient] not slient 139frames change to slient
06-25 13:56:22.451   25181-28246   C02B82/io.lega...AudioLogUtils  io.legado.hos         W     [ProcessVolumeData][[123199]RendererInClient] slient 10frames change to not slient
06-25 13:56:23.850   25181-28246   C02B82/io.lega...AudioLogUtils  io.legado.hos         W     [ProcessVolumeData][[123199]RendererInClient] not slient 72frames change to slient
06-25 13:56:24.133   25181-28246   C02B82/io.lega...AudioLogUtils  io.legado.hos         W     [ProcessVolumeData][[123199]RendererInClient] slient 15frames change to not slient
06-25 13:56:25.889   25181-28246   C02B82/io.lega...AudioLogUtils  io.legado.hos         I     [IncSoundData][[123199]RendererInClient] MONO = 889, counts: 100
06-25 13:56:26.270   25181-28246   C02B82/io.lega...AudioLogUtils  io.legado.hos         W     [ProcessVolumeData][[123199]RendererInClient] not slient 117frames change to slient
06-25 13:56:26.450   25181-28246   C02B82/io.lega...AudioLogUtils  io.legado.hos         W     [ProcessVolumeData][[123199]RendererInClient] slient 9frames change to not slient
06-25 13:56:27.290   25181-28246   C02B82/io.lega...AudioLogUtils  io.legado.hos         W     [ProcessVolumeData][[123199]RendererInClient] not slient 44frames change to slient
06-25 13:56:27.290   25181-28246   C02B82/io.lega...AudioLogUtils  io.legado.hos         W     [ProcessVolumeData][[123199]RendererInClient] slient 1frames change to not slient
06-25 13:56:28.591   25181-28246   C02B82/io.lega...AudioLogUtils  io.legado.hos         W     [ProcessVolumeData][[123199]RendererInClient] not slient 70frames change to slient
06-25 13:56:28.692   25181-28246   C02B82/io.lega...AudioLogUtils  io.legado.hos         W     [ProcessVolumeData][[123199]RendererInClient] slient 8frames change to not slient
06-25 13:56:30.530   25181-28246   C02B82/io.lega...AudioLogUtils  io.legado.hos         I     [IncSoundData][[123199]RendererInClient] MONO = 152, counts: 100
06-25 13:56:31.293   25181-28246   C02B82/io.lega...AudioLogUtils  io.legado.hos         W     [ProcessVolumeData][[123199]RendererInClient] not slient 139frames change to slient
06-25 13:56:31.471   25181-28246   C02B82/io.lega...AudioLogUtils  io.legado.hos         W     [ProcessVolumeData][[123199]RendererInClient] slient 9frames change to not slient
06-25 13:56:33.332   25181-28246   C02B82/io.lega...AudioLogUtils  io.legado.hos         I     [IncSoundData][[123199]RendererInClient] MONO = 2182, counts: 100
06-25 13:56:33.510   25181-28246   C02B82/io.lega...AudioLogUtils  io.legado.hos         W     [ProcessVolumeData][[123199]RendererInClient] not slient 109frames change to slient
06-25 13:56:33.692   25181-28246   C02B82/io.lega...AudioLogUtils  io.legado.hos         W     [ProcessVolumeData][[123199]RendererInClient] slient 9frames change to not slient
06-25 13:56:35.470   25181-28246   C02B82/io.lega...AudioLogUtils  io.legado.hos         I     [IncSoundData][[123199]RendererInClient] MONO = 2403, counts: 100
06-25 13:56:37.231   25181-28246   C02B82/io.lega...AudioLogUtils  io.legado.hos         W     [ProcessVolumeData][[123199]RendererInClient] not slient 194frames change to slient
06-25 13:56:37.509   25181-28246   C02B82/io.lega...AudioLogUtils  io.legado.hos         W     [ProcessVolumeData][[123199]RendererInClient] slient 15frames change to not slient
06-25 13:56:38.755   25181-25347   C04207/io.legado.hos/WMSFocus   io.legado.hos         I     UpdateFocusState: focus: 0, id: 5323
06-25 13:56:38.756   25181-25347   C03900/io.legado.hos/Ace        io.legado.hos         I     [(-1:100000:singleton)] [io.legado.hos][entry][100000]: window unfocus
06-25 13:56:38.756   25181-25347   C04207/io.legado.hos/WMSFocus   io.legado.hos         I     NotifyHighlightChange: windowId: 5323, isHighlight: 0,
06-25 13:56:38.756   25181-25347   C03900/io.legado.hos/Ace        io.legado.hos         I     [(-1:100000:singleton)] [io.legado.hos][entry][100000]:window unactive
06-25 13:56:38.756   25181-25181   C03900/io.legado.hos/Ace        io.legado.hos         I     [(100000:100000:scope)] Update application state , state: ON_INACTIVE
06-25 13:56:38.756   25181-25181   C0391C/io.legado.hos/AceFocus   io.legado.hos         I     [(100000:100000:scope)] Window: 5323 lost focus.
06-25 13:56:38.756   25181-25181   C0391C/io.legado.hos/AceFocus   io.legado.hos         I     [(100000:100000:scope)] Scope(Stack/97) has no last focusNode.
06-25 13:56:38.756   25181-25181   C03900/io.legado.hos/Ace        io.legado.hos         I     [(100000:100000:scope)] Update application state , state: ON_INACTIVE
06-25 13:56:38.764   25181-25347   C01332/io.legado.hos/UIAbility  io.legado.hos         I     [ui_ability_thread.cpp321]name:MainAbility,targeState:6,isNewWant:0
06-25 13:56:38.764   25181-25181   C01332/io.legado.hos/UIAbility  io.legado.hos         I     [ui_ability_thread.cpp240]Lifecycle:name MainAbility
06-25 13:56:38.764   25181-25181   C0420A/io.legado.hos/WMSLife    io.legado.hos         I     GoPause: in
06-25 13:56:38.764   25181-25181   C0420A/io.legado.hos/WMSLife    io.legado.hos         I     Pause: in, isColdStart: 0
06-25 13:56:38.764   25181-25181   C0420A/io.legado.hos/WMSLife    io.legado.hos         I     NotifyAfterLifecyclePaused: in
06-25 13:56:38.764   25181-25181   C01332/io.legado.hos/UIAbility  io.legado.hos         I     [JUA2015]JsUIAbility call js, name: onWillBackground
06-25 13:56:38.764   25181-25181   C01332/io.legado.hos/UIAbility  io.legado.hos         I     [JUA2060]end, name: onWillBackground, time: 0
06-25 13:56:38.764   25181-25181   C01332/io.legado.hos/UIAbility  io.legado.hos         I     [JUA2015]JsUIAbility call js, name: onBackground
06-25 13:56:38.764   25181-25181   A03D00/io.legado.hos/JSAPP      io.legado.hos         I     [MainAbility] onBackground
06-25 13:56:38.764   25181-25181   C01332/io.legado.hos/UIAbility  io.legado.hos         I     [JUA2060]end, name: onBackground, time: 0
06-25 13:56:38.764   25181-25181   C04202/io.legado.hos/WMSMain    io.legado.hos         I     GoBackground: reason: 4
06-25 13:56:38.764   25181-25181   C0420A/io.legado.hos/WMSLife    io.legado.hos         I     Hide: Window hide [id:5323, type: 1, reason:4, state:2, requestState:2
06-25 13:56:38.764   25181-25181   C0420A/io.legado.hos/WMSLife    io.legado.hos         W     GetAttachStateSyncResult: lifecycleCallback is null
06-25 13:56:38.764   25181-25181   C01332/io.legado.hos/UIAbility  io.legado.hos         I     [ui_ability_impl.cpp478]wnd call, AfterBackground
06-25 13:56:38.765   25181-25181   C03900/io.legado.hos/Ace        io.legado.hos         I     [(-2:100000:singleton)] [io.legado.hos][entry][100000]: window background
06-25 13:56:38.765   25181-25181   C03900/io.legado.hos/Ace        io.legado.hos         I     [(100000:100000:scope)] Update application state , state: ON_HIDE
06-25 13:56:38.765   25181-25181   C03922/io.lega...AceNavigation  io.legado.hos         I     [(100000:100000:scope)] can't find inner navigation
06-25 13:56:38.765   25181-25181   C03F00/io.lega...s/ArkCompiler  io.legado.hos         I     [gc] HintGC degree:0 reason:Trigger by ArkUI
06-25 13:56:38.765   25181-25181   C01406/io.legado.hos/OHOS::RS   io.legado.hos         I     RSSurfaceNode::SetAbilityState, surfaceNodeId:[108151571480578], ability state: background
06-25 13:56:38.765   25181-25181   C04202/io.legado.hos/WMSMain    io.legado.hos         I     SetFrameRateLinkerEnable: rate 0, linkerId 108151571480576
06-25 13:56:38.769   25181-25353   C0420A/io.legado.hos/WMSLife    io.legado.hos         I     NotifyLifecyclePausedStatus: in
06-25 13:56:38.769   25181-25353   C0420A/io.legado.hos/WMSLife    io.legado.hos         I     NotifyAfterLifecyclePaused: in
06-25 13:56:38.769   25181-25353   C0420A/io.legado.hos/WMSLife    io.legado.hos         I     NotifyAfterLifecyclePaused: window has been in noninteractive status
06-25 13:56:38.769   25181-25181   C0420A/io.legado.hos/WMSLife    io.legado.hos         I     NotifyAfterDidBackground: reason: 4
06-25 13:56:38.769   25181-25181   C04208/io.legado.hos/WMSLayout  io.legado.hos         I     NotifyWindowStatusChange: id:5323, windowMode:1, windowStatus:3, lastWindowStatus:1, skipRedundantWindowStatusNotifications:0
06-25 13:56:38.769   25181-25181   C04208/io.legado.hos/WMSLayout  io.legado.hos         I     NotifyWindowStatusDidChange: Id:5323, WindowMode:1, windowStatus:3, lastWindowStatus:1, listenerSize:0, rect:[0 0 1320 2120]
06-25 13:56:38.769   25181-25181   C0420A/io.legado.hos/WMSLife    io.legado.hos         I     Hide: Window hide end, id:5323, type: 1
06-25 13:56:38.770   25181-25181   C02D07/io.lega...s/ObserverMgr  io.legado.hos         I     start to handle background
06-25 13:56:38.771   25181-25181   C0420A/io.legado.hos/WMSLife    io.legado.hos         I     NotifyAfterDidBackground execute
06-25 13:56:38.771   25181-25181   C01332/io.legado.hos/UIAbility  io.legado.hos         I     [JUA2015]JsUIAbility call js, name: onDidBackground
06-25 13:56:38.771   25181-25181   C01332/io.legado.hos/UIAbility  io.legado.hos         I     [JUA2060]end, name: onDidBackground, time: 0
06-25 13:56:38.771   25181-25181   C0391D/io.legado.hos/AceMouse   io.legado.hos         I     [(100000:100000:scope)] VsyncMouseFormat mouseFormat_ and lastVsyncMouseFormat_ = 0 is same.
06-25 13:56:38.951   25181-25181   C01317/io.legado.hos/AppKit     io.legado.hos         I     [MTHRD2862]start
06-25 13:56:38.951   25181-25181   C02100/io.legado.hos/AI_INNER   io.legado.hos         E     [(NotifyApplicationBackground)]TTSStateObserver--OnPageHide
06-25 13:56:38.951   25181-25181   C02100/io.legado.hos/AI_TEXT    io.legado.hos         I     [(OnPageHide)]TtsStopFrameExecInner start
06-25 13:56:38.951   25181-25181   C02100/io.legado.hos/AI_INNER   io.legado.hos         I     [(RunEngineInner)]tts run engine inner start
06-25 13:56:38.951   25181-25181   C02100/io.legado.hos/AI_INNER   io.legado.hos         I     [(LogMessage)]name:[] apiCode:[3] online:[1.000000] en
06-25 13:56:38.951   25181-25181   C02100/io.legado.hos/AI_INNER   io.legado.hos         I     [(RunEngineInner)]offline
06-25 13:56:38.951   25181-25181   C02100/io.legado.hos/AI_INNER   io.legado.hos         I     [(ProcessRequest)]apiCode is:3
06-25 13:56:38.951   25181-25181   C02100/io.legado.hos/AI_INNER   io.legado.hos         I     [(RunCapabilityInner)]send ipc request result: 0
06-25 13:56:38.951   25181-25181   C02100/io.legado.hos/AI_INNER   io.legado.hos         I     [(OnResult)]set result value success!
06-25 13:56:38.951   25181-25181   C03F00/io.lega...s/ArkCompiler  io.legado.hos         I     [gc] app is inBackground
06-25 13:56:38.951   25181-25181   C03F01/io.legado.hos/NAPI       io.legado.hos         I     [StopIdleMonitorTimerTask] Get timerMutex_
06-25 13:56:38.966   25181-25353   C02B83/io.lega...AudioRenderer  io.legado.hos         I     [Mute]StreamClientState for Renderer::Mute for background control. id: 123199
06-25 13:56:38.966   25181-25353   C02B86/io.lega...ntInnerPublic  io.legado.hos         I     [SetMute]sessionId:123199 SetMute:1
06-25 13:56:38.998   25181-25353   C02100/io.legado.hos/AI_INNER   io.legado.hos         I     [(OnRemoteRequest)]onRemoteRequest, code = 6 [onStop]
06-25 13:56:38.998   25181-25353   C02100/io.legado.hos/AI_INNER   io.legado.hos         I     [(OnResult)]onResult code: 6, req id: tts_4, res: {"type":1,"msg":"stop success"}
06-25 13:56:38.998   25181-25353   C02100/io.legado.hos/AI_INNER   io.legado.hos         I     [(GetEngineByName)]GetEngineByName get rw_lock, map size: 0, engineName:
06-25 13:56:38.999   25181-25181   A03D00/io.legado.hos/JSAPP      io.legado.hos         I     [TTS] onStop
06-25 13:56:39.372   25181-28246   C02B82/io.lega...AudioLogUtils  io.legado.hos         I     [IncSoundData][[123199]RendererInClient] MONO = 192, counts: 100
06-25 13:56:40.006   25181-30293   C03F01/io.legado.hos/NAPI       io.legado.hos         I     [ReportDataToRSS] ArkIdleMonitor: ReportDataToRSS 0, pid: 25181, bundleName: io.legado.hos
06-25 13:56:40.012   25181-25181   C03F01/io.legado.hos/NAPI       io.legado.hos         I     [ReportDataToRSS] ArkIdleMonitor: ReportDataToRSS 1, pid: 25181, bundleName: io.legado.hos
06-25 13:56:40.672   25181-28246   C02B82/io.lega...AudioLogUtils  io.legado.hos         W     [ProcessVolumeData][[123199]RendererInClient] not slient 166frames change to slient
06-25 13:56:40.752   25181-28246   C02B82/io.lega...AudioLogUtils  io.legado.hos         W     [ProcessVolumeData][[123199]RendererInClient] slient 8frames change to not slient
06-25 13:56:41.973   25181-28246   C02B82/io.lega...AudioLogUtils  io.legado.hos         W     [ProcessVolumeData][[123199]RendererInClient] not slient 62frames change to slient
06-25 13:56:41.973   25181-28246   C02B82/io.lega...AudioLogUtils  io.legado.hos         W     [ProcessVolumeData][[123199]RendererInClient] slient 1frames change to not slient
06-25 13:56:41.973   25181-28246   C02B82/io.lega...AudioLogUtils  io.legado.hos         W     [ProcessVolumeData][[123199]RendererInClient] not slient 3frames change to slient
06-25 13:56:42.052   25181-28246   C02B82/io.lega...AudioLogUtils  io.legado.hos         W     [ProcessVolumeData][[123199]RendererInClient] slient 1frames change to not slient
06-25 13:56:43.814   25181-28246   C02B82/io.lega...AudioLogUtils  io.legado.hos         I     [IncSoundData][[123199]RendererInClient] MONO = 1457, counts: 100
06-25 13:56:44.091   25181-28246   C02B82/io.lega...AudioLogUtils  io.legado.hos         W     [ProcessVolumeData][[123199]RendererInClient] not slient 111frames change to slient
06-25 13:56:44.374   25181-28246   C02B82/io.lega...AudioLogUtils  io.legado.hos         W     [ProcessVolumeData][[123199]RendererInClient] slient 15frames change to not slient
06-25 13:56:46.230   25181-28246   C02B82/io.lega...AudioLogUtils  io.legado.hos         I     [IncSoundData][[123199]RendererInClient] MONO = 1893, counts: 100
06-25 13:56:47.534   25181-28246   C02B82/io.lega...AudioLogUtils  io.legado.hos         W     [ProcessVolumeData][[123199]RendererInClient] not slient 171frames change to slient
06-25 13:56:47.731   25181-28246   C02B82/io.lega...AudioLogUtils  io.legado.hos         W     [ProcessVolumeData][[123199]RendererInClient] slient 10frames change to not slient
06-25 13:56:49.573   25181-28246   C02B82/io.lega...AudioLogUtils  io.legado.hos         I     [IncSoundData][[123199]RendererInClient] MONO = 1910, counts: 100
06-25 13:56:50.334   25181-28246   C02B82/io.lega...AudioLogUtils  io.legado.hos         W     [ProcessVolumeData][[123199]RendererInClient] not slient 139frames change to slient
06-25 13:56:50.414   25181-28246   C02B82/io.lega...AudioLogUtils  io.legado.hos         W     [ProcessVolumeData][[123199]RendererInClient] slient 6frames change to not slient
06-25 13:56:50.695   25181-28246   C02B82/io.lega...AudioLogUtils  io.legado.hos         W     [ProcessVolumeData][[123199]RendererInClient] not slient 14frames change to slient
06-25 13:56:50.695   25181-28246   C02B82/io.lega...AudioLogUtils  io.legado.hos         W     [ProcessVolumeData][[123199]RendererInClient] slient 3frames change to not slient
06-25 13:56:52.453   25181-28246   C02B82/io.lega...AudioLogUtils  io.legado.hos         W     [ProcessVolumeData][[123199]RendererInClient] not slient 92frames change to slient
06-25 13:56:52.715   25181-28246   C02B82/io.lega...AudioLogUtils  io.legado.hos         W     [ProcessVolumeData][[123199]RendererInClient] slient 16frames change to not slient
06-25 13:56:54.597   25181-28246   C02B82/io.lega...AudioLogUtils  io.legado.hos         I     [IncSoundData][[123199]RendererInClient] MONO = 3979, counts: 100
06-25 13:56:56.173   25181-28246   C02B82/io.lega...AudioLogUtils  io.legado.hos         W     [ProcessVolumeData][[123199]RendererInClient] not slient 186frames change to slient
06-25 13:56:56.451   25181-28246   C02B82/io.lega...AudioLogUtils  io.legado.hos         W     [ProcessVolumeData][[123199]RendererInClient] slient 15frames change to not slient
06-25 13:56:58.315   25181-28246   C02B82/io.lega...AudioLogUtils  io.legado.hos         I     [IncSoundData][[123199]RendererInClient] MONO = 2884, counts: 100
06-25 13:56:58.493   25181-28246   C02B82/io.lega...AudioLogUtils  io.legado.hos         W     [ProcessVolumeData][[123199]RendererInClient] not slient 107frames change to slient
06-25 13:56:58.596   25181-28246   C02B82/io.lega...AudioLogUtils  io.legado.hos         W     [ProcessVolumeData][[123199]RendererInClient] slient 9frames change to not slient
06-25 13:57:00.453   25181-28246   C02B82/io.lega...AudioLogUtils  io.legado.hos         I     [IncSoundData][[123199]RendererInClient] MONO = 3289, counts: 100
06-25 13:57:01.295   25181-28246   C02B82/io.lega...AudioLogUtils  io.legado.hos         W     [ProcessVolumeData][[123199]RendererInClient] not slient 143frames change to slient
06-25 13:57:01.473   25181-28246   C02B82/io.lega...AudioLogUtils  io.legado.hos         W     [ProcessVolumeData][[123199]RendererInClient] slient 8frames change to not slient
06-25 13:57:02.394   25181-28246   C02B82/io.lega...AudioLogUtils  io.legado.hos         W     [ProcessVolumeData][[123199]RendererInClient] not slient 53frames change to slient
06-25 13:57:02.675   25181-28246   C02B82/io.lega...AudioLogUtils  io.legado.hos         W     [ProcessVolumeData][[123199]RendererInClient] slient 12frames change to not slient
06-25 13:57:03.055   25181-28246   C02B82/io.lega...AudioLogUtils  io.legado.hos         W     [ProcessVolumeData][[123199]RendererInClient] not slient 24frames change to slient
06-25 13:57:03.133   25181-28246   C02B82/io.lega...AudioLogUtils  io.legado.hos         W     [ProcessVolumeData][[123199]RendererInClient] slient 3frames change to not slient
06-25 13:57:04.977   25181-28246   C02B82/io.lega...AudioLogUtils  io.legado.hos         I     [IncSoundData][[123199]RendererInClient] MONO = 418, counts: 100
06-25 13:57:05.996   25181-28246   C02B82/io.lega...AudioLogUtils  io.legado.hos         W     [ProcessVolumeData][[123199]RendererInClient] not slient 156frames change to slient
06-25 13:57:06.274   25181-28246   C02B82/io.lega...AudioLogUtils  io.legado.hos         W     [ProcessVolumeData][[123199]RendererInClient] slient 16frames change to not slient
06-25 13:57:06.777   25181-28246   C02B82/io.lega...AudioLogUtils  io.legado.hos         W     [ProcessVolumeData][[123199]RendererInClient] not slient 25frames change to slient
06-25 13:57:06.855   25181-28246   C02B82/io.lega...AudioLogUtils  io.legado.hos         W     [ProcessVolumeData][[123199]RendererInClient] slient 1frames change to not slient
06-25 13:57:07.976   25181-28246   C02B82/io.lega...AudioLogUtils  io.legado.hos         W     [ProcessVolumeData][[123199]RendererInClient] not slient 60frames change to slient
06-25 13:57:08.254   25181-28246   C02B82/io.lega...AudioLogUtils  io.legado.hos         W     [ProcessVolumeData][[123199]RendererInClient] slient 16frames change to not slient
06-25 13:57:08.995   25181-28246   C02B86/io.lega...InClientInner  io.legado.hos         W     [ReportWriteMuteEvent][123199]MutePlaying for 30005 ms, muteState:5
06-25 13:57:09.734   25181-28246   C02B82/io.lega...AudioLogUtils  io.legado.hos         W     [ProcessVolumeData][[123199]RendererInClient] not slient 79frames change to slient
06-25 13:57:09.836   25181-28246   C02B82/io.lega...AudioLogUtils  io.legado.hos         W     [ProcessVolumeData][[123199]RendererInClient] slient 9frames change to not slient
06-25 13:57:11.415   25181-28246   C02B82/io.lega...AudioLogUtils  io.legado.hos         W     [ProcessVolumeData][[123199]RendererInClient] not slient 84frames change to slient
06-25 13:57:11.592   25181-28246   C02B82/io.lega...AudioLogUtils  io.legado.hos         W     [ProcessVolumeData][[123199]RendererInClient] slient 8frames change to not slient
06-25 13:57:13.452   25181-28246   C02B82/io.lega...AudioLogUtils  io.legado.hos         I     [IncSoundData][[123199]RendererInClient] MONO = 423, counts: 100
06-25 13:57:13.914   25181-28246   C02B82/io.lega...AudioLogUtils  io.legado.hos         W     [ProcessVolumeData][[123199]RendererInClient] not slient 128frames change to slient
06-25 13:57:14.288   25181-25181   A03D00/io.legado.hos/JSAPP      io.legado.hos         I     [TTS] playback finished
06-25 13:57:14.305   25181-25181   A03D00/io.legado.hos/JSAPP      io.legado.hos         I     [TTS] playback finished
06-25 13:57:14.316   25181-25181   A03D00/io.legado.hos/JSAPP      io.legado.hos         I     [TTS] playback finished
06-25 13:57:14.327   25181-25181   A03D00/io.legado.hos/JSAPP      io.legado.hos         I     [TTS] playback finished
06-25 13:57:14.338   25181-25181   A03D00/io.legado.hos/JSAPP      io.legado.hos         I     [TTS] playback finished
06-25 13:57:14.349   25181-25181   A03D00/io.legado.hos/JSAPP      io.legado.hos         I     [TTS] playback finished
06-25 13:57:14.360   25181-25181   A03D00/io.legado.hos/JSAPP      io.legado.hos         I     [TTS] playback finished
06-25 13:57:14.371   25181-25181   A03D00/io.legado.hos/JSAPP      io.legado.hos         I     [TTS] playback finished
06-25 13:57:14.371   25181-28246   C02B86/io.lega...InClientInner  io.legado.hos         W     [ProcessWriteInner]1st or 200 times INVALID buffer
06-25 13:57:14.382   25181-25181   A03D00/io.legado.hos/JSAPP      io.legado.hos         I     [TTS] playback finished
06-25 13:57:14.393   25181-25181   A03D00/io.legado.hos/JSAPP      io.legado.hos         I     [TTS] playback finished
06-25 13:57:14.404   25181-25181   A03D00/io.legado.hos/JSAPP      io.legado.hos         I     [TTS] playback finished
06-25 13:57:14.415   25181-25181   A03D00/io.legado.hos/JSAPP      io.legado.hos         I     [TTS] playback finished
06-25 13:57:14.426   25181-25181   A03D00/io.legado.hos/JSAPP      io.legado.hos         I     [TTS] playback finished
06-25 13:57:14.437   25181-25181   A03D00/io.legado.hos/JSAPP      io.legado.hos         I     [TTS] playback finished
06-25 13:57:14.447   25181-25181   A03D00/io.legado.hos/JSAPP      io.legado.hos         I     [TTS] playback finished
06-25 13:57:14.458   25181-25181   A03D00/io.legado.hos/JSAPP      io.legado.hos         I     [TTS] playback finished
06-25 13:57:14.469   25181-25181   A03D00/io.legado.hos/JSAPP      io.legado.hos         I     [TTS] playback finished
06-25 13:57:14.480   25181-25181   A03D00/io.legado.hos/JSAPP      io.legado.hos         I     [TTS] playback finished
06-25 13:57:14.490   25181-25181   A03D00/io.legado.hos/JSAPP      io.legado.hos         I     [TTS] playback finished
06-25 13:57:14.501   25181-25181   A03D00/io.legado.hos/JSAPP      io.legado.hos         I     [TTS] playback finished
06-25 13:57:14.512   25181-25181   A03D00/io.legado.hos/JSAPP      io.legado.hos         I     [TTS] playback finished
06-25 13:57:14.523   25181-25181   A03D00/io.legado.hos/JSAPP      io.legado.hos         I     [TTS] playback finished
06-25 13:57:14.533   25181-25181   A03D00/io.legado.hos/JSAPP      io.legado.hos         I     [TTS] playback finished
06-25 13:57:14.544   25181-25181   A03D00/io.legado.hos/JSAPP      io.legado.hos         I     [TTS] playback finished
06-25 13:57:14.555   25181-25181   A03D00/io.legado.hos/JSAPP      io.legado.hos         I     [TTS] playback finished
06-25 13:57:14.566   25181-25181   A03D00/io.legado.hos/JSAPP      io.legado.hos         I     [TTS] playback finished
06-25 13:57:14.577   25181-25181   A03D00/io.legado.hos/JSAPP      io.legado.hos         I     [TTS] playback finished
06-25 13:57:14.588   25181-25181   A03D00/io.legado.hos/JSAPP      io.legado.hos         I     [TTS] playback finished
06-25 13:57:14.604   25181-25181   A03D00/io.legado.hos/JSAPP      io.legado.hos         I     [TTS] speak chunks=2 textLen=496
06-25 13:57:14.605   25181-25181   A03D00/io.legado.hos/JSAPP      io.legado.hos         I     [TTS] synthesize chunk 0 len=300 req=tts_5
06-25 13:57:14.606   25181-25181   C02100/io.legado.hos/AI_TEXT    io.legado.hos         I     [(ParseProperty)]NapiParser::ParseProperty: [supportFeatures] field does not exist, use default
06-25 13:57:14.606   25181-25181   C02100/io.legado.hos/AI_TEXT    io.legado.hos         I     [(ParseProperty)]NapiParser::ParseProperty: [languageContext] field does not exist, use default
06-25 13:57:14.606   25181-25181   C02100/io.legado.hos/AI_TEXT    io.legado.hos         I     [(ParseProperty)]NapiParser::ParseProperty: [audioType] field does not exist, use default
06-25 13:57:14.607   25181-25181   C02100/io.legado.hos/AI_TEXT    io.legado.hos         I     [(ParseProperty)]NapiParser::ParseProperty: [audioChannel] sys app check result = 0
06-25 13:57:14.607   25181-25181   C02100/io.legado.hos/AI_TEXT    io.legado.hos         I     [(ParseProperty)]NapiParser::ParseProperty: [channelType] sys app check result = 0
06-25 13:57:14.607   25181-25181   C02100/io.legado.hos/AI_TEXT    io.legado.hos         I     [(UnwrapEngine)]EngineName: , online: 1.00, isFollowXy: 0
06-25 13:57:14.608   25181-25181   C02100/io.legado.hos/AI_INNER   io.legado.hos         I     [(GetEngineByName)]GetEngineByName get rw_lock, map size: 0, engineName:
06-25 13:57:14.610   25181-25181   C02100/io.legado.hos/AI_INNER   io.legado.hos         I     [(TtsSpeakSendRequest)]tts speak send request start
06-25 13:57:14.612   25181-25181   C02100/io.legado.hos/AI_INNER   io.legado.hos         I     [(RunCapabilityInner)]function callbacked start
06-25 13:57:14.613   25181-25181   C02100/io.legado.hos/AI_INNER   io.legado.hos         I     [(RunCapabilityInner)]send result : 0
06-25 13:57:14.613   25181-25181   C02100/io.legado.hos/AI_INNER   io.legado.hos         I     [(TtsSpeakSendRequest)]tts speak send request completed
06-25 13:57:14.638   25181-25353   C02100/io.legado.hos/AI_INNER   io.legado.hos         I     [(OnRemoteRequest)]onRemoteRequest, code = 2 [onStart]
06-25 13:57:14.638   25181-25353   C02100/io.legado.hos/AI_INNER   io.legado.hos         I     [(OnResult)]onResult code: 2, req id: tts_5, res: {"audioType":"pcm","sampleRate":16000,"sampleBit":16,"audioChannel":3}
06-25 13:57:14.638   25181-25353   C02100/io.legado.hos/AI_INNER   io.legado.hos         I     [(GetEngineByName)]GetEngineByName get rw_lock, map size: 0, engineName:
06-25 13:57:14.639   25181-25181   A03D00/io.legado.hos/JSAPP      io.legado.hos         I     [TTS] onStart
06-25 13:57:14.898   25181-25353   C02100/io.legado.hos/AI_INNER   io.legado.hos         I     [(OnData)]onData, requestId: tts_5, bufferLen: 1408
06-25 13:57:14.901   25181-31119   C02B83/io.lega...AudioRenderer  io.legado.hos         I     [comm]StreamClientState for Renderer::Start. id: 123199, streamType: 16, volume: 1.000000, interruptMode: 0
06-25 13:57:14.901   25181-31119   C02B83/io.lega...AudioRenderer  io.legado.hos         I     [Start]isVKB: F
06-25 13:57:14.904   25181-31119   C02B83/io.lega...AudioRenderer  io.legado.hos         I     [IsAllowedStartBackground]AVSession IsAudioPlaybackAllowed is: 1
06-25 13:57:14.904   25181-31119   C02B83/io.lega...AudioRenderer  io.legado.hos         E     [comm][Start]Start failed. Illegal state:2
06-25 13:57:14.904   25181-25353   C02B83/io.lega...AudioRenderer  io.legado.hos         I     [Unmute]StreamClientState for Renderer::Unmute for background control. id: 123199
06-25 13:57:14.904   25181-25353   C02B86/io.lega...ntInnerPublic  io.legado.hos         I     [SetMute]sessionId:123199 SetMute:0
06-25 13:57:14.904   25181-25353   C02B86/io.lega...InClientInner  io.legado.hos         W     [ReportWriteMuteEvent][123199]MutePlaying for 5810 ms, muteState:5
06-25 13:57:14.905   25181-25353   C02B83/io.lega...AudioRenderer  io.legado.hos         I     [UpdateAudioInterruptStrategy]UpdateAudioInterruptStrategy for set volume,  volume=1.000000
06-25 13:57:14.906   25181-25181   C01320/io.legado.hos/JsEnv      io.legado.hos         W     [source_map.cpp145]the stack without line info
06-25 13:57:15.046   25181-25353   C02100/io.legado.hos/AI_INNER   io.legado.hos         I     [(OnData)]onData, requestId: tts_5, bufferLen: 10240
06-25 13:57:15.052   25181-28246   C02B82/io.lega...AudioLogUtils  io.legado.hos         W     [ProcessVolumeData][[123199]RendererInClient] slient 46frames change to not slient
06-25 13:57:15.152   25181-25353   C02100/io.legado.hos/AI_INNER   io.legado.hos         I     [(OnData)]onData, requestId: tts_5, bufferLen: 10240
06-25 13:57:15.262   25181-25353   C02100/io.legado.hos/AI_INNER   io.legado.hos         I     [(OnData)]onData, requestId: tts_5, bufferLen: 10240
06-25 13:57:15.383   25181-25353   C02100/io.legado.hos/AI_INNER   io.legado.hos         I     [(OnData)]onData, requestId: tts_5, bufferLen: 10240
06-25 13:57:15.490   25181-25353   C02100/io.legado.hos/AI_INNER   io.legado.hos         I     [(OnData)]onData, requestId: tts_5, bufferLen: 10240
06-25 13:57:15.601   25181-25353   C02100/io.legado.hos/AI_INNER   io.legado.hos         I     [(OnData)]onData, requestId: tts_5, bufferLen: 11264
06-25 13:57:15.604   25181-25353   C02100/io.legado.hos/AI_INNER   io.legado.hos         I     [(OnData)]onData, requestId: tts_5, bufferLen: 3840
06-25 13:57:15.604   25181-25347   C02100/io.legado.hos/AI_INNER   io.legado.hos         I     [(OnData)]onData, requestId: tts_5, bufferLen: 640
06-25 13:57:15.701   25181-25353   C02100/io.legado.hos/AI_INNER   io.legado.hos         I     [(OnData)]onData, requestId: tts_5, bufferLen: 1408
06-25 13:57:15.781   25181-25353   C02100/io.legado.hos/AI_INNER   io.legado.hos         I     [(OnData)]onData, requestId: tts_5, bufferLen: 10240
06-25 13:57:15.882   25181-25353   C02100/io.legado.hos/AI_INNER   io.legado.hos         I     [(OnData)]onData, requestId: tts_5, bufferLen: 10240
06-25 13:57:15.991   25181-25353   C02100/io.legado.hos/AI_INNER   io.legado.hos         I     [(OnData)]onData, requestId: tts_5, bufferLen: 10240
06-25 13:57:16.100   25181-25353   C02100/io.legado.hos/AI_INNER   io.legado.hos         I     [(OnData)]onData, requestId: tts_5, bufferLen: 10240
06-25 13:57:16.222   25181-25347   C02100/io.legado.hos/AI_INNER   io.legado.hos         I     [(OnData)]onData, requestId: tts_5, bufferLen: 384
06-25 13:57:16.223   25181-25353   C02100/io.legado.hos/AI_INNER   io.legado.hos         I     [(OnData)]onData, requestId: tts_5, bufferLen: 12288
06-25 13:57:16.224   25181-25353   C02100/io.legado.hos/AI_INNER   io.legado.hos         I     [(OnData)]onData, requestId: tts_5, bufferLen: 7680
06-25 13:57:16.327   25181-25353   C02100/io.legado.hos/AI_INNER   io.legado.hos         I     [(OnData)]onData, requestId: tts_5, bufferLen: 1408
06-25 13:57:16.454   25181-25353   C02100/io.legado.hos/AI_INNER   io.legado.hos         I     [(OnData)]onData, requestId: tts_5, bufferLen: 10240
06-25 13:57:16.558   25181-25353   C02100/io.legado.hos/AI_INNER   io.legado.hos         I     [(OnData)]onData, requestId: tts_5, bufferLen: 10240
06-25 13:57:16.681   25181-25353   C02100/io.legado.hos/AI_INNER   io.legado.hos         I     [(OnData)]onData, requestId: tts_5, bufferLen: 10240
06-25 13:57:16.794   25181-25353   C02100/io.legado.hos/AI_INNER   io.legado.hos         I     [(OnData)]onData, requestId: tts_5, bufferLen: 10240
06-25 13:57:16.816   25181-28246   C02B82/io.lega...AudioLogUtils  io.legado.hos         I     [IncSoundData][[123199]RendererInClient] MONO = 1122, counts: 100
06-25 13:57:16.917   25181-28246   C02B82/io.lega...AudioLogUtils  io.legado.hos         W     [ProcessVolumeData][[123199]RendererInClient] not slient 104frames change to slient
06-25 13:57:16.939   25181-25353   C02100/io.legado.hos/AI_INNER   io.legado.hos         I     [(OnData)]onData, requestId: tts_5, bufferLen: 14848
06-25 13:57:16.939   25181-25347   C02100/io.legado.hos/AI_INNER   io.legado.hos         I     [(OnData)]onData, requestId: tts_5, bufferLen: 644
06-25 13:57:16.941   25181-25347   C02100/io.legado.hos/AI_INNER   io.legado.hos         I     [(OnData)]onData, requestId: tts_5, bufferLen: 3840
06-25 13:57:17.099   25181-28246   C02B82/io.lega...AudioLogUtils  io.legado.hos         W     [ProcessVolumeData][[123199]RendererInClient] slient 10frames change to not slient
06-25 13:57:17.105   25181-25347   C02100/io.legado.hos/AI_INNER   io.legado.hos         I     [(OnData)]onData, requestId: tts_5, bufferLen: 1408
06-25 13:57:17.239   25181-25347   C02100/io.legado.hos/AI_INNER   io.legado.hos         I     [(OnData)]onData, requestId: tts_5, bufferLen: 10240
06-25 13:57:17.347   25181-25347   C02100/io.legado.hos/AI_INNER   io.legado.hos         I     [(OnData)]onData, requestId: tts_5, bufferLen: 10240
06-25 13:57:17.474   25181-25347   C02100/io.legado.hos/AI_INNER   io.legado.hos         I     [(OnData)]onData, requestId: tts_5, bufferLen: 10240
06-25 13:57:17.583   25181-25347   C02100/io.legado.hos/AI_INNER   io.legado.hos         I     [(OnData)]onData, requestId: tts_5, bufferLen: 10240
06-25 13:57:17.695   25181-25347   C02100/io.legado.hos/AI_INNER   io.legado.hos         I     [(OnData)]onData, requestId: tts_5, bufferLen: 10240
06-25 13:57:17.817   25181-25347   C02100/io.legado.hos/AI_INNER   io.legado.hos         I     [(OnData)]onData, requestId: tts_5, bufferLen: 10240
06-25 13:57:17.923   25181-25347   C02100/io.legado.hos/AI_INNER   io.legado.hos         I     [(OnData)]onData, requestId: tts_5, bufferLen: 10240
06-25 13:57:18.016   25181-25347   C02100/io.legado.hos/AI_INNER   io.legado.hos         I     [(OnData)]onData, requestId: tts_5, bufferLen: 10240
06-25 13:57:18.112   25181-25347   C02100/io.legado.hos/AI_INNER   io.legado.hos         I     [(OnData)]onData, requestId: tts_5, bufferLen: 10240
06-25 13:57:18.206   25181-25347   C02100/io.legado.hos/AI_INNER   io.legado.hos         I     [(OnData)]onData, requestId: tts_5, bufferLen: 10240
06-25 13:57:18.312   25181-25347   C02100/io.legado.hos/AI_INNER   io.legado.hos         I     [(OnData)]onData, requestId: tts_5, bufferLen: 10240
06-25 13:57:18.375   25181-25347   C02100/io.legado.hos/AI_INNER   io.legado.hos         I     [(OnData)]onData, requestId: tts_5, bufferLen: 10240
06-25 13:57:18.461   25181-25347   C02100/io.legado.hos/AI_INNER   io.legado.hos         I     [(OnData)]onData, requestId: tts_5, bufferLen: 10240
06-25 13:57:18.564   25181-25347   C02100/io.legado.hos/AI_INNER   io.legado.hos         I     [(OnData)]onData, requestId: tts_5, bufferLen: 10240
06-25 13:57:18.666   25181-25347   C02100/io.legado.hos/AI_INNER   io.legado.hos         I     [(OnData)]onData, requestId: tts_5, bufferLen: 10240
06-25 13:57:18.751   25181-25347   C02100/io.legado.hos/AI_INNER   io.legado.hos         I     [(OnData)]onData, requestId: tts_5, bufferLen: 10240
06-25 13:57:18.854   25181-28246   C02B82/io.lega...AudioLogUtils  io.legado.hos         W     [ProcessVolumeData][[123199]RendererInClient] not slient 92frames change to slient
06-25 13:57:18.855   25181-25353   C02100/io.legado.hos/AI_INNER   io.legado.hos         I     [(OnData)]onData, requestId: tts_5, bufferLen: 388
06-25 13:57:18.856   25181-25347   C02100/io.legado.hos/AI_INNER   io.legado.hos         I     [(OnData)]onData, requestId: tts_5, bufferLen: 10752
06-25 13:57:18.856   25181-25315   C02100/io.legado.hos/AI_INNER   io.legado.hos         I     [(OnData)]onData, requestId: tts_5, bufferLen: 3840
06-25 13:57:18.954   25181-25315   C02100/io.legado.hos/AI_INNER   io.legado.hos         I     [(OnData)]onData, requestId: tts_5, bufferLen: 1408
06-25 13:57:19.076   25181-25315   C02100/io.legado.hos/AI_INNER   io.legado.hos         I     [(OnData)]onData, requestId: tts_5, bufferLen: 10240
06-25 13:57:19.136   25181-28246   C02B82/io.lega...AudioLogUtils  io.legado.hos         W     [ProcessVolumeData][[123199]RendererInClient] slient 14frames change to not slient
06-25 13:57:19.184   25181-25315   C02100/io.legado.hos/AI_INNER   io.legado.hos         I     [(OnData)]onData, requestId: tts_5, bufferLen: 10240
06-25 13:57:19.291   25181-25315   C02100/io.legado.hos/AI_INNER   io.legado.hos         I     [(OnData)]onData, requestId: tts_5, bufferLen: 10240
06-25 13:57:19.400   25181-25315   C02100/io.legado.hos/AI_INNER   io.legado.hos         I     [(OnData)]onData, requestId: tts_5, bufferLen: 10240
06-25 13:57:19.507   25181-25315   C02100/io.legado.hos/AI_INNER   io.legado.hos         I     [(OnData)]onData, requestId: tts_5, bufferLen: 10240
06-25 13:57:19.622   25181-25347   C02100/io.legado.hos/AI_INNER   io.legado.hos         I     [(OnData)]onData, requestId: tts_5, bufferLen: 384
06-25 13:57:19.622   25181-25315   C02100/io.legado.hos/AI_INNER   io.legado.hos         I     [(OnData)]onData, requestId: tts_5, bufferLen: 11776
06-25 13:57:19.624   25181-25315   C02100/io.legado.hos/AI_INNER   io.legado.hos         I     [(OnData)]onData, requestId: tts_5, bufferLen: 7680
06-25 13:57:19.736   25181-25315   C02100/io.legado.hos/AI_INNER   io.legado.hos         I     [(OnData)]onData, requestId: tts_5, bufferLen: 1408
06-25 13:57:19.858   25181-25315   C02100/io.legado.hos/AI_INNER   io.legado.hos         I     [(OnData)]onData, requestId: tts_5, bufferLen: 10240
06-25 13:57:19.954   25181-25315   C02100/io.legado.hos/AI_INNER   io.legado.hos         I     [(OnData)]onData, requestId: tts_5, bufferLen: 10240
06-25 13:57:20.060   25181-25315   C02100/io.legado.hos/AI_INNER   io.legado.hos         I     [(OnData)]onData, requestId: tts_5, bufferLen: 10240
06-25 13:57:20.186   25181-25315   C02100/io.legado.hos/AI_INNER   io.legado.hos         I     [(OnData)]onData, requestId: tts_5, bufferLen: 10240
06-25 13:57:20.294   25181-25315   C02100/io.legado.hos/AI_INNER   io.legado.hos         I     [(OnData)]onData, requestId: tts_5, bufferLen: 10240
06-25 13:57:20.413   25181-25315   C02100/io.legado.hos/AI_INNER   io.legado.hos         I     [(OnData)]onData, requestId: tts_5, bufferLen: 10240
06-25 13:57:20.580   25181-25347   C02100/io.legado.hos/AI_INNER   io.legado.hos         I     [(OnData)]onData, requestId: tts_5, bufferLen: 384
06-25 13:57:20.581   25181-25353   C02100/io.legado.hos/AI_INNER   io.legado.hos         I     [(OnData)]onData, requestId: tts_5, bufferLen: 3840
06-25 13:57:20.583   25181-25315   C02100/io.legado.hos/AI_INNER   io.legado.hos         I     [(OnData)]onData, requestId: tts_5, bufferLen: 16896
06-25 13:57:20.703   25181-25315   C02100/io.legado.hos/AI_INNER   io.legado.hos         I     [(OnData)]onData, requestId: tts_5, bufferLen: 1408
06-25 13:57:20.813   25181-28246   C02B82/io.lega...AudioLogUtils  io.legado.hos         W     [ProcessVolumeData][[123199]RendererInClient] not slient 92frames change to slient
06-25 13:57:20.813   25181-28246   C02B82/io.lega...AudioLogUtils  io.legado.hos         W     [ProcessVolumeData][[123199]RendererInClient] slient 2frames change to not slient
06-25 13:57:20.833   25181-25315   C02100/io.legado.hos/AI_INNER   io.legado.hos         I     [(OnData)]onData, requestId: tts_5, bufferLen: 10240
06-25 13:57:20.912   25181-28246   C02B82/io.lega...AudioLogUtils  io.legado.hos         W     [ProcessVolumeData][[123199]RendererInClient] not slient 1frames change to slient
06-25 13:57:20.928   25181-25315   C02100/io.legado.hos/AI_INNER   io.legado.hos         I     [(OnData)]onData, requestId: tts_5, bufferLen: 10240
06-25 13:57:20.998   25181-28246   C02B82/io.lega...AudioLogUtils  io.legado.hos         W     [ProcessVolumeData][[123199]RendererInClient] slient 9frames change to not slient
06-25 13:57:21.058   25181-25315   C02100/io.legado.hos/AI_INNER   io.legado.hos         I     [(OnData)]onData, requestId: tts_5, bufferLen: 10240
06-25 13:57:21.165   25181-25315   C02100/io.legado.hos/AI_INNER   io.legado.hos         I     [(OnData)]onData, requestId: tts_5, bufferLen: 10240
06-25 13:57:21.274   25181-25315   C02100/io.legado.hos/AI_INNER   io.legado.hos         I     [(OnData)]onData, requestId: tts_5, bufferLen: 10240
06-25 13:57:21.397   25181-25315   C02100/io.legado.hos/AI_INNER   io.legado.hos         I     [(OnData)]onData, requestId: tts_5, bufferLen: 10240
06-25 13:57:21.504   25181-25315   C02100/io.legado.hos/AI_INNER   io.legado.hos         I     [(OnData)]onData, requestId: tts_5, bufferLen: 10240
06-25 13:57:21.610   25181-25315   C02100/io.legado.hos/AI_INNER   io.legado.hos         I     [(OnData)]onData, requestId: tts_5, bufferLen: 10240
06-25 13:57:21.732   25181-25315   C02100/io.legado.hos/AI_INNER   io.legado.hos         I     [(OnData)]onData, requestId: tts_5, bufferLen: 10240
06-25 13:57:21.867   25181-25353   C02100/io.legado.hos/AI_INNER   io.legado.hos         I     [(OnData)]onData, requestId: tts_5, bufferLen: 388
06-25 13:57:21.868   25181-25315   C02100/io.legado.hos/AI_INNER   io.legado.hos         I     [(OnData)]onData, requestId: tts_5, bufferLen: 14336
06-25 13:57:21.870   25181-25315   C02100/io.legado.hos/AI_INNER   io.legado.hos         I     [(OnData)]onData, requestId: tts_5, bufferLen: 7680
06-25 13:57:21.873   25181-30502   C02D07/io.lega...rocessorProxy  io.legado.hos         I     end to take data from observer=ha_app_event, seq=1, size=3
06-25 13:57:21.873   25181-30502   C04707/io.lega...os/HaAppEvent  io.legado.hos         I     OnEvents, 3
06-25 13:57:21.875   25181-30502   C04707/io.legado.hos/HaEcc      io.legado.hos         I     consumeQueue_ = 0 0 8 0 0
06-25 13:57:21.879   25181-30502   C02D07/io.lega...entMappingDao  io.legado.hos         I     delete 3 records, observerSeq=1, ret=0
06-25 13:57:21.881   25181-30502   C02D07/io.legado.hos/EventDao   io.legado.hos         I     delete 3 records, ret=0
06-25 13:57:21.882   25181-30502   C02D07/io.legado.hos/Store      io.legado.hos         I     delete 0 params unused
06-25 13:57:21.963   25181-25315   C02100/io.legado.hos/AI_INNER   io.legado.hos         I     [(OnData)]onData, requestId: tts_5, bufferLen: 1408
06-25 13:57:22.093   25181-25315   C02100/io.legado.hos/AI_INNER   io.legado.hos         I     [(OnData)]onData, requestId: tts_5, bufferLen: 10240
06-25 13:57:22.198   25181-25315   C02100/io.legado.hos/AI_INNER   io.legado.hos         I     [(OnData)]onData, requestId: tts_5, bufferLen: 10240
06-25 13:57:22.317   25181-25315   C02100/io.legado.hos/AI_INNER   io.legado.hos         I     [(OnData)]onData, requestId: tts_5, bufferLen: 10240
06-25 13:57:22.424   25181-25315   C02100/io.legado.hos/AI_INNER   io.legado.hos         I     [(OnData)]onData, requestId: tts_5, bufferLen: 10240
06-25 13:57:22.538   25181-25353   C02100/io.legado.hos/AI_INNER   io.legado.hos         I     [(OnData)]onData, requestId: tts_5, bufferLen: 384
06-25 13:57:22.538   25181-25315   C02100/io.legado.hos/AI_INNER   io.legado.hos         I     [(OnData)]onData, requestId: tts_5, bufferLen: 11776
06-25 13:57:22.539   25181-25347   C02100/io.legado.hos/AI_INNER   io.legado.hos         I     [(OnData)]onData, requestId: tts_5, bufferLen: 3840
06-25 13:57:22.646   25181-25347   C02100/io.legado.hos/AI_INNER   io.legado.hos         I     [(OnData)]onData, requestId: tts_5, bufferLen: 1408
06-25 13:57:22.775   25181-25347   C02100/io.legado.hos/AI_INNER   io.legado.hos         I     [(OnData)]onData, requestId: tts_5, bufferLen: 10240
06-25 13:57:22.852   25181-28246   C02B82/io.lega...AudioLogUtils  io.legado.hos         I     [IncSoundData][[123199]RendererInClient] MONO = 320, counts: 100
06-25 13:57:22.882   25181-25347   C02100/io.legado.hos/AI_INNER   io.legado.hos         I     [(OnData)]onData, requestId: tts_5, bufferLen: 10240
06-25 13:57:23.012   25181-25347   C02100/io.legado.hos/AI_INNER   io.legado.hos         I     [(OnData)]onData, requestId: tts_5, bufferLen: 10240
06-25 13:57:23.115   25181-25347   C02100/io.legado.hos/AI_INNER   io.legado.hos         I     [(OnData)]onData, requestId: tts_5, bufferLen: 10240
06-25 13:57:23.212   25181-25347   C02100/io.legado.hos/AI_INNER   io.legado.hos         I     [(OnData)]onData, requestId: tts_5, bufferLen: 10240
06-25 13:57:23.313   25181-25347   C02100/io.legado.hos/AI_INNER   io.legado.hos         I     [(OnData)]onData, requestId: tts_5, bufferLen: 13824
06-25 13:57:23.314   25181-25315   C02100/io.legado.hos/AI_INNER   io.legado.hos         I     [(OnData)]onData, requestId: tts_5, bufferLen: 388
06-25 13:57:23.315   25181-25347   C02100/io.legado.hos/AI_INNER   io.legado.hos         I     [(OnData)]onData, requestId: tts_5, bufferLen: 7680
06-25 13:57:23.411   25181-25347   C02100/io.legado.hos/AI_INNER   io.legado.hos         I     [(OnData)]onData, requestId: tts_5, bufferLen: 1408
06-25 13:57:23.516   25181-25347   C02100/io.legado.hos/AI_INNER   io.legado.hos         I     [(OnData)]onData, requestId: tts_5, bufferLen: 10240
06-25 13:57:23.599   25181-25347   C02100/io.legado.hos/AI_INNER   io.legado.hos         I     [(OnData)]onData, requestId: tts_5, bufferLen: 10240
06-25 13:57:23.696   25181-25347   C02100/io.legado.hos/AI_INNER   io.legado.hos         I     [(OnData)]onData, requestId: tts_5, bufferLen: 10240
06-25 13:57:23.795   25181-25347   C02100/io.legado.hos/AI_INNER   io.legado.hos         I     [(OnData)]onData, requestId: tts_5, bufferLen: 10240
06-25 13:57:23.889   25181-25347   C02100/io.legado.hos/AI_INNER   io.legado.hos         I     [(OnData)]onData, requestId: tts_5, bufferLen: 10240
06-25 13:57:23.997   25181-25347   C02100/io.legado.hos/AI_INNER   io.legado.hos         I     [(OnData)]onData, requestId: tts_5, bufferLen: 10240
06-25 13:57:24.073   25181-25347   C02100/io.legado.hos/AI_INNER   io.legado.hos         I     [(OnData)]onData, requestId: tts_5, bufferLen: 10240
06-25 13:57:24.178   25181-25347   C02100/io.legado.hos/AI_INNER   io.legado.hos         I     [(OnData)]onData, requestId: tts_5, bufferLen: 10240
06-25 13:57:24.289   25181-25347   C02100/io.legado.hos/AI_INNER   io.legado.hos         I     [(OnData)]onData, requestId: tts_5, bufferLen: 10240
06-25 13:57:24.386   25181-25347   C02100/io.legado.hos/AI_INNER   io.legado.hos         I     [(OnData)]onData, requestId: tts_5, bufferLen: 10240
06-25 13:57:24.558   25181-25347   C02100/io.legado.hos/AI_INNER   io.legado.hos         I     [(OnData)]onData, requestId: tts_5, bufferLen: 17408
06-25 13:57:24.559   25181-25315   C02100/io.legado.hos/AI_INNER   io.legado.hos         I     [(OnData)]onData, requestId: tts_5, bufferLen: 640
06-25 13:57:24.561   25181-25315   C02100/io.legado.hos/AI_INNER   io.legado.hos         I     [(OnData)]onData, requestId: tts_5, bufferLen: 3840
06-25 13:57:24.671   25181-25315   C02100/io.legado.hos/AI_INNER   io.legado.hos         I     [(OnData)]onData, requestId: tts_5, bufferLen: 1408
06-25 13:57:24.713   25181-28246   C02B82/io.lega...AudioLogUtils  io.legado.hos         I     [IncSoundData][[123199]RendererInClient] MONO = 3382, counts: 200
06-25 13:57:24.783   25181-25315   C02100/io.legado.hos/AI_INNER   io.legado.hos         I     [(OnData)]onData, requestId: tts_5, bufferLen: 10240
06-25 13:57:24.865   25181-25315   C02100/io.legado.hos/AI_INNER   io.legado.hos         I     [(OnData)]onData, requestId: tts_5, bufferLen: 10240
06-25 13:57:24.946   25181-25315   C02100/io.legado.hos/AI_INNER   io.legado.hos         I     [(OnData)]onData, requestId: tts_5, bufferLen: 10240
06-25 13:57:25.017   25181-25347   C02100/io.legado.hos/AI_INNER   io.legado.hos         I     [(OnData)]onData, requestId: tts_5, bufferLen: 388
06-25 13:57:25.017   25181-25315   C02100/io.legado.hos/AI_INNER   io.legado.hos         I     [(OnData)]onData, requestId: tts_5, bufferLen: 9728
06-25 13:57:25.017   25181-25347   C02100/io.legado.hos/AI_INNER   io.legado.hos         I     [(OnData)]onData, requestId: tts_5, bufferLen: 7680
06-25 13:57:25.109   25181-25347   C02100/io.legado.hos/AI_INNER   io.legado.hos         I     [(OnData)]onData, requestId: tts_5, bufferLen: 1408
06-25 13:57:25.209   25181-25347   C02100/io.legado.hos/AI_INNER   io.legado.hos         I     [(OnData)]onData, requestId: tts_5, bufferLen: 10240
06-25 13:57:25.209   25181-25347   C02100/io.legado.hos/AI_INNER   io.legado.hos         I     [(OnData)]onData total == onComplete, cnt = 117
06-25 13:57:25.292   25181-25347   C02100/io.legado.hos/AI_INNER   io.legado.hos         I     [(OnData)]onData, requestId: tts_5, bufferLen: 10240
06-25 13:57:25.376   25181-25347   C02100/io.legado.hos/AI_INNER   io.legado.hos         I     [(OnData)]onData, requestId: tts_5, bufferLen: 10240
06-25 13:57:25.468   25181-25347   C02100/io.legado.hos/AI_INNER   io.legado.hos         I     [(OnData)]onData, requestId: tts_5, bufferLen: 10240
06-25 13:57:25.575   25181-25347   C02100/io.legado.hos/AI_INNER   io.legado.hos         I     [(OnData)]onData, requestId: tts_5, bufferLen: 10240
06-25 13:57:25.705   25181-25347   C02100/io.legado.hos/AI_INNER   io.legado.hos         I     [(OnData)]onData, requestId: tts_5, bufferLen: 10240
06-25 13:57:25.814   25181-25347   C02100/io.legado.hos/AI_INNER   io.legado.hos         I     [(OnData)]onData, requestId: tts_5, bufferLen: 10240
06-25 13:57:25.918   25181-25347   C02100/io.legado.hos/AI_INNER   io.legado.hos         I     [(OnData)]onData, requestId: tts_5, bufferLen: 10240
06-25 13:57:26.026   25181-25347   C02100/io.legado.hos/AI_INNER   io.legado.hos         I     [(OnData)]onData, requestId: tts_5, bufferLen: 10240
06-25 13:57:26.117   25181-25347   C02100/io.legado.hos/AI_INNER   io.legado.hos         I     [(OnData)]onData, requestId: tts_5, bufferLen: 9216
06-25 13:57:26.117   25181-25315   C02100/io.legado.hos/AI_INNER   io.legado.hos         I     [(OnData)]onData, requestId: tts_5, bufferLen: 384
