06-25 13:58:44.449   25181-25314   C02100/io.legado.hos/AI_INNER   io.legado.hos         I     [(OnData)]onData, requestId: tts_7, bufferLen: 10240
06-25 13:58:44.471   25181-25314   C02100/io.legado.hos/AI_INNER   io.legado.hos         I     [(OnData)]onData, requestId: tts_7, bufferLen: 10240
06-25 13:58:44.500   25181-25314   C02100/io.legado.hos/AI_INNER   io.legado.hos         I     [(OnData)]onData, requestId: tts_7, bufferLen: 10240
06-25 13:58:44.523   25181-25314   C02100/io.legado.hos/AI_INNER   io.legado.hos         I     [(OnData)]onData, requestId: tts_7, bufferLen: 10240
06-25 13:58:44.547   25181-25314   C02100/io.legado.hos/AI_INNER   io.legado.hos         I     [(OnData)]onData, requestId: tts_7, bufferLen: 10240
06-25 13:58:44.588   25181-25314   C02100/io.legado.hos/AI_INNER   io.legado.hos         I     [(OnData)]onData, requestId: tts_7, bufferLen: 10240
06-25 13:58:44.640   25181-25314   C02100/io.legado.hos/AI_INNER   io.legado.hos         I     [(OnData)]onData, requestId: tts_7, bufferLen: 10240
06-25 13:58:44.674   25181-25314   C02100/io.legado.hos/AI_INNER   io.legado.hos         I     [(OnData)]onData, requestId: tts_7, bufferLen: 10240
06-25 13:58:44.703   25181-25314   C02100/io.legado.hos/AI_INNER   io.legado.hos         I     [(OnData)]onData, requestId: tts_7, bufferLen: 10240
06-25 13:58:44.734   25181-25314   C02100/io.legado.hos/AI_INNER   io.legado.hos         I     [(OnData)]onData, requestId: tts_7, bufferLen: 10240
06-25 13:58:44.758   25181-25314   C02100/io.legado.hos/AI_INNER   io.legado.hos         I     [(OnData)]onData, requestId: tts_7, bufferLen: 10240
06-25 13:58:44.799   25181-25315   C02100/io.legado.hos/AI_INNER   io.legado.hos         I     [(OnData)]onData, requestId: tts_7, bufferLen: 644
06-25 13:58:44.800   25181-25314   C02100/io.legado.hos/AI_INNER   io.legado.hos         I     [(OnData)]onData, requestId: tts_7, bufferLen: 15872
06-25 13:58:44.800   25181-25315   C02100/io.legado.hos/AI_INNER   io.legado.hos         I     [(OnData)]onData, requestId: tts_7, bufferLen: 7680
06-25 13:58:44.829   25181-25315   C02100/io.legado.hos/AI_INNER   io.legado.hos         I     [(OnData)]onData, requestId: tts_7, bufferLen: 1408
06-25 13:58:44.861   25181-25315   C02100/io.legado.hos/AI_INNER   io.legado.hos         I     [(OnData)]onData, requestId: tts_7, bufferLen: 10240
06-25 13:58:44.888   25181-25315   C02100/io.legado.hos/AI_INNER   io.legado.hos         I     [(OnData)]onData, requestId: tts_7, bufferLen: 10240
06-25 13:58:44.914   25181-25315   C02100/io.legado.hos/AI_INNER   io.legado.hos         I     [(OnData)]onData, requestId: tts_7, bufferLen: 10240
06-25 13:58:44.946   25181-25315   C02100/io.legado.hos/AI_INNER   io.legado.hos         I     [(OnData)]onData, requestId: tts_7, bufferLen: 10240
06-25 13:58:44.951   25181-28246   C02B82/io.lega...AudioLogUtils  io.legado.hos         W     [ProcessVolumeData][[123199]RendererInClient] not slient 143frames change to slient
06-25 13:58:44.971   25181-25315   C02100/io.legado.hos/AI_INNER   io.legado.hos         I     [(OnData)]onData, requestId: tts_7, bufferLen: 10240
06-25 13:58:45.000   25181-25315   C02100/io.legado.hos/AI_INNER   io.legado.hos         I     [(OnData)]onData, requestId: tts_7, bufferLen: 10240
06-25 13:58:45.024   25181-25315   C02100/io.legado.hos/AI_INNER   io.legado.hos         I     [(OnData)]onData, requestId: tts_7, bufferLen: 10240
06-25 13:58:45.063   25181-25314   C02100/io.legado.hos/AI_INNER   io.legado.hos         I     [(OnData)]onData, requestId: tts_7, bufferLen: 384
06-25 13:58:45.064   25181-25315   C02100/io.legado.hos/AI_INNER   io.legado.hos         I     [(OnData)]onData, requestId: tts_7, bufferLen: 18432
06-25 13:58:45.064   25181-25353   C02100/io.legado.hos/AI_INNER   io.legado.hos         I     [(OnData)]onData, requestId: tts_7, bufferLen: 3840
06-25 13:58:45.086   25181-25314   C02100/io.legado.hos/AI_INNER   io.legado.hos         I     [(OnData)]onData, requestId: tts_7, bufferLen: 1408
06-25 13:58:45.114   25181-25314   C02100/io.legado.hos/AI_INNER   io.legado.hos         I     [(OnData)]onData, requestId: tts_7, bufferLen: 10240
06-25 13:58:45.135   25181-25314   C02100/io.legado.hos/AI_INNER   io.legado.hos         I     [(OnData)]onData, requestId: tts_7, bufferLen: 10240
06-25 13:58:45.149   25181-28246   C02B82/io.lega...AudioLogUtils  io.legado.hos         W     [ProcessVolumeData][[123199]RendererInClient] slient 9frames change to not slient
06-25 13:58:45.161   25181-25314   C02100/io.legado.hos/AI_INNER   io.legado.hos         I     [(OnData)]onData, requestId: tts_7, bufferLen: 10240
06-25 13:58:45.190   25181-25314   C02100/io.legado.hos/AI_INNER   io.legado.hos         I     [(OnData)]onData, requestId: tts_7, bufferLen: 10240
06-25 13:58:45.214   25181-25314   C02100/io.legado.hos/AI_INNER   io.legado.hos         I     [(OnData)]onData, requestId: tts_7, bufferLen: 11264
06-25 13:58:45.214   25181-25314   C02100/io.legado.hos/AI_INNER   io.legado.hos         I     [(OnData)]onData, requestId: tts_7, bufferLen: 388
06-25 13:58:45.215   25181-25314   C02100/io.legado.hos/AI_INNER   io.legado.hos         I     [(OnData)]onData, requestId: tts_7, bufferLen: 7680
06-25 13:58:45.235   25181-25314   C02100/io.legado.hos/AI_INNER   io.legado.hos         I     [(OnData)]onData, requestId: tts_7, bufferLen: 1408
06-25 13:58:45.266   25181-25314   C02100/io.legado.hos/AI_INNER   io.legado.hos         I     [(OnData)]onData, requestId: tts_7, bufferLen: 10240
06-25 13:58:45.289   25181-25314   C02100/io.legado.hos/AI_INNER   io.legado.hos         I     [(OnData)]onData, requestId: tts_7, bufferLen: 10240
06-25 13:58:45.314   25181-25314   C02100/io.legado.hos/AI_INNER   io.legado.hos         I     [(OnData)]onData, requestId: tts_7, bufferLen: 10240
06-25 13:58:45.337   25181-25314   C02100/io.legado.hos/AI_INNER   io.legado.hos         I     [(OnData)]onData, requestId: tts_7, bufferLen: 10240
06-25 13:58:45.374   25181-25314   C02100/io.legado.hos/AI_INNER   io.legado.hos         I     [(OnData)]onData, requestId: tts_7, bufferLen: 17920
06-25 13:58:45.376   25181-25353   C02100/io.legado.hos/AI_INNER   io.legado.hos         I     [(OnData)]onData, requestId: tts_7, bufferLen: 640
06-25 13:58:45.379   25181-25353   C02100/io.legado.hos/AI_INNER   io.legado.hos         I     [(OnData)]onData, requestId: tts_7, bufferLen: 7680
06-25 13:58:45.395   25181-25353   C02100/io.legado.hos/AI_INNER   io.legado.hos         I     [(OnData)]onData, requestId: tts_7, bufferLen: 1408
06-25 13:58:45.424   25181-25353   C02100/io.legado.hos/AI_INNER   io.legado.hos         I     [(OnData)]onData, requestId: tts_7, bufferLen: 10240
06-25 13:58:45.447   25181-25353   C02100/io.legado.hos/AI_INNER   io.legado.hos         I     [(OnData)]onData, requestId: tts_7, bufferLen: 10240
06-25 13:58:45.495   25181-25353   C02100/io.legado.hos/AI_INNER   io.legado.hos         I     [(OnData)]onData, requestId: tts_7, bufferLen: 15872
06-25 13:58:45.496   25181-25314   C02100/io.legado.hos/AI_INNER   io.legado.hos         I     [(OnData)]onData, requestId: tts_7, bufferLen: 384
06-25 13:58:45.497   25181-25314   C02100/io.legado.hos/AI_INNER   io.legado.hos         I     [(OnRemoteRequest)]onRemoteRequest, code = 4 [onComplete]
06-25 13:58:45.497   25181-25314   C02100/io.legado.hos/AI_INNER   io.legado.hos         I     [(OnResult)]onResult code: 4, req id: tts_7, res: {"type":0,"msg":"synthesis complete","count":199}
06-25 13:58:45.498   25181-25314   C02100/io.legado.hos/AI_INNER   io.legado.hos         I     [(GetEngineByName)]GetEngineByName get rw_lock, map size: 0, engineName:
06-25 13:58:45.498   25181-25314   C02100/io.legado.hos/AI_INNER   io.legado.hos         I     [(OnResult)]onComplete, engineName:
06-25 13:58:45.498   25181-25314   C02100/io.legado.hos/AI_INNER   io.legado.hos         I     [(onCompleteWait)]Field 'count' = 199
06-25 13:58:45.498   25181-25314   C02100/io.legado.hos/AI_INNER   io.legado.hos         I     [(onCompleteWait)]onData count: 198, onComplete count: 199
06-25 13:58:45.498   25181-25353   C02100/io.legado.hos/AI_INNER   io.legado.hos         I     [(OnData)]onData, requestId: tts_7, bufferLen: 7680
06-25 13:58:45.498   25181-25353   C02100/io.legado.hos/AI_INNER   io.legado.hos         I     [(OnData)]onData total == onComplete, cnt = 199
06-25 13:58:45.498   25181-25314   C02100/io.legado.hos/AI_INNER   io.legado.hos         I     [(onCompleteWait)]onComplete received before all onData returns
06-25 13:58:45.499   25181-25181   A03D00/io.legado.hos/JSAPP      io.legado.hos         I     [TTS] onComplete chunk=1/2
06-25 13:58:45.499   25181-25181   A03D00/io.legado.hos/JSAPP      io.legado.hos         I     [TTS] synthesize chunk 1 len=105 req=tts_8
06-25 13:58:45.500   25181-25181   C02100/io.legado.hos/AI_TEXT    io.legado.hos         I     [(ParseProperty)]NapiParser::ParseProperty: [supportFeatures] field does not exist, use default
06-25 13:58:45.500   25181-25181   C02100/io.legado.hos/AI_TEXT    io.legado.hos         I     [(ParseProperty)]NapiParser::ParseProperty: [languageContext] field does not exist, use default
06-25 13:58:45.500   25181-25181   C02100/io.legado.hos/AI_TEXT    io.legado.hos         I     [(ParseProperty)]NapiParser::ParseProperty: [audioType] field does not exist, use default
06-25 13:58:45.500   25181-25181   C02100/io.legado.hos/AI_TEXT    io.legado.hos         I     [(ParseProperty)]NapiParser::ParseProperty: [audioChannel] sys app check result = 0
06-25 13:58:45.500   25181-25181   C02100/io.legado.hos/AI_TEXT    io.legado.hos         I     [(ParseProperty)]NapiParser::ParseProperty: [channelType] sys app check result = 0
06-25 13:58:45.500   25181-25181   C02100/io.legado.hos/AI_TEXT    io.legado.hos         I     [(UnwrapEngine)]EngineName: , online: 1.00, isFollowXy: 0
06-25 13:58:45.500   25181-25181   C02100/io.legado.hos/AI_INNER   io.legado.hos         I     [(GetEngineByName)]GetEngineByName get rw_lock, map size: 0, engineName:
06-25 13:58:45.501   25181-25181   C02100/io.legado.hos/AI_INNER   io.legado.hos         I     [(TtsSpeakSendRequest)]tts speak send request start
06-25 13:58:45.501   25181-25181   C02100/io.legado.hos/AI_INNER   io.legado.hos         I     [(RunCapabilityInner)]function callbacked start
06-25 13:58:45.501   25181-25181   C02100/io.legado.hos/AI_INNER   io.legado.hos         I     [(RunCapabilityInner)]send result : 0
06-25 13:58:45.501   25181-25181   C02100/io.legado.hos/AI_INNER   io.legado.hos         I     [(TtsSpeakSendRequest)]tts speak send request completed
06-25 13:58:45.510   25181-25314   C02100/io.legado.hos/AI_INNER   io.legado.hos         I     [(OnRemoteRequest)]onRemoteRequest, code = 2 [onStart]
06-25 13:58:45.510   25181-25314   C02100/io.legado.hos/AI_INNER   io.legado.hos         I     [(OnResult)]onResult code: 2, req id: tts_8, res: {"audioType":"pcm","sampleRate":16000,"sampleBit":16,"audioChannel":3}
06-25 13:58:45.510   25181-25314   C02100/io.legado.hos/AI_INNER   io.legado.hos         I     [(GetEngineByName)]GetEngineByName get rw_lock, map size: 0, engineName:
06-25 13:58:45.510   25181-25181   A03D00/io.legado.hos/JSAPP      io.legado.hos         I     [TTS] onStart
06-25 13:58:45.539   25181-25314   C02100/io.legado.hos/AI_INNER   io.legado.hos         I     [(OnData)]onData, requestId: tts_8, bufferLen: 1408
06-25 13:58:45.564   25181-25314   C02100/io.legado.hos/AI_INNER   io.legado.hos         I     [(OnData)]onData, requestId: tts_8, bufferLen: 10240
06-25 13:58:45.593   25181-25314   C02100/io.legado.hos/AI_INNER   io.legado.hos         I     [(OnData)]onData, requestId: tts_8, bufferLen: 10240
06-25 13:58:45.615   25181-25314   C02100/io.legado.hos/AI_INNER   io.legado.hos         I     [(OnData)]onData, requestId: tts_8, bufferLen: 10240
06-25 13:58:45.637   25181-25314   C02100/io.legado.hos/AI_INNER   io.legado.hos         I     [(OnData)]onData, requestId: tts_8, bufferLen: 10240
06-25 13:58:45.672   25181-25353   C02100/io.legado.hos/AI_INNER   io.legado.hos         I     [(OnData)]onData, requestId: tts_8, bufferLen: 388
06-25 13:58:45.672   25181-25314   C02100/io.legado.hos/AI_INNER   io.legado.hos         I     [(OnData)]onData, requestId: tts_8, bufferLen: 14848
06-25 13:58:45.673   25181-25315   C02100/io.legado.hos/AI_INNER   io.legado.hos         I     [(OnData)]onData, requestId: tts_8, bufferLen: 3840
06-25 13:58:45.690   25181-25315   C02100/io.legado.hos/AI_INNER   io.legado.hos         I     [(OnData)]onData, requestId: tts_8, bufferLen: 1408
06-25 13:58:45.720   25181-25315   C02100/io.legado.hos/AI_INNER   io.legado.hos         I     [(OnData)]onData, requestId: tts_8, bufferLen: 10240
06-25 13:58:45.742   25181-25315   C02100/io.legado.hos/AI_INNER   io.legado.hos         I     [(OnData)]onData, requestId: tts_8, bufferLen: 10240
06-25 13:58:45.767   25181-25315   C02100/io.legado.hos/AI_INNER   io.legado.hos         I     [(OnData)]onData, requestId: tts_8, bufferLen: 10240
06-25 13:58:45.803   25181-25315   C02100/io.legado.hos/AI_INNER   io.legado.hos         I     [(OnData)]onData, requestId: tts_8, bufferLen: 13312
06-25 13:58:45.805   25181-25315   C02100/io.legado.hos/AI_INNER   io.legado.hos         I     [(OnData)]onData, requestId: tts_8, bufferLen: 384
06-25 13:58:45.807   25181-25314   C02100/io.legado.hos/AI_INNER   io.legado.hos         I     [(OnData)]onData, requestId: tts_8, bufferLen: 3840
06-25 13:58:45.829   25181-25314   C02100/io.legado.hos/AI_INNER   io.legado.hos         I     [(OnData)]onData, requestId: tts_8, bufferLen: 1408
06-25 13:58:45.857   25181-25314   C02100/io.legado.hos/AI_INNER   io.legado.hos         I     [(OnData)]onData, requestId: tts_8, bufferLen: 10240
06-25 13:58:45.878   25181-25314   C02100/io.legado.hos/AI_INNER   io.legado.hos         I     [(OnData)]onData, requestId: tts_8, bufferLen: 10240
06-25 13:58:45.901   25181-25314   C02100/io.legado.hos/AI_INNER   io.legado.hos         I     [(OnData)]onData, requestId: tts_8, bufferLen: 10240
06-25 13:58:45.925   25181-25314   C02100/io.legado.hos/AI_INNER   io.legado.hos         I     [(OnData)]onData, requestId: tts_8, bufferLen: 10240
06-25 13:58:45.947   25181-25314   C02100/io.legado.hos/AI_INNER   io.legado.hos         I     [(OnData)]onData, requestId: tts_8, bufferLen: 8704
06-25 13:58:45.949   25181-25314   C02100/io.legado.hos/AI_INNER   io.legado.hos         I     [(OnData)]onData, requestId: tts_8, bufferLen: 640
06-25 13:58:45.952   25181-25314   C02100/io.legado.hos/AI_INNER   io.legado.hos         I     [(OnData)]onData, requestId: tts_8, bufferLen: 7680
06-25 13:58:45.975   25181-25314   C02100/io.legado.hos/AI_INNER   io.legado.hos         I     [(OnData)]onData, requestId: tts_8, bufferLen: 1408
06-25 13:58:46.003   25181-25314   C02100/io.legado.hos/AI_INNER   io.legado.hos         I     [(OnData)]onData, requestId: tts_8, bufferLen: 10240
06-25 13:58:46.026   25181-25314   C02100/io.legado.hos/AI_INNER   io.legado.hos         I     [(OnData)]onData, requestId: tts_8, bufferLen: 10240
06-25 13:58:46.053   25181-25314   C02100/io.legado.hos/AI_INNER   io.legado.hos         I     [(OnData)]onData, requestId: tts_8, bufferLen: 10240
06-25 13:58:46.081   25181-25314   C02100/io.legado.hos/AI_INNER   io.legado.hos         I     [(OnData)]onData, requestId: tts_8, bufferLen: 10240
06-25 13:58:46.101   25181-25314   C02100/io.legado.hos/AI_INNER   io.legado.hos         I     [(OnData)]onData, requestId: tts_8, bufferLen: 10240
06-25 13:58:46.138   25181-25314   C02100/io.legado.hos/AI_INNER   io.legado.hos         I     [(OnData)]onData, requestId: tts_8, bufferLen: 10240
06-25 13:58:46.161   25181-25314   C02100/io.legado.hos/AI_INNER   io.legado.hos         I     [(OnData)]onData, requestId: tts_8, bufferLen: 10240
06-25 13:58:46.183   25181-25314   C02100/io.legado.hos/AI_INNER   io.legado.hos         I     [(OnData)]onData, requestId: tts_8, bufferLen: 10240
06-25 13:58:46.216   25181-25314   C02100/io.legado.hos/AI_INNER   io.legado.hos         I     [(OnData)]onData, requestId: tts_8, bufferLen: 10240
06-25 13:58:46.251   25181-25314   C02100/io.legado.hos/AI_INNER   io.legado.hos         I     [(OnData)]onData, requestId: tts_8, bufferLen: 10240
06-25 13:58:46.279   25181-25314   C02100/io.legado.hos/AI_INNER   io.legado.hos         I     [(OnData)]onData, requestId: tts_8, bufferLen: 10240
06-25 13:58:46.303   25181-25314   C02100/io.legado.hos/AI_INNER   io.legado.hos         I     [(OnData)]onData, requestId: tts_8, bufferLen: 10240
06-25 13:58:46.344   25181-25353   C02100/io.legado.hos/AI_INNER   io.legado.hos         I     [(OnData)]onData, requestId: tts_8, bufferLen: 3840
06-25 13:58:46.346   25181-25314   C02100/io.legado.hos/AI_INNER   io.legado.hos         I     [(OnData)]onData, requestId: tts_8, bufferLen: 388
06-25 13:58:46.350   25181-25315   C02100/io.legado.hos/AI_INNER   io.legado.hos         I     [(OnData)]onData, requestId: tts_8, bufferLen: 11776
06-25 13:58:46.382   25181-25315   C02100/io.legado.hos/AI_INNER   io.legado.hos         I     [(OnData)]onData, requestId: tts_8, bufferLen: 1408
06-25 13:58:46.410   25181-25315   C02100/io.legado.hos/AI_INNER   io.legado.hos         I     [(OnData)]onData, requestId: tts_8, bufferLen: 10240
06-25 13:58:46.432   25181-25315   C02100/io.legado.hos/AI_INNER   io.legado.hos         I     [(OnData)]onData, requestId: tts_8, bufferLen: 10240
06-25 13:58:46.460   25181-25315   C02100/io.legado.hos/AI_INNER   io.legado.hos         I     [(OnData)]onData, requestId: tts_8, bufferLen: 10240
06-25 13:58:46.486   25181-25315   C02100/io.legado.hos/AI_INNER   io.legado.hos         I     [(OnData)]onData, requestId: tts_8, bufferLen: 10240
06-25 13:58:46.509   25181-25315   C02100/io.legado.hos/AI_INNER   io.legado.hos         I     [(OnData)]onData, requestId: tts_8, bufferLen: 10240
06-25 13:58:46.532   25181-25315   C02100/io.legado.hos/AI_INNER   io.legado.hos         I     [(OnData)]onData, requestId: tts_8, bufferLen: 10240
06-25 13:58:46.557   25181-25315   C02100/io.legado.hos/AI_INNER   io.legado.hos         I     [(OnData)]onData, requestId: tts_8, bufferLen: 10240
06-25 13:58:46.581   25181-25315   C02100/io.legado.hos/AI_INNER   io.legado.hos         I     [(OnData)]onData, requestId: tts_8, bufferLen: 10240
06-25 13:58:46.610   25181-25315   C02100/io.legado.hos/AI_INNER   io.legado.hos         I     [(OnData)]onData, requestId: tts_8, bufferLen: 10240
06-25 13:58:46.631   25181-25315   C02100/io.legado.hos/AI_INNER   io.legado.hos         I     [(OnData)]onData, requestId: tts_8, bufferLen: 10240
06-25 13:58:46.661   25181-25314   C02100/io.legado.hos/AI_INNER   io.legado.hos         I     [(OnData)]onData, requestId: tts_8, bufferLen: 388
06-25 13:58:46.662   25181-25353   C02100/io.legado.hos/AI_INNER   io.legado.hos         I     [(OnData)]onData, requestId: tts_8, bufferLen: 7680
06-25 13:58:46.662   25181-25315   C02100/io.legado.hos/AI_INNER   io.legado.hos         I     [(OnData)]onData, requestId: tts_8, bufferLen: 11264
06-25 13:58:46.683   25181-25315   C02100/io.legado.hos/AI_INNER   io.legado.hos         I     [(OnData)]onData, requestId: tts_8, bufferLen: 1408
06-25 13:58:46.707   25181-25315   C02100/io.legado.hos/AI_INNER   io.legado.hos         I     [(OnData)]onData, requestId: tts_8, bufferLen: 10240
06-25 13:58:46.730   25181-28246   C02B82/io.lega...AudioLogUtils  io.legado.hos         W     [ProcessVolumeData][[123199]RendererInClient] not slient 83frames change to slient
06-25 13:58:46.735   25181-25315   C02100/io.legado.hos/AI_INNER   io.legado.hos         I     [(OnData)]onData, requestId: tts_8, bufferLen: 10240
06-25 13:58:46.757   25181-25353   C02100/io.legado.hos/AI_INNER   io.legado.hos         I     [(OnData)]onData, requestId: tts_8, bufferLen: 384
06-25 13:58:46.758   25181-25315   C02100/io.legado.hos/AI_INNER   io.legado.hos         I     [(OnData)]onData, requestId: tts_8, bufferLen: 12288
06-25 13:58:46.759   25181-25314   C02100/io.legado.hos/AI_INNER   io.legado.hos         I     [(OnData)]onData, requestId: tts_8, bufferLen: 7680
06-25 13:58:46.784   25181-25314   C02100/io.legado.hos/AI_INNER   io.legado.hos         I     [(OnData)]onData, requestId: tts_8, bufferLen: 1408
06-25 13:58:46.821   25181-25314   C02100/io.legado.hos/AI_INNER   io.legado.hos         I     [(OnData)]onData, requestId: tts_8, bufferLen: 10240
06-25 13:58:46.843   25181-25314   C02100/io.legado.hos/AI_INNER   io.legado.hos         I     [(OnData)]onData, requestId: tts_8, bufferLen: 10240
06-25 13:58:46.869   25181-25314   C02100/io.legado.hos/AI_INNER   io.legado.hos         I     [(OnData)]onData, requestId: tts_8, bufferLen: 10240
06-25 13:58:46.897   25181-25314   C02100/io.legado.hos/AI_INNER   io.legado.hos         I     [(OnData)]onData, requestId: tts_8, bufferLen: 10240
06-25 13:58:46.929   25181-25314   C02100/io.legado.hos/AI_INNER   io.legado.hos         I     [(OnData)]onData, requestId: tts_8, bufferLen: 10240
06-25 13:58:46.954   25181-25314   C02100/io.legado.hos/AI_INNER   io.legado.hos         I     [(OnData)]onData, requestId: tts_8, bufferLen: 10240
06-25 13:58:46.978   25181-25314   C02100/io.legado.hos/AI_INNER   io.legado.hos         I     [(OnData)]onData, requestId: tts_8, bufferLen: 10240
06-25 13:58:47.002   25181-25314   C02100/io.legado.hos/AI_INNER   io.legado.hos         I     [(OnData)]onData, requestId: tts_8, bufferLen: 10240
06-25 13:58:47.010   25181-28246   C02B82/io.lega...AudioLogUtils  io.legado.hos         W     [ProcessVolumeData][[123199]RendererInClient] slient 16frames change to not slient
06-25 13:58:47.027   25181-25353   C02100/io.legado.hos/AI_INNER   io.legado.hos         I     [(OnData)]onData, requestId: tts_8, bufferLen: 3840
06-25 13:58:47.037   25181-25315   C02100/io.legado.hos/AI_INNER   io.legado.hos         I     [(OnData)]onData, requestId: tts_8, bufferLen: 640
06-25 13:58:47.039   25181-25314   C02100/io.legado.hos/AI_INNER   io.legado.hos         I     [(OnData)]onData, requestId: tts_8, bufferLen: 9728
06-25 13:58:47.056   25181-25314   C02100/io.legado.hos/AI_INNER   io.legado.hos         I     [(OnData)]onData, requestId: tts_8, bufferLen: 1408
06-25 13:58:47.096   25181-25315   C02100/io.legado.hos/AI_INNER   io.legado.hos         I     [(OnData)]onData, requestId: tts_8, bufferLen: 384
06-25 13:58:47.097   25181-25314   C02100/io.legado.hos/AI_INNER   io.legado.hos         I     [(OnData)]onData, requestId: tts_8, bufferLen: 16896
06-25 13:58:47.097   25181-25353   C02100/io.legado.hos/AI_INNER   io.legado.hos         I     [(OnData)]onData, requestId: tts_8, bufferLen: 7680
06-25 13:58:47.099   25181-25314   C02100/io.legado.hos/AI_INNER   io.legado.hos         I     [(OnRemoteRequest)]onRemoteRequest, code = 4 [onComplete]
06-25 13:58:47.099   25181-25314   C02100/io.legado.hos/AI_INNER   io.legado.hos         I     [(OnResult)]onResult code: 4, req id: tts_8, res: {"type":0,"msg":"synthesis complete","count":75}
06-25 13:58:47.099   25181-25314   C02100/io.legado.hos/AI_INNER   io.legado.hos         I     [(GetEngineByName)]GetEngineByName get rw_lock, map size: 0, engineName:
06-25 13:58:47.099   25181-25314   C02100/io.legado.hos/AI_INNER   io.legado.hos         I     [(OnResult)]onComplete, engineName:
06-25 13:58:47.099   25181-25314   C02100/io.legado.hos/AI_INNER   io.legado.hos         I     [(onCompleteWait)]Field 'count' = 75
06-25 13:58:47.099   25181-25314   C02100/io.legado.hos/AI_INNER   io.legado.hos         I     [(onCompleteWait)]onComplete received after all OnData returns, count: 75
06-25 13:58:47.100   25181-25181   A03D00/io.legado.hos/JSAPP      io.legado.hos         I     [TTS] onComplete chunk=2/2
06-25 13:58:47.101   25181-25181   A03D00/io.legado.hos/JSAPP      io.legado.hos         I     [TTS] all chunks synthesized, draining buffer
06-25 13:58:47.829   25181-28246   C02B82/io.lega...AudioLogUtils  io.legado.hos         W     [ProcessVolumeData][[123199]RendererInClient] not slient 44frames change to slient
06-25 13:58:47.829   25181-28246   C02B82/io.lega...AudioLogUtils  io.legado.hos         W     [ProcessVolumeData][[123199]RendererInClient] slient 1frames change to not slient
06-25 13:58:49.690   25181-28246   C02B82/io.lega...AudioLogUtils  io.legado.hos         I     [IncSoundData][[123199]RendererInClient] MONO = 990, counts: 100
06-25 13:58:50.711   25181-28246   C02B82/io.lega...AudioLogUtils  io.legado.hos         W     [ProcessVolumeData][[123199]RendererInClient] not slient 158frames change to slient
06-25 13:58:50.909   25181-28246   C02B82/io.lega...AudioLogUtils  io.legado.hos         W     [ProcessVolumeData][[123199]RendererInClient] slient 8frames change to not slient
06-25 13:58:51.849   25181-28246   C02B82/io.lega...AudioLogUtils  io.legado.hos         W     [ProcessVolumeData][[123199]RendererInClient] not slient 52frames change to slient
06-25 13:58:51.930   25181-28246   C02B82/io.lega...AudioLogUtils  io.legado.hos         W     [ProcessVolumeData][[123199]RendererInClient] slient 1frames change to not slient
06-25 13:58:52.208   25181-28246   C02B82/io.lega...AudioLogUtils  io.legado.hos         W     [ProcessVolumeData][[123199]RendererInClient] not slient 16frames change to slient
06-25 13:58:52.489   25181-28246   C02B82/io.lega...AudioLogUtils  io.legado.hos         W     [ProcessVolumeData][[123199]RendererInClient] slient 15frames change to not slient
06-25 13:58:54.329   25181-28246   C02B82/io.lega...AudioLogUtils  io.legado.hos         I     [IncSoundData][[123199]RendererInClient] MONO = 2656, counts: 100
06-25 13:58:54.809   25181-28246   C02B82/io.lega...AudioLogUtils  io.legado.hos         W     [ProcessVolumeData][[123199]RendererInClient] not slient 124frames change to slient
06-25 13:58:54.889   25181-28246   C02B82/io.lega...AudioLogUtils  io.legado.hos         W     [ProcessVolumeData][[123199]RendererInClient] slient 9frames change to not slient
06-25 13:58:56.752   25181-28246   C02B82/io.lega...AudioLogUtils  io.legado.hos         I     [IncSoundData][[123199]RendererInClient] MONO = 2909, counts: 100
06-25 13:58:56.949   25181-28246   C02B82/io.lega...AudioLogUtils  io.legado.hos         W     [ProcessVolumeData][[123199]RendererInClient] not slient 108frames change to slient
06-25 13:58:57.129   25181-28246   C02B82/io.lega...AudioLogUtils  io.legado.hos         W     [ProcessVolumeData][[123199]RendererInClient] slient 9frames change to not slient
06-25 13:58:58.051   25181-28246   C02B82/io.lega...AudioLogUtils  io.legado.hos         W     [ProcessVolumeData][[123199]RendererInClient] not slient 53frames change to slient
06-25 13:58:58.334   25181-28246   C02B82/io.lega...AudioLogUtils  io.legado.hos         W     [ProcessVolumeData][[123199]RendererInClient] slient 13frames change to not slient
06-25 13:58:58.912   25181-28246   C02B82/io.lega...AudioLogUtils  io.legado.hos         W     [ProcessVolumeData][[123199]RendererInClient] not slient 30frames change to slient
06-25 13:58:58.912   25181-28246   C02B82/io.lega...AudioLogUtils  io.legado.hos         W     [ProcessVolumeData][[123199]RendererInClient] slient 1frames change to not slient
06-25 13:59:00.769   25181-28246   C02B82/io.lega...AudioLogUtils  io.legado.hos         W     [ProcessVolumeData][[123199]RendererInClient] not slient 97frames change to slient
06-25 13:59:00.848   25181-28246   C02B82/io.lega...AudioLogUtils  io.legado.hos         W     [ProcessVolumeData][[123199]RendererInClient] slient 8frames change to not slient
06-25 13:59:01.988   25181-34077   C02D07/io.lega...rocessorProxy  io.legado.hos         I     end to take data from observer=ha_app_event, seq=1, size=3
06-25 13:59:01.988   25181-34077   C04707/io.lega...os/HaAppEvent  io.legado.hos         I     OnEvents, 3
06-25 13:59:01.988   25181-34077   C04707/io.legado.hos/HaEcc      io.legado.hos         I     consumeQueue_ = 0 8 0 3 0
06-25 13:59:01.990   25181-34077   C02D07/io.lega...entMappingDao  io.legado.hos         I     delete 3 records, observerSeq=1, ret=0
06-25 13:59:01.991   25181-34077   C02D07/io.legado.hos/EventDao   io.legado.hos         I     delete 3 records, ret=0
06-25 13:59:01.991   25181-34077   C02D07/io.legado.hos/Store      io.legado.hos         I     delete 0 params unused
06-25 13:59:02.691   25181-28246   C02B82/io.lega...AudioLogUtils  io.legado.hos         I     [IncSoundData][[123199]RendererInClient] MONO = 13, counts: 100
06-25 13:59:02.692   25181-28246   C02B82/io.lega...AudioLogUtils  io.legado.hos         W     [ProcessVolumeData][[123199]RendererInClient] not slient 101frames change to slient
06-25 13:59:02.810   25181-28246   C02B82/io.lega...AudioLogUtils  io.legado.hos         W     [ProcessVolumeData][[123199]RendererInClient] slient 1frames change to not slient
06-25 13:59:02.810   25181-28246   C02B82/io.lega...AudioLogUtils  io.legado.hos         W     [ProcessVolumeData][[123199]RendererInClient] not slient 1frames change to slient
06-25 13:59:02.969   25181-28246   C02B82/io.lega...AudioLogUtils  io.legado.hos         W     [ProcessVolumeData][[123199]RendererInClient] slient 9frames change to not slient
06-25 13:59:04.269   25181-28246   C02B82/io.lega...AudioLogUtils  io.legado.hos         W     [ProcessVolumeData][[123199]RendererInClient] not slient 70frames change to slient
06-25 13:59:04.392   25181-28246   C02B82/io.lega...AudioLogUtils  io.legado.hos         W     [ProcessVolumeData][[123199]RendererInClient] slient 6frames change to not slient
06-25 13:59:04.749   25181-28246   C02B82/io.lega...AudioLogUtils  io.legado.hos         W     [ProcessVolumeData][[123199]RendererInClient] not slient 20frames change to slient
06-25 13:59:04.749   25181-28246   C02B82/io.lega...AudioLogUtils  io.legado.hos         W     [ProcessVolumeData][[123199]RendererInClient] slient 2frames change to not slient
06-25 13:59:06.051   25181-28246   C02B82/io.lega...AudioLogUtils  io.legado.hos         W     [ProcessVolumeData][[123199]RendererInClient] not slient 70frames change to slient
06-25 13:59:06.330   25181-28246   C02B82/io.lega...AudioLogUtils  io.legado.hos         W     [ProcessVolumeData][[123199]RendererInClient] slient 15frames change to not slient
06-25 13:59:08.170   25181-28246   C02B82/io.lega...AudioLogUtils  io.legado.hos         I     [IncSoundData][[123199]RendererInClient] MONO = 2984, counts: 100
06-25 13:59:08.289   25181-28246   C02B82/io.lega...AudioLogUtils  io.legado.hos         W     [ProcessVolumeData][[123199]RendererInClient] not slient 104frames change to slient
06-25 13:59:08.370   25181-28246   C02B82/io.lega...AudioLogUtils  io.legado.hos         W     [ProcessVolumeData][[123199]RendererInClient] slient 6frames change to not slient
06-25 13:59:08.729   25181-28246   C02B82/io.lega...AudioLogUtils  io.legado.hos         W     [ProcessVolumeData][[123199]RendererInClient] not slient 17frames change to slient
06-25 13:59:08.729   25181-28246   C02B82/io.lega...AudioLogUtils  io.legado.hos         W     [ProcessVolumeData][[123199]RendererInClient] slient 2frames change to not slient
06-25 13:59:10.310   25181-28246   C02B82/io.lega...AudioLogUtils  io.legado.hos         W     [ProcessVolumeData][[123199]RendererInClient] not slient 83frames change to slient
06-25 13:59:10.590   25181-28246   C02B82/io.lega...AudioLogUtils  io.legado.hos         W     [ProcessVolumeData][[123199]RendererInClient] slient 15frames change to not slient
06-25 13:59:10.970   25181-28246   C02B82/io.lega...AudioLogUtils  io.legado.hos         W     [ProcessVolumeData][[123199]RendererInClient] not slient 24frames change to slient
06-25 13:59:11.049   25181-28246   C02B82/io.lega...AudioLogUtils  io.legado.hos         W     [ProcessVolumeData][[123199]RendererInClient] slient 1frames change to not slient
06-25 13:59:12.750   25181-28246   C02B82/io.lega...AudioLogUtils  io.legado.hos         W     [ProcessVolumeData][[123199]RendererInClient] not slient 92frames change to slient
06-25 13:59:13.029   25181-28246   C02B82/io.lega...AudioLogUtils  io.legado.hos         W     [ProcessVolumeData][[123199]RendererInClient] slient 16frames change to not slient
06-25 13:59:14.494   25181-28246   C02B82/io.lega...AudioLogUtils  io.legado.hos         W     [ProcessVolumeData][[123199]RendererInClient] not slient 80frames change to slient
06-25 13:59:14.693   25181-28246   C02B82/io.lega...AudioLogUtils  io.legado.hos         W     [ProcessVolumeData][[123199]RendererInClient] slient 9frames change to not slient
06-25 13:59:16.531   25181-28246   C02B82/io.lega...AudioLogUtils  io.legado.hos         I     [IncSoundData][[123199]RendererInClient] MONO = 992, counts: 100
06-25 13:59:16.931   25181-28246   C02B82/io.lega...AudioLogUtils  io.legado.hos         W     [ProcessVolumeData][[123199]RendererInClient] not slient 122frames change to slient
06-25 13:59:17.095   25181-28246   C02B82/io.lega...AudioLogUtils  io.legado.hos         W     [ProcessVolumeData][[123199]RendererInClient] slient 10frames change to not slient
06-25 13:59:18.392   25181-28246   C02B82/io.lega...AudioLogUtils  io.legado.hos         W     [ProcessVolumeData][[123199]RendererInClient] not slient 70frames change to slient
06-25 13:59:18.772   25181-28246   C02B82/io.lega...AudioLogUtils  io.legado.hos         W     [ProcessVolumeData][[123199]RendererInClient] slient 17frames change to not slient
06-25 13:59:20.633   25181-28246   C02B82/io.lega...AudioLogUtils  io.legado.hos         I     [IncSoundData][[123199]RendererInClient] MONO = 1953, counts: 100
06-25 13:59:22.492   25181-28246   C02B82/io.lega...AudioLogUtils  io.legado.hos         I     [IncSoundData][[123199]RendererInClient] MONO = 5063, counts: 200
06-25 13:59:22.771   25181-28246   C02B82/io.lega...AudioLogUtils  io.legado.hos         W     [ProcessVolumeData][[123199]RendererInClient] not slient 217frames change to slient
06-25 13:59:23.031   25181-28246   C02B82/io.lega...AudioLogUtils  io.legado.hos         W     [ProcessVolumeData][[123199]RendererInClient] slient 15frames change to not slient
