06-25 13:57:26.119   25181-25315   C02100/io.legado.hos/AI_INNER   io.legado.hos         I     [(OnData)]onData, requestId: tts_5, bufferLen: 3840
06-25 13:57:26.201   25181-25315   C02100/io.legado.hos/AI_INNER   io.legado.hos         I     [(OnData)]onData, requestId: tts_5, bufferLen: 1408
06-25 13:57:26.325   25181-25315   C02100/io.legado.hos/AI_INNER   io.legado.hos         I     [(OnData)]onData, requestId: tts_5, bufferLen: 10240
06-25 13:57:26.474   25181-28246   C02B82/io.lega...AudioLogUtils  io.legado.hos         W     [ProcessVolumeData][[123199]RendererInClient] not slient 294frames change to slient
06-25 13:57:26.478   25181-25347   C02100/io.legado.hos/AI_INNER   io.legado.hos         I     [(OnData)]onData, requestId: tts_5, bufferLen: 640
06-25 13:57:26.479   25181-25315   C02100/io.legado.hos/AI_INNER   io.legado.hos         I     [(OnData)]onData, requestId: tts_5, bufferLen: 15872
06-25 13:57:26.479   25181-25315   C02100/io.legado.hos/AI_INNER   io.legado.hos         I     [(OnData)]onData, requestId: tts_5, bufferLen: 7680
06-25 13:57:26.590   25181-25315   C02100/io.legado.hos/AI_INNER   io.legado.hos         I     [(OnData)]onData, requestId: tts_5, bufferLen: 1408
06-25 13:57:26.672   25181-28246   C02B82/io.lega...AudioLogUtils  io.legado.hos         W     [ProcessVolumeData][[123199]RendererInClient] slient 9frames change to not slient
06-25 13:57:26.723   25181-25315   C02100/io.legado.hos/AI_INNER   io.legado.hos         I     [(OnData)]onData, requestId: tts_5, bufferLen: 10240
06-25 13:57:26.821   25181-25315   C02100/io.legado.hos/AI_INNER   io.legado.hos         I     [(OnData)]onData, requestId: tts_5, bufferLen: 10240
06-25 13:57:26.940   25181-25315   C02100/io.legado.hos/AI_INNER   io.legado.hos         I     [(OnData)]onData, requestId: tts_5, bufferLen: 10240
06-25 13:57:27.047   25181-25315   C02100/io.legado.hos/AI_INNER   io.legado.hos         I     [(OnData)]onData, requestId: tts_5, bufferLen: 10240
06-25 13:57:27.154   25181-25315   C02100/io.legado.hos/AI_INNER   io.legado.hos         I     [(OnData)]onData, requestId: tts_5, bufferLen: 10240
06-25 13:57:27.260   25181-25315   C02100/io.legado.hos/AI_INNER   io.legado.hos         I     [(OnData)]onData, requestId: tts_5, bufferLen: 10240
06-25 13:57:27.384   25181-25315   C02100/io.legado.hos/AI_INNER   io.legado.hos         I     [(OnData)]onData, requestId: tts_5, bufferLen: 10240
06-25 13:57:27.492   25181-25315   C02100/io.legado.hos/AI_INNER   io.legado.hos         I     [(OnData)]onData, requestId: tts_5, bufferLen: 10240
06-25 13:57:27.613   25181-25347   C02100/io.legado.hos/AI_INNER   io.legado.hos         I     [(OnData)]onData, requestId: tts_5, bufferLen: 644
06-25 13:57:27.613   25181-25315   C02100/io.legado.hos/AI_INNER   io.legado.hos         I     [(OnData)]onData, requestId: tts_5, bufferLen: 10752
06-25 13:57:27.614   25181-25353   C02100/io.legado.hos/AI_INNER   io.legado.hos         I     [(OnData)]onData, requestId: tts_5, bufferLen: 3840
06-25 13:57:27.710   25181-25315   C02100/io.legado.hos/AI_INNER   io.legado.hos         I     [(OnData)]onData, requestId: tts_5, bufferLen: 1408
06-25 13:57:27.839   25181-25315   C02100/io.legado.hos/AI_INNER   io.legado.hos         I     [(OnData)]onData, requestId: tts_5, bufferLen: 10240
06-25 13:57:27.944   25181-25315   C02100/io.legado.hos/AI_INNER   io.legado.hos         I     [(OnData)]onData, requestId: tts_5, bufferLen: 10240
06-25 13:57:28.039   25181-25315   C02100/io.legado.hos/AI_INNER   io.legado.hos         I     [(OnData)]onData, requestId: tts_5, bufferLen: 10240
06-25 13:57:28.112   25181-25315   C02100/io.legado.hos/AI_INNER   io.legado.hos         I     [(OnData)]onData, requestId: tts_5, bufferLen: 10240
06-25 13:57:28.211   25181-25353   C02100/io.legado.hos/AI_INNER   io.legado.hos         I     [(OnData)]onData, requestId: tts_5, bufferLen: 384
06-25 13:57:28.211   25181-25315   C02100/io.legado.hos/AI_INNER   io.legado.hos         I     [(OnData)]onData, requestId: tts_5, bufferLen: 13824
06-25 13:57:28.211   25181-25353   C02100/io.legado.hos/AI_INNER   io.legado.hos         I     [(OnData)]onData, requestId: tts_5, bufferLen: 3840
06-25 13:57:28.283   25181-25315   C02100/io.legado.hos/AI_INNER   io.legado.hos         I     [(OnData)]onData, requestId: tts_5, bufferLen: 1408
06-25 13:57:28.388   25181-25315   C02100/io.legado.hos/AI_INNER   io.legado.hos         I     [(OnData)]onData, requestId: tts_5, bufferLen: 10240
06-25 13:57:28.486   25181-25315   C02100/io.legado.hos/AI_INNER   io.legado.hos         I     [(OnData)]onData, requestId: tts_5, bufferLen: 10240
06-25 13:57:28.512   25181-28246   C02B82/io.lega...AudioLogUtils  io.legado.hos         I     [IncSoundData][[123199]RendererInClient] MONO = 2406, counts: 100
06-25 13:57:28.560   25181-25315   C02100/io.legado.hos/AI_INNER   io.legado.hos         I     [(OnData)]onData, requestId: tts_5, bufferLen: 10240
06-25 13:57:28.613   25181-28246   C02B82/io.lega...AudioLogUtils  io.legado.hos         W     [ProcessVolumeData][[123199]RendererInClient] not slient 107frames change to slient
06-25 13:57:28.659   25181-25353   C02100/io.legado.hos/AI_INNER   io.legado.hos         I     [(OnData)]onData, requestId: tts_5, bufferLen: 640
06-25 13:57:28.660   25181-25315   C02100/io.legado.hos/AI_INNER   io.legado.hos         I     [(OnData)]onData, requestId: tts_5, bufferLen: 11776
06-25 13:57:28.663   25181-25315   C02100/io.legado.hos/AI_INNER   io.legado.hos         I     [(OnData)]onData, requestId: tts_5, bufferLen: 7680
06-25 13:57:28.757   25181-25315   C02100/io.legado.hos/AI_INNER   io.legado.hos         I     [(OnData)]onData, requestId: tts_5, bufferLen: 1408
06-25 13:57:28.852   25181-25315   C02100/io.legado.hos/AI_INNER   io.legado.hos         I     [(OnData)]onData, requestId: tts_5, bufferLen: 10240
06-25 13:57:28.893   25181-28246   C02B82/io.lega...AudioLogUtils  io.legado.hos         W     [ProcessVolumeData][[123199]RendererInClient] slient 15frames change to not slient
06-25 13:57:28.960   25181-25315   C02100/io.legado.hos/AI_INNER   io.legado.hos         I     [(OnData)]onData, requestId: tts_5, bufferLen: 10240
06-25 13:57:29.051   25181-25315   C02100/io.legado.hos/AI_INNER   io.legado.hos         I     [(OnData)]onData, requestId: tts_5, bufferLen: 10240
06-25 13:57:29.139   25181-25315   C02100/io.legado.hos/AI_INNER   io.legado.hos         I     [(OnData)]onData, requestId: tts_5, bufferLen: 10240
06-25 13:57:29.225   25181-25315   C02100/io.legado.hos/AI_INNER   io.legado.hos         I     [(OnData)]onData, requestId: tts_5, bufferLen: 10240
06-25 13:57:29.326   25181-25315   C02100/io.legado.hos/AI_INNER   io.legado.hos         I     [(OnData)]onData, requestId: tts_5, bufferLen: 10240
06-25 13:57:29.405   25181-25315   C02100/io.legado.hos/AI_INNER   io.legado.hos         I     [(OnData)]onData, requestId: tts_5, bufferLen: 10240
06-25 13:57:29.481   25181-25315   C02100/io.legado.hos/AI_INNER   io.legado.hos         I     [(OnData)]onData, requestId: tts_5, bufferLen: 10240
06-25 13:57:29.585   25181-25315   C02100/io.legado.hos/AI_INNER   io.legado.hos         I     [(OnData)]onData, requestId: tts_5, bufferLen: 10240
06-25 13:57:29.702   25181-25315   C02100/io.legado.hos/AI_INNER   io.legado.hos         I     [(OnData)]onData, requestId: tts_5, bufferLen: 12288
06-25 13:57:29.703   25181-25353   C02100/io.legado.hos/AI_INNER   io.legado.hos         I     [(OnData)]onData, requestId: tts_5, bufferLen: 644
06-25 13:57:29.705   25181-25353   C02100/io.legado.hos/AI_INNER   io.legado.hos         I     [(OnData)]onData, requestId: tts_5, bufferLen: 3840
06-25 13:57:29.819   25181-25353   C02100/io.legado.hos/AI_INNER   io.legado.hos         I     [(OnData)]onData, requestId: tts_5, bufferLen: 1408
06-25 13:57:29.954   25181-25353   C02100/io.legado.hos/AI_INNER   io.legado.hos         I     [(OnData)]onData, requestId: tts_5, bufferLen: 10240
06-25 13:57:30.049   25181-25353   C02100/io.legado.hos/AI_INNER   io.legado.hos         I     [(OnData)]onData, requestId: tts_5, bufferLen: 10240
06-25 13:57:30.174   25181-25353   C02100/io.legado.hos/AI_INNER   io.legado.hos         I     [(OnData)]onData, requestId: tts_5, bufferLen: 10240
06-25 13:57:30.261   25181-25353   C02100/io.legado.hos/AI_INNER   io.legado.hos         I     [(OnData)]onData, requestId: tts_5, bufferLen: 10240
06-25 13:57:30.355   25181-25353   C02100/io.legado.hos/AI_INNER   io.legado.hos         I     [(OnData)]onData, requestId: tts_5, bufferLen: 10240
06-25 13:57:30.425   25181-25353   C02100/io.legado.hos/AI_INNER   io.legado.hos         I     [(OnData)]onData, requestId: tts_5, bufferLen: 9728
06-25 13:57:30.425   25181-25315   C02100/io.legado.hos/AI_INNER   io.legado.hos         I     [(OnData)]onData, requestId: tts_5, bufferLen: 640
06-25 13:57:30.426   25181-25315   C02100/io.legado.hos/AI_INNER   io.legado.hos         I     [(OnData)]onData, requestId: tts_5, bufferLen: 3840
06-25 13:57:30.504   25181-25315   C02100/io.legado.hos/AI_INNER   io.legado.hos         I     [(OnData)]onData, requestId: tts_5, bufferLen: 1408
06-25 13:57:30.607   25181-25315   C02100/io.legado.hos/AI_INNER   io.legado.hos         I     [(OnData)]onData, requestId: tts_5, bufferLen: 10240
06-25 13:57:30.685   25181-25315   C02100/io.legado.hos/AI_INNER   io.legado.hos         I     [(OnData)]onData, requestId: tts_5, bufferLen: 10240
06-25 13:57:30.755   25181-28246   C02B82/io.lega...AudioLogUtils  io.legado.hos         I     [IncSoundData][[123199]RendererInClient] MONO = 1455, counts: 100
06-25 13:57:30.773   25181-25315   C02100/io.legado.hos/AI_INNER   io.legado.hos         I     [(OnData)]onData, requestId: tts_5, bufferLen: 10240
06-25 13:57:30.851   25181-28246   C02B82/io.lega...AudioLogUtils  io.legado.hos         W     [ProcessVolumeData][[123199]RendererInClient] not slient 104frames change to slient
06-25 13:57:30.866   25181-25315   C02100/io.legado.hos/AI_INNER   io.legado.hos         I     [(OnData)]onData, requestId: tts_5, bufferLen: 10240
06-25 13:57:30.932   25181-28246   C02B82/io.lega...AudioLogUtils  io.legado.hos         W     [ProcessVolumeData][[123199]RendererInClient] slient 6frames change to not slient
06-25 13:57:30.950   25181-25315   C02100/io.legado.hos/AI_INNER   io.legado.hos         I     [(OnData)]onData, requestId: tts_5, bufferLen: 10240
06-25 13:57:31.031   25181-25315   C02100/io.legado.hos/AI_INNER   io.legado.hos         I     [(OnData)]onData, requestId: tts_5, bufferLen: 9728
06-25 13:57:31.031   25181-25353   C02100/io.legado.hos/AI_INNER   io.legado.hos         I     [(OnData)]onData, requestId: tts_5, bufferLen: 644
06-25 13:57:31.032   25181-25315   C02100/io.legado.hos/AI_INNER   io.legado.hos         I     [(OnData)]onData, requestId: tts_5, bufferLen: 7680
06-25 13:57:31.114   25181-25315   C02100/io.legado.hos/AI_INNER   io.legado.hos         I     [(OnData)]onData, requestId: tts_5, bufferLen: 1408
06-25 13:57:31.214   25181-25315   C02100/io.legado.hos/AI_INNER   io.legado.hos         I     [(OnData)]onData, requestId: tts_5, bufferLen: 10240
06-25 13:57:31.295   25181-25315   C02100/io.legado.hos/AI_INNER   io.legado.hos         I     [(OnData)]onData, requestId: tts_5, bufferLen: 10240
06-25 13:57:31.379   25181-25315   C02100/io.legado.hos/AI_INNER   io.legado.hos         I     [(OnData)]onData, requestId: tts_5, bufferLen: 10240
06-25 13:57:31.493   25181-28246   C02B82/io.lega...AudioLogUtils  io.legado.hos         W     [ProcessVolumeData][[123199]RendererInClient] not slient 29frames change to slient
06-25 13:57:31.500   25181-25353   C02100/io.legado.hos/AI_INNER   io.legado.hos         I     [(OnData)]onData, requestId: tts_5, bufferLen: 384
06-25 13:57:31.501   25181-25315   C02100/io.legado.hos/AI_INNER   io.legado.hos         I     [(OnData)]onData, requestId: tts_5, bufferLen: 15360
06-25 13:57:31.501   25181-25347   C02100/io.legado.hos/AI_INNER   io.legado.hos         I     [(OnData)]onData, requestId: tts_5, bufferLen: 3840
06-25 13:57:31.572   25181-25347   C02100/io.legado.hos/AI_INNER   io.legado.hos         I     [(OnData)]onData, requestId: tts_5, bufferLen: 1408
06-25 13:57:31.593   25181-28246   C02B82/io.lega...AudioLogUtils  io.legado.hos         W     [ProcessVolumeData][[123199]RendererInClient] slient 2frames change to not slient
06-25 13:57:31.677   25181-25347   C02100/io.legado.hos/AI_INNER   io.legado.hos         I     [(OnData)]onData, requestId: tts_5, bufferLen: 10240
06-25 13:57:31.753   25181-25347   C02100/io.legado.hos/AI_INNER   io.legado.hos         I     [(OnData)]onData, requestId: tts_5, bufferLen: 10240
06-25 13:57:31.835   25181-25347   C02100/io.legado.hos/AI_INNER   io.legado.hos         I     [(OnData)]onData, requestId: tts_5, bufferLen: 10240
06-25 13:57:31.937   25181-25315   C02100/io.legado.hos/AI_INNER   io.legado.hos         I     [(OnData)]onData, requestId: tts_5, bufferLen: 384
06-25 13:57:31.938   25181-25347   C02100/io.legado.hos/AI_INNER   io.legado.hos         I     [(OnData)]onData, requestId: tts_5, bufferLen: 13824
06-25 13:57:31.939   25181-25315   C02100/io.legado.hos/AI_INNER   io.legado.hos         I     [(OnData)]onData, requestId: tts_5, bufferLen: 7680
06-25 13:57:31.940   25181-25315   C02100/io.legado.hos/AI_INNER   io.legado.hos         I     [(OnRemoteRequest)]onRemoteRequest, code = 4 [onComplete]
06-25 13:57:31.940   25181-25315   C02100/io.legado.hos/AI_INNER   io.legado.hos         I     [(OnResult)]onResult code: 4, req id: tts_5, res: {"type":0,"msg":"synthesis complete","count":205}
06-25 13:57:31.941   25181-25315   C02100/io.legado.hos/AI_INNER   io.legado.hos         I     [(GetEngineByName)]GetEngineByName get rw_lock, map size: 0, engineName:
06-25 13:57:31.941   25181-25315   C02100/io.legado.hos/AI_INNER   io.legado.hos         I     [(OnResult)]onComplete, engineName:
06-25 13:57:31.941   25181-25315   C02100/io.legado.hos/AI_INNER   io.legado.hos         I     [(onCompleteWait)]Field 'count' = 205
06-25 13:57:31.941   25181-25315   C02100/io.legado.hos/AI_INNER   io.legado.hos         I     [(onCompleteWait)]onComplete received after all OnData returns, count: 205
06-25 13:57:31.942   25181-25181   A03D00/io.legado.hos/JSAPP      io.legado.hos         I     [TTS] onComplete chunk=1/2
06-25 13:57:31.942   25181-25181   A03D00/io.legado.hos/JSAPP      io.legado.hos         I     [TTS] synthesize chunk 1 len=196 req=tts_6
06-25 13:57:31.943   25181-25181   C02100/io.legado.hos/AI_TEXT    io.legado.hos         I     [(ParseProperty)]NapiParser::ParseProperty: [supportFeatures] field does not exist, use default
06-25 13:57:31.944   25181-25181   C02100/io.legado.hos/AI_TEXT    io.legado.hos         I     [(ParseProperty)]NapiParser::ParseProperty: [languageContext] field does not exist, use default
06-25 13:57:31.944   25181-25181   C02100/io.legado.hos/AI_TEXT    io.legado.hos         I     [(ParseProperty)]NapiParser::ParseProperty: [audioType] field does not exist, use default
06-25 13:57:31.944   25181-25181   C02100/io.legado.hos/AI_TEXT    io.legado.hos         I     [(ParseProperty)]NapiParser::ParseProperty: [audioChannel] sys app check result = 0
06-25 13:57:31.944   25181-25181   C02100/io.legado.hos/AI_TEXT    io.legado.hos         I     [(ParseProperty)]NapiParser::ParseProperty: [channelType] sys app check result = 0
06-25 13:57:31.945   25181-25181   C02100/io.legado.hos/AI_TEXT    io.legado.hos         I     [(UnwrapEngine)]EngineName: , online: 1.00, isFollowXy: 0
06-25 13:57:31.945   25181-25181   C02100/io.legado.hos/AI_INNER   io.legado.hos         I     [(GetEngineByName)]GetEngineByName get rw_lock, map size: 0, engineName:
06-25 13:57:31.945   25181-25181   C02100/io.legado.hos/AI_INNER   io.legado.hos         I     [(TtsSpeakSendRequest)]tts speak send request start
06-25 13:57:31.945   25181-25181   C02100/io.legado.hos/AI_INNER   io.legado.hos         I     [(RunCapabilityInner)]function callbacked start
06-25 13:57:31.946   25181-25181   C02100/io.legado.hos/AI_INNER   io.legado.hos         I     [(RunCapabilityInner)]send result : 0
06-25 13:57:31.946   25181-25181   C02100/io.legado.hos/AI_INNER   io.legado.hos         I     [(TtsSpeakSendRequest)]tts speak send request completed
06-25 13:57:31.986   25181-25315   C02100/io.legado.hos/AI_INNER   io.legado.hos         I     [(OnRemoteRequest)]onRemoteRequest, code = 2 [onStart]
06-25 13:57:31.986   25181-25315   C02100/io.legado.hos/AI_INNER   io.legado.hos         I     [(OnResult)]onResult code: 2, req id: tts_6, res: {"audioType":"pcm","sampleRate":16000,"sampleBit":16,"audioChannel":3}
06-25 13:57:31.986   25181-25315   C02100/io.legado.hos/AI_INNER   io.legado.hos         I     [(GetEngineByName)]GetEngineByName get rw_lock, map size: 0, engineName:
06-25 13:57:31.987   25181-25181   A03D00/io.legado.hos/JSAPP      io.legado.hos         I     [TTS] onStart
06-25 13:57:32.093   25181-25315   C02100/io.legado.hos/AI_INNER   io.legado.hos         I     [(OnData)]onData, requestId: tts_6, bufferLen: 1408
06-25 13:57:32.194   25181-25315   C02100/io.legado.hos/AI_INNER   io.legado.hos         I     [(OnData)]onData, requestId: tts_6, bufferLen: 10240
06-25 13:57:32.275   25181-25315   C02100/io.legado.hos/AI_INNER   io.legado.hos         I     [(OnData)]onData, requestId: tts_6, bufferLen: 10240
06-25 13:57:32.355   25181-25315   C02100/io.legado.hos/AI_INNER   io.legado.hos         I     [(OnData)]onData, requestId: tts_6, bufferLen: 10240
06-25 13:57:32.447   25181-25315   C02100/io.legado.hos/AI_INNER   io.legado.hos         I     [(OnData)]onData, requestId: tts_6, bufferLen: 10240
06-25 13:57:32.533   25181-25315   C02100/io.legado.hos/AI_INNER   io.legado.hos         I     [(OnData)]onData, requestId: tts_6, bufferLen: 10240
06-25 13:57:32.599   25181-25315   C02100/io.legado.hos/AI_INNER   io.legado.hos         I     [(OnData)]onData, requestId: tts_6, bufferLen: 8704
06-25 13:57:32.600   25181-25347   C02100/io.legado.hos/AI_INNER   io.legado.hos         I     [(OnData)]onData, requestId: tts_6, bufferLen: 644
06-25 13:57:32.600   25181-25353   C02100/io.legado.hos/AI_INNER   io.legado.hos         I     [(OnData)]onData, requestId: tts_6, bufferLen: 3840
06-25 13:57:32.699   25181-25353   C02100/io.legado.hos/AI_INNER   io.legado.hos         I     [(OnData)]onData, requestId: tts_6, bufferLen: 1408
06-25 13:57:32.795   25181-25353   C02100/io.legado.hos/AI_INNER   io.legado.hos         I     [(OnData)]onData, requestId: tts_6, bufferLen: 10240
06-25 13:57:32.876   25181-25353   C02100/io.legado.hos/AI_INNER   io.legado.hos         I     [(OnData)]onData, requestId: tts_6, bufferLen: 10240
06-25 13:57:32.957   25181-25353   C02100/io.legado.hos/AI_INNER   io.legado.hos         I     [(OnData)]onData, requestId: tts_6, bufferLen: 10240
06-25 13:57:33.052   25181-25353   C02100/io.legado.hos/AI_INNER   io.legado.hos         I     [(OnData)]onData, requestId: tts_6, bufferLen: 10240
06-25 13:57:33.133   25181-25353   C02100/io.legado.hos/AI_INNER   io.legado.hos         I     [(OnData)]onData, requestId: tts_6, bufferLen: 10240
06-25 13:57:33.221   25181-25353   C02100/io.legado.hos/AI_INNER   io.legado.hos         I     [(OnData)]onData, requestId: tts_6, bufferLen: 10240
06-25 13:57:33.306   25181-25353   C02100/io.legado.hos/AI_INNER   io.legado.hos         I     [(OnData)]onData, requestId: tts_6, bufferLen: 10240
06-25 13:57:33.353   25181-28246   C02B82/io.lega...AudioLogUtils  io.legado.hos         I     [IncSoundData][[123199]RendererInClient] MONO = 3053, counts: 100
06-25 13:57:33.428   25181-25347   C02100/io.legado.hos/AI_INNER   io.legado.hos         I     [(OnData)]onData, requestId: tts_6, bufferLen: 640
06-25 13:57:33.429   25181-25353   C02100/io.legado.hos/AI_INNER   io.legado.hos         I     [(OnData)]onData, requestId: tts_6, bufferLen: 13312
06-25 13:57:33.430   25181-25315   C02100/io.legado.hos/AI_INNER   io.legado.hos         I     [(OnData)]onData, requestId: tts_6, bufferLen: 7680
06-25 13:57:33.522   25181-25315   C02100/io.legado.hos/AI_INNER   io.legado.hos         I     [(OnData)]onData, requestId: tts_6, bufferLen: 1408
06-25 13:57:33.621   25181-25315   C02100/io.legado.hos/AI_INNER   io.legado.hos         I     [(OnData)]onData, requestId: tts_6, bufferLen: 10240
06-25 13:57:33.687   25181-25315   C02100/io.legado.hos/AI_INNER   io.legado.hos         I     [(OnData)]onData, requestId: tts_6, bufferLen: 10240
06-25 13:57:33.777   25181-25315   C02100/io.legado.hos/AI_INNER   io.legado.hos         I     [(OnData)]onData, requestId: tts_6, bufferLen: 10240
06-25 13:57:33.869   25181-25315   C02100/io.legado.hos/AI_INNER   io.legado.hos         I     [(OnData)]onData, requestId: tts_6, bufferLen: 10240
06-25 13:57:33.953   25181-25315   C02100/io.legado.hos/AI_INNER   io.legado.hos         I     [(OnData)]onData, requestId: tts_6, bufferLen: 10240
06-25 13:57:34.058   25181-25347   C02100/io.legado.hos/AI_INNER   io.legado.hos         I     [(OnData)]onData, requestId: tts_6, bufferLen: 640
06-25 13:57:34.058   25181-25353   C02100/io.legado.hos/AI_INNER   io.legado.hos         I     [(OnData)]onData, requestId: tts_6, bufferLen: 3840
06-25 13:57:34.060   25181-25315   C02100/io.legado.hos/AI_INNER   io.legado.hos         I     [(OnData)]onData, requestId: tts_6, bufferLen: 14336
06-25 13:57:34.152   25181-25315   C02100/io.legado.hos/AI_INNER   io.legado.hos         I     [(OnData)]onData, requestId: tts_6, bufferLen: 1408
06-25 13:57:34.257   25181-25315   C02100/io.legado.hos/AI_INNER   io.legado.hos         I     [(OnData)]onData, requestId: tts_6, bufferLen: 10240
06-25 13:57:34.343   25181-25315   C02100/io.legado.hos/AI_INNER   io.legado.hos         I     [(OnData)]onData, requestId: tts_6, bufferLen: 10240
06-25 13:57:34.426   25181-25315   C02100/io.legado.hos/AI_INNER   io.legado.hos         I     [(OnData)]onData, requestId: tts_6, bufferLen: 10240
06-25 13:57:34.524   25181-25315   C02100/io.legado.hos/AI_INNER   io.legado.hos         I     [(OnData)]onData, requestId: tts_6, bufferLen: 10240
06-25 13:57:34.606   25181-25315   C02100/io.legado.hos/AI_INNER   io.legado.hos         I     [(OnData)]onData, requestId: tts_6, bufferLen: 10240
06-25 13:57:34.710   25181-25315   C02100/io.legado.hos/AI_INNER   io.legado.hos         I     [(OnData)]onData, requestId: tts_6, bufferLen: 10240
06-25 13:57:34.795   25181-25315   C02100/io.legado.hos/AI_INNER   io.legado.hos         I     [(OnData)]onData, requestId: tts_6, bufferLen: 10240
06-25 13:57:34.863   25181-25315   C02100/io.legado.hos/AI_INNER   io.legado.hos         I     [(OnData)]onData, requestId: tts_6, bufferLen: 9216
06-25 13:57:34.863   25181-25347   C02100/io.legado.hos/AI_INNER   io.legado.hos         I     [(OnData)]onData, requestId: tts_6, bufferLen: 644
06-25 13:57:34.864   25181-25347   C02100/io.legado.hos/AI_INNER   io.legado.hos         I     [(OnData)]onData, requestId: tts_6, bufferLen: 3840
06-25 13:57:34.932   25181-28246   C02B82/io.lega...AudioLogUtils  io.legado.hos         W     [ProcessVolumeData][[123199]RendererInClient] not slient 180frames change to slient
06-25 13:57:34.945   25181-25347   C02100/io.legado.hos/AI_INNER   io.legado.hos         I     [(OnData)]onData, requestId: tts_6, bufferLen: 1408
06-25 13:57:35.060   25181-25347   C02100/io.legado.hos/AI_INNER   io.legado.hos         I     [(OnData)]onData, requestId: tts_6, bufferLen: 10240
06-25 13:57:35.141   25181-25347   C02100/io.legado.hos/AI_INNER   io.legado.hos         I     [(OnData)]onData, requestId: tts_6, bufferLen: 10240
06-25 13:57:35.212   25181-28246   C02B82/io.lega...AudioLogUtils  io.legado.hos         W     [ProcessVolumeData][[123199]RendererInClient] slient 16frames change to not slient
06-25 13:57:35.222   25181-25347   C02100/io.legado.hos/AI_INNER   io.legado.hos         I     [(OnData)]onData, requestId: tts_6, bufferLen: 10240
06-25 13:57:35.324   25181-25315   C02100/io.legado.hos/AI_INNER   io.legado.hos         I     [(OnData)]onData, requestId: tts_6, bufferLen: 640
06-25 13:57:35.325   25181-25347   C02100/io.legado.hos/AI_INNER   io.legado.hos         I     [(OnData)]onData, requestId: tts_6, bufferLen: 13824
06-25 13:57:35.326   25181-25347   C02100/io.legado.hos/AI_INNER   io.legado.hos         I     [(OnData)]onData, requestId: tts_6, bufferLen: 7680
06-25 13:57:35.406   25181-25347   C02100/io.legado.hos/AI_INNER   io.legado.hos         I     [(OnData)]onData, requestId: tts_6, bufferLen: 1408
06-25 13:57:35.504   25181-25347   C02100/io.legado.hos/AI_INNER   io.legado.hos         I     [(OnData)]onData, requestId: tts_6, bufferLen: 10240
06-25 13:57:35.586   25181-25347   C02100/io.legado.hos/AI_INNER   io.legado.hos         I     [(OnData)]onData, requestId: tts_6, bufferLen: 10240
06-25 13:57:35.679   25181-25347   C02100/io.legado.hos/AI_INNER   io.legado.hos         I     [(OnData)]onData, requestId: tts_6, bufferLen: 10240
06-25 13:57:35.760   25181-25347   C02100/io.legado.hos/AI_INNER   io.legado.hos         I     [(OnData)]onData, requestId: tts_6, bufferLen: 10240
06-25 13:57:35.873   25181-25347   C02100/io.legado.hos/AI_INNER   io.legado.hos         I     [(OnData)]onData, requestId: tts_6, bufferLen: 14848
06-25 13:57:35.875   25181-25347   C02100/io.legado.hos/AI_INNER   io.legado.hos         I     [(OnData)]onData, requestId: tts_6, bufferLen: 640
06-25 13:57:35.876   25181-25315   C02100/io.legado.hos/AI_INNER   io.legado.hos         I     [(OnData)]onData, requestId: tts_6, bufferLen: 3840
06-25 13:57:35.965   25181-25315   C02100/io.legado.hos/AI_INNER   io.legado.hos         I     [(OnData)]onData, requestId: tts_6, bufferLen: 1408
06-25 13:57:36.069   25181-25315   C02100/io.legado.hos/AI_INNER   io.legado.hos         I     [(OnData)]onData, requestId: tts_6, bufferLen: 10240
06-25 13:57:36.151   25181-25315   C02100/io.legado.hos/AI_INNER   io.legado.hos         I     [(OnData)]onData, requestId: tts_6, bufferLen: 10240
06-25 13:57:36.236   25181-25315   C02100/io.legado.hos/AI_INNER   io.legado.hos         I     [(OnData)]onData, requestId: tts_6, bufferLen: 10240
06-25 13:57:36.321   25181-25315   C02100/io.legado.hos/AI_INNER   io.legado.hos         I     [(OnData)]onData, requestId: tts_6, bufferLen: 10240
06-25 13:57:36.403   25181-25315   C02100/io.legado.hos/AI_INNER   io.legado.hos         I     [(OnData)]onData, requestId: tts_6, bufferLen: 10240
06-25 13:57:36.491   25181-25315   C02100/io.legado.hos/AI_INNER   io.legado.hos         I     [(OnData)]onData, requestId: tts_6, bufferLen: 10240
06-25 13:57:36.624   25181-25347   C02100/io.legado.hos/AI_INNER   io.legado.hos         I     [(OnData)]onData, requestId: tts_6, bufferLen: 388
06-25 13:57:36.625   25181-25315   C02100/io.legado.hos/AI_INNER   io.legado.hos         I     [(OnData)]onData, requestId: tts_6, bufferLen: 17920
06-25 13:57:36.626   25181-25347   C02100/io.legado.hos/AI_INNER   io.legado.hos         I     [(OnData)]onData, requestId: tts_6, bufferLen: 7680
06-25 13:57:36.726   25181-25347   C02100/io.legado.hos/AI_INNER   io.legado.hos         I     [(OnData)]onData, requestId: tts_6, bufferLen: 1408
06-25 13:57:36.793   25181-28246   C02B82/io.lega...AudioLogUtils  io.legado.hos         W     [ProcessVolumeData][[123199]RendererInClient] not slient 88frames change to slient
06-25 13:57:36.815   25181-25347   C02100/io.legado.hos/AI_INNER   io.legado.hos         I     [(OnData)]onData, requestId: tts_6, bufferLen: 10240
06-25 13:57:36.896   25181-25347   C02100/io.legado.hos/AI_INNER   io.legado.hos         I     [(OnData)]onData, requestId: tts_6, bufferLen: 10240
06-25 13:57:36.972   25181-28246   C02B82/io.lega...AudioLogUtils  io.legado.hos         W     [ProcessVolumeData][[123199]RendererInClient] slient 9frames change to not slient
06-25 13:57:36.976   25181-25347   C02100/io.legado.hos/AI_INNER   io.legado.hos         I     [(OnData)]onData, requestId: tts_6, bufferLen: 10240
06-25 13:57:37.076   25181-25347   C02100/io.legado.hos/AI_INNER   io.legado.hos         I     [(OnData)]onData, requestId: tts_6, bufferLen: 10240
06-25 13:57:37.154   25181-25347   C02100/io.legado.hos/AI_INNER   io.legado.hos         I     [(OnData)]onData, requestId: tts_6, bufferLen: 10240
06-25 13:57:37.247   25181-25347   C02100/io.legado.hos/AI_INNER   io.legado.hos         I     [(OnData)]onData, requestId: tts_6, bufferLen: 10240
06-25 13:57:37.328   25181-25347   C02100/io.legado.hos/AI_INNER   io.legado.hos         I     [(OnData)]onData, requestId: tts_6, bufferLen: 10240
06-25 13:57:37.427   25181-25347   C02100/io.legado.hos/AI_INNER   io.legado.hos         I     [(OnData)]onData, requestId: tts_6, bufferLen: 10240
06-25 13:57:37.555   25181-25347   C02100/io.legado.hos/AI_INNER   io.legado.hos         I     [(OnData)]onData, requestId: tts_6, bufferLen: 10240
06-25 13:57:37.659   25181-25347   C02100/io.legado.hos/AI_INNER   io.legado.hos         I     [(OnData)]onData, requestId: tts_6, bufferLen: 10240
06-25 13:57:37.785   25181-25315   C02100/io.legado.hos/AI_INNER   io.legado.hos         I     [(OnData)]onData, requestId: tts_6, bufferLen: 384
06-25 13:57:37.786   25181-25347   C02100/io.legado.hos/AI_INNER   io.legado.hos         I     [(OnData)]onData, requestId: tts_6, bufferLen: 12800
06-25 13:57:37.793   25181-25353   C02100/io.legado.hos/AI_INNER   io.legado.hos         I     [(OnData)]onData, requestId: tts_6, bufferLen: 3840
06-25 13:57:37.879   25181-25353   C02100/io.legado.hos/AI_INNER   io.legado.hos         I     [(OnData)]onData, requestId: tts_6, bufferLen: 1408
06-25 13:57:37.987   25181-25353   C02100/io.legado.hos/AI_INNER   io.legado.hos         I     [(OnData)]onData, requestId: tts_6, bufferLen: 10240
06-25 13:57:38.106   25181-25347   C02100/io.legado.hos/AI_INNER   io.legado.hos         I     [(OnData)]onData, requestId: tts_6, bufferLen: 640
06-25 13:57:38.107   25181-25353   C02100/io.legado.hos/AI_INNER   io.legado.hos         I     [(OnData)]onData, requestId: tts_6, bufferLen: 12288
06-25 13:57:38.107   25181-25315   C02100/io.legado.hos/AI_INNER   io.legado.hos         I     [(OnData)]onData, requestId: tts_6, bufferLen: 7680
06-25 13:57:38.206   25181-25315   C02100/io.legado.hos/AI_INNER   io.legado.hos         I     [(OnData)]onData, requestId: tts_6, bufferLen: 1408
06-25 13:57:38.341   25181-25315   C02100/io.legado.hos/AI_INNER   io.legado.hos         I     [(OnData)]onData, requestId: tts_6, bufferLen: 10240
06-25 13:57:38.448   25181-25315   C02100/io.legado.hos/AI_INNER   io.legado.hos         I     [(OnData)]onData, requestId: tts_6, bufferLen: 10240
06-25 13:57:38.556   25181-25315   C02100/io.legado.hos/AI_INNER   io.legado.hos         I     [(OnData)]onData, requestId: tts_6, bufferLen: 10240
06-25 13:57:38.676   25181-25315   C02100/io.legado.hos/AI_INNER   io.legado.hos         I     [(OnData)]onData, requestId: tts_6, bufferLen: 10240
06-25 13:57:38.778   25181-25315   C02100/io.legado.hos/AI_INNER   io.legado.hos         I     [(OnData)]onData, requestId: tts_6, bufferLen: 10240
06-25 13:57:38.834   25181-28246   C02B82/io.lega...AudioLogUtils  io.legado.hos         I     [IncSoundData][[123199]RendererInClient] MONO = 3370, counts: 100
06-25 13:57:38.875   25181-25315   C02100/io.legado.hos/AI_INNER   io.legado.hos         I     [(OnData)]onData, requestId: tts_6, bufferLen: 10240
06-25 13:57:38.878   25181-25315   C02100/io.legado.hos/AI_INNER   io.legado.hos         I     [(OnData)]onData, requestId: tts_6, bufferLen: 388
06-25 13:57:38.880   25181-25315   C02100/io.legado.hos/AI_INNER   io.legado.hos         I     [(OnData)]onData, requestId: tts_6, bufferLen: 3840
06-25 13:57:38.978   25181-25315   C02100/io.legado.hos/AI_INNER   io.legado.hos         I     [(OnData)]onData, requestId: tts_6, bufferLen: 1408
06-25 13:57:39.014   25181-28246   C02B82/io.lega...AudioLogUtils  io.legado.hos         W     [ProcessVolumeData][[123199]RendererInClient] not slient 111frames change to slient
06-25 13:57:39.113   25181-25315   C02100/io.legado.hos/AI_INNER   io.legado.hos         I     [(OnData)]onData, requestId: tts_6, bufferLen: 10240
06-25 13:57:39.216   25181-25315   C02100/io.legado.hos/AI_INNER   io.legado.hos         I     [(OnData)]onData, requestId: tts_6, bufferLen: 10240
06-25 13:57:39.296   25181-28246   C02B82/io.lega...AudioLogUtils  io.legado.hos         W     [ProcessVolumeData][[123199]RendererInClient] slient 15frames change to not slient
06-25 13:57:39.314   25181-25315   C02100/io.legado.hos/AI_INNER   io.legado.hos         I     [(OnData)]onData, requestId: tts_6, bufferLen: 10240
06-25 13:57:39.422   25181-25315   C02100/io.legado.hos/AI_INNER   io.legado.hos         I     [(OnData)]onData, requestId: tts_6, bufferLen: 10240
06-25 13:57:39.518   25181-25315   C02100/io.legado.hos/AI_INNER   io.legado.hos         I     [(OnData)]onData, requestId: tts_6, bufferLen: 10240
06-25 13:57:39.611   25181-25315   C02100/io.legado.hos/AI_INNER   io.legado.hos         I     [(OnData)]onData, requestId: tts_6, bufferLen: 10240
06-25 13:57:39.754   25181-25353   C02100/io.legado.hos/AI_INNER   io.legado.hos         I     [(OnData)]onData, requestId: tts_6, bufferLen: 640
06-25 13:57:39.755   25181-25315   C02100/io.legado.hos/AI_INNER   io.legado.hos         I     [(OnData)]onData, requestId: tts_6, bufferLen: 16384
06-25 13:57:39.758   25181-25315   C02100/io.legado.hos/AI_INNER   io.legado.hos         I     [(OnData)]onData, requestId: tts_6, bufferLen: 7680
06-25 13:57:39.867   25181-25315   C02100/io.legado.hos/AI_INNER   io.legado.hos         I     [(OnData)]onData, requestId: tts_6, bufferLen: 1408
06-25 13:57:40.000   25181-25315   C02100/io.legado.hos/AI_INNER   io.legado.hos         I     [(OnData)]onData, requestId: tts_6, bufferLen: 10240
06-25 13:57:40.102   25181-25315   C02100/io.legado.hos/AI_INNER   io.legado.hos         I     [(OnData)]onData, requestId: tts_6, bufferLen: 10240
06-25 13:57:40.211   25181-25315   C02100/io.legado.hos/AI_INNER   io.legado.hos         I     [(OnData)]onData, requestId: tts_6, bufferLen: 10240
06-25 13:57:40.337   25181-25315   C02100/io.legado.hos/AI_INNER   io.legado.hos         I     [(OnData)]onData, requestId: tts_6, bufferLen: 10240
06-25 13:57:40.445   25181-25315   C02100/io.legado.hos/AI_INNER   io.legado.hos         I     [(OnData)]onData, requestId: tts_6, bufferLen: 10240
06-25 13:57:40.553   25181-25315   C02100/io.legado.hos/AI_INNER   io.legado.hos         I     [(OnData)]onData, requestId: tts_6, bufferLen: 10240
06-25 13:57:40.664   25181-25315   C02100/io.legado.hos/AI_INNER   io.legado.hos         I     [(OnData)]onData, requestId: tts_6, bufferLen: 10240
06-25 13:57:40.812   25181-25353   C02100/io.legado.hos/AI_INNER   io.legado.hos         I     [(OnData)]onData, requestId: tts_6, bufferLen: 640
06-25 13:57:40.813   25181-25347   C02100/io.legado.hos/AI_INNER   io.legado.hos         I     [(OnData)]onData, requestId: tts_6, bufferLen: 3840
06-25 13:57:40.813   25181-25315   C02100/io.legado.hos/AI_INNER   io.legado.hos         I     [(OnData)]onData, requestId: tts_6, bufferLen: 17920
06-25 13:57:40.874   25181-28246   C02B82/io.lega...AudioLogUtils  io.legado.hos         W     [ProcessVolumeData][[123199]RendererInClient] not slient 83frames change to slient
06-25 13:57:40.874   25181-28246   C02B82/io.lega...AudioLogUtils  io.legado.hos         W     [ProcessVolumeData][[123199]RendererInClient] slient 1frames change to not slient
06-25 13:57:40.916   25181-25315   C02100/io.legado.hos/AI_INNER   io.legado.hos         I     [(OnData)]onData, requestId: tts_6, bufferLen: 1408
06-25 13:57:41.048   25181-25315   C02100/io.legado.hos/AI_INNER   io.legado.hos         I     [(OnData)]onData, requestId: tts_6, bufferLen: 10240
06-25 13:57:41.157   25181-25315   C02100/io.legado.hos/AI_INNER   io.legado.hos         I     [(OnData)]onData, requestId: tts_6, bufferLen: 10240
06-25 13:57:41.277   25181-25315   C02100/io.legado.hos/AI_INNER   io.legado.hos         I     [(OnData)]onData, requestId: tts_6, bufferLen: 10240
06-25 13:57:41.384   25181-25315   C02100/io.legado.hos/AI_INNER   io.legado.hos         I     [(OnData)]onData, requestId: tts_6, bufferLen: 10240
06-25 13:57:41.553   25181-25315   C02100/io.legado.hos/AI_INNER   io.legado.hos         I     [(OnData)]onData, requestId: tts_6, bufferLen: 17408
06-25 13:57:41.554   25181-25347   C02100/io.legado.hos/AI_INNER   io.legado.hos         I     [(OnData)]onData, requestId: tts_6, bufferLen: 388
06-25 13:57:41.555   25181-25315   C02100/io.legado.hos/AI_INNER   io.legado.hos         I     [(OnData)]onData, requestId: tts_6, bufferLen: 3840
06-25 13:57:41.657   25181-25315   C02100/io.legado.hos/AI_INNER   io.legado.hos         I     [(OnData)]onData, requestId: tts_6, bufferLen: 1408
06-25 13:57:41.787   25181-25315   C02100/io.legado.hos/AI_INNER   io.legado.hos         I     [(OnData)]onData, requestId: tts_6, bufferLen: 10240
06-25 13:57:41.894   25181-25315   C02100/io.legado.hos/AI_INNER   io.legado.hos         I     [(OnData)]onData, requestId: tts_6, bufferLen: 10240
06-25 13:57:42.001   25181-25315   C02100/io.legado.hos/AI_INNER   io.legado.hos         I     [(OnData)]onData, requestId: tts_6, bufferLen: 10240
06-25 13:57:42.128   25181-25315   C02100/io.legado.hos/AI_INNER   io.legado.hos         I     [(OnData)]onData, requestId: tts_6, bufferLen: 10240
06-25 13:57:42.240   25181-25315   C02100/io.legado.hos/AI_INNER   io.legado.hos         I     [(OnData)]onData, requestId: tts_6, bufferLen: 10240
06-25 13:57:42.359   25181-25315   C02100/io.legado.hos/AI_INNER   io.legado.hos         I     [(OnData)]onData, requestId: tts_6, bufferLen: 10240
06-25 13:57:42.444   25181-25315   C02100/io.legado.hos/AI_INNER   io.legado.hos         I     [(OnData)]onData, requestId: tts_6, bufferLen: 9728
06-25 13:57:42.445   25181-25347   C02100/io.legado.hos/AI_INNER   io.legado.hos         I     [(OnData)]onData, requestId: tts_6, bufferLen: 640
06-25 13:57:42.458   25181-25347   C02100/io.legado.hos/AI_INNER   io.legado.hos         I     [(OnData)]onData, requestId: tts_6, bufferLen: 7680
06-25 13:57:42.480   25181-25347   C02100/io.legado.hos/AI_INNER   io.legado.hos         I     [(OnRemoteRequest)]onRemoteRequest, code = 4 [onComplete]
06-25 13:57:42.480   25181-25347   C02100/io.legado.hos/AI_INNER   io.legado.hos         I     [(OnResult)]onResult code: 4, req id: tts_6, res: {"type":0,"msg":"synthesis complete","count":132}
06-25 13:57:42.480   25181-25347   C02100/io.legado.hos/AI_INNER   io.legado.hos         I     [(GetEngineByName)]GetEngineByName get rw_lock, map size: 0, engineName:
06-25 13:57:42.480   25181-25347   C02100/io.legado.hos/AI_INNER   io.legado.hos         I     [(OnResult)]onComplete, engineName:
06-25 13:57:42.480   25181-25347   C02100/io.legado.hos/AI_INNER   io.legado.hos         I     [(onCompleteWait)]Field 'count' = 132
06-25 13:57:42.480   25181-25347   C02100/io.legado.hos/AI_INNER   io.legado.hos         I     [(onCompleteWait)]onComplete received after all OnData returns, count: 132
06-25 13:57:42.482   25181-25181   A03D00/io.legado.hos/JSAPP      io.legado.hos         I     [TTS] onComplete chunk=2/2
06-25 13:57:42.482   25181-25181   A03D00/io.legado.hos/JSAPP      io.legado.hos         I     [TTS] all chunks synthesized, draining buffer
06-25 13:57:42.733   25181-28246   C02B82/io.lega...AudioLogUtils  io.legado.hos         I     [IncSoundData][[123199]RendererInClient] MONO = 2474, counts: 100
06-25 13:57:43.111   25181-28246   C02B82/io.lega...AudioLogUtils  io.legado.hos         W     [ProcessVolumeData][[123199]RendererInClient] not slient 118frames change to slient
06-25 13:57:43.293   25181-28246   C02B82/io.lega...AudioLogUtils  io.legado.hos         W     [ProcessVolumeData][[123199]RendererInClient] slient 9frames change to not slient
06-25 13:57:44.494   25181-28246   C02B82/io.lega...AudioLogUtils  io.legado.hos         W     [ProcessVolumeData][[123199]RendererInClient] not slient 69frames change to slient
06-25 13:57:44.774   25181-28246   C02B82/io.lega...AudioLogUtils  io.legado.hos         W     [ProcessVolumeData][[123199]RendererInClient] slient 15frames change to not slient
06-25 13:57:45.716   25181-28246   C02B82/io.lega...AudioLogUtils  io.legado.hos         W     [ProcessVolumeData][[123199]RendererInClient] not slient 48frames change to slient
06-25 13:57:45.716   25181-28246   C02B82/io.lega...AudioLogUtils  io.legado.hos         W     [ProcessVolumeData][[123199]RendererInClient] slient 1frames change to not slient
06-25 13:57:47.552   25181-28246   C02B82/io.lega...AudioLogUtils  io.legado.hos         I     [IncSoundData][[123199]RendererInClient] MONO = 3262, counts: 100
06-25 13:57:47.933   25181-28246   C02B82/io.lega...AudioLogUtils  io.legado.hos         W     [ProcessVolumeData][[123199]RendererInClient] not slient 121frames change to slient
06-25 13:57:48.113   25181-28246   C02B82/io.lega...AudioLogUtils  io.legado.hos         W     [ProcessVolumeData][[123199]RendererInClient] slient 9frames change to not slient
06-25 13:57:48.955   25181-28246   C02B82/io.lega...AudioLogUtils  io.legado.hos         W     [ProcessVolumeData][[123199]RendererInClient] not slient 46frames change to slient
06-25 13:57:49.232   25181-28246   C02B82/io.lega...AudioLogUtils  io.legado.hos         W     [ProcessVolumeData][[123199]RendererInClient] slient 15frames change to not slient
06-25 13:57:50.812   25181-28246   C02B82/io.lega...AudioLogUtils  io.legado.hos         W     [ProcessVolumeData][[123199]RendererInClient] not slient 85frames change to slient
06-25 13:57:50.913   25181-28246   C02B82/io.lega...AudioLogUtils  io.legado.hos         W     [ProcessVolumeData][[123199]RendererInClient] slient 1frames change to not slient
06-25 13:57:52.212   25181-28246   C02B82/io.lega...AudioLogUtils  io.legado.hos         W     [ProcessVolumeData][[123199]RendererInClient] not slient 72frames change to slient
06-25 13:57:52.393   25181-28246   C02B82/io.lega...AudioLogUtils  io.legado.hos         W     [ProcessVolumeData][[123199]RendererInClient] slient 9frames change to not slient
06-25 13:57:54.072   25181-28246   C02B82/io.lega...AudioLogUtils  io.legado.hos         W     [ProcessVolumeData][[123199]RendererInClient] not slient 92frames change to slient
06-25 13:57:54.252   25181-28246   C02B82/io.lega...AudioLogUtils  io.legado.hos         W     [ProcessVolumeData][[123199]RendererInClient] slient 9frames change to not slient
06-25 13:57:55.175   25181-28246   C02B82/io.lega...AudioLogUtils  io.legado.hos         W     [ProcessVolumeData][[123199]RendererInClient] not slient 52frames change to slient
06-25 13:57:55.271   25181-28246   C02B82/io.lega...AudioLogUtils  io.legado.hos         W     [ProcessVolumeData][[123199]RendererInClient] slient 1frames change to not slient
06-25 13:57:55.633   25181-28246   C02B82/io.lega...AudioLogUtils  io.legado.hos         W     [ProcessVolumeData][[123199]RendererInClient] not slient 20frames change to slient
06-25 13:57:55.833   25181-28246   C02B82/io.lega...AudioLogUtils  io.legado.hos         W     [ProcessVolumeData][[123199]RendererInClient] slient 14frames change to not slient
06-25 13:57:57.693   25181-28246   C02B82/io.lega...AudioLogUtils  io.legado.hos         I     [IncSoundData][[123199]RendererInClient] MONO = 3266, counts: 100
06-25 13:57:58.602   25181-25181   C01317/io.legado.hos/AppKit     io.legado.hos         I     [MTHRD2834]called
06-25 13:57:58.602   25181-25181   C02100/io.legado.hos/AI_INNER   io.legado.hos         E     [(NotifyApplicationForeground)]TTSStateObserver--OnPageShow
06-25 13:57:58.602   25181-25181   C03F00/io.lega...s/ArkCompiler  io.legado.hos         I     [gc] app is not inBackground
06-25 13:57:58.625   25181-25347   C01332/io.legado.hos/UIAbility  io.legado.hos         I     [ui_ability_thread.cpp321]name:MainAbility,targeState:5,isNewWant:0
06-25 13:57:58.639   25181-25181   C01332/io.legado.hos/UIAbility  io.legado.hos         I     [ui_ability_thread.cpp240]Lifecycle:name MainAbility
06-25 13:57:58.639   25181-25181   C01332/io.legado.hos/UIAbility  io.legado.hos         I     [JUA2015]JsUIAbility call js, name: onWillForeground
06-25 13:57:58.646   25181-25181   A03D00/io.legado.hos/JSAPP      io.legado.hos         I     [MainAbility] onForeground
06-25 13:57:58.666   25181-25314   C04208/io.legado.hos/WMSLayout  io.legado.hos         I     UpdateRect: id:5323 name:hos0 rect:[0 0 1320 2120]->[0 0 1320 2120] reason:23 displayId:0
06-25 13:57:58.667   25181-25181   C03959/io.legado.hos/AceLayout  io.legado.hos         I     [(-2:100000:singleton)] [io.legado.hos][entry][100000]: UpdateViewportConfig Viewport config: size: (1320, 2120) orientation: 0 density: 3.000000 position: (0, 0) transformHint: 0 displayId: 0, windowSizeChangeReason 23, is rsTransaction nullptr 1, updateAvoidAreas size: 5[(0,top [0 0 1320 117] )(1,top [626 24 68 68] )(2,empty)(3,empty)(4,bottom [429 2036 462 84] )], keyboardInfo is null
06-25 13:57:58.667   25181-25181   C04208/io.legado.hos/WMSLayout  io.legado.hos         I     UpdateViewportConfig: Id: 5323, reason: 23, windowRect: [0 0 1320 2120], displayOrientation: 0, config[0, 0, 0, 3.000000]
06-25 13:57:58.679   25181-25314   C04208/io.legado.hos/WMSLayout  io.legado.hos         I     NotifyWindowStatusDidChange: Id:5323, WindowMode:1, windowStatus:1, lastWindowStatus:3, listenerSize:0, rect:[0 0 1320 2120]
06-25 13:57:58.838   25181-25314   C04207/io.legado.hos/WMSFocus   io.legado.hos         I     UpdateFocusState: focus: 1, id: 5323
06-25 13:57:58.839   25181-25314   C03900/io.legado.hos/Ace        io.legado.hos         I     [(-1:100000:singleton)] [io.legado.hos][entry][100000]: window focus
06-25 13:57:58.841   25181-25181   C03900/io.legado.hos/Ace        io.legado.hos         I     [(100000:100000:scope)] Update application state , state: ON_ACTIVE
06-25 13:57:58.841   25181-25181   C01D02/io.lega...ility_asacfwk  io.legado.hos         I     [(SubscribeStateObserver:652)]Observer has subscribed!
06-25 13:57:58.841   25181-25181   C01D02/io.lega...ility_asacfwk  io.legado.hos         I     [(SubscribeStateObserver:652)]Observer has subscribed!
06-25 13:57:58.841   25181-25181   C01D02/io.lega...ility_asacfwk  io.legado.hos         I     [(SubscribeStateObserver:652)]Observer has subscribed!
06-25 13:57:58.841   25181-25181   C0391C/io.legado.hos/AceFocus   io.legado.hos         I     [(100000:100000:scope)] Window: 5323 get focus.
06-25 13:57:58.841   25181-25314   C04207/io.legado.hos/WMSFocus   io.legado.hos         I     NotifyHighlightChange: timeStamp:1782367078831, highlightId:5323, isHighlight:1,isSyncNotify:1, old:1782366966189, new:1782367078831current:1782367078841
06-25 13:57:58.841   25181-25314   C04207/io.legado.hos/WMSFocus   io.legado.hos         I     NotifyHighlightChange: windowId: 5323, isHighlight: 1,
06-25 13:57:58.841   25181-25314   C03900/io.legado.hos/Ace        io.legado.hos         I     [(-1:100000:singleton)] [io.legado.hos][entry][100000]:window active
06-25 13:57:58.842   25181-25181   C03900/io.legado.hos/Ace        io.legado.hos         I     [(100000:100000:scope)] Update application state , state: ON_ACTIVE
06-25 13:57:58.842   25181-25181   C01D02/io.lega...ility_asacfwk  io.legado.hos         I     [(SubscribeStateObserver:652)]Observer has subscribed!
06-25 13:57:58.842   25181-25181   C01D02/io.lega...ility_asacfwk  io.legado.hos         I     [(SubscribeStateObserver:652)]Observer has subscribed!
06-25 13:57:58.842   25181-25181   C01D02/io.lega...ility_asacfwk  io.legado.hos         I     [(SubscribeStateObserver:652)]Observer has subscribed!
06-25 13:57:58.849   25181-25181   C0391C/io.legado.hos/AceFocus   io.legado.hos         I     [(100000:100000:scope)] WinFocusMove end, Stack/secure_field onBlur, Stack/secure_field onFocus, start: 1, end: 1, update: 2
06-25 13:57:58.849   25181-25181   C03933/io.lega...s/AceKeyboard  io.legado.hos         I     [(100000:100000:scope)] current focus node: (Stack/97). isDynamic: 0
06-25 13:57:58.849   25181-25181   C03933/io.lega...s/AceKeyboard  io.legado.hos         I     [(100000:100000:scope)] Trigger Window Focus Callback
06-25 13:57:58.849   25181-25181   C03933/io.lega...s/AceKeyboard  io.legado.hos         I     [(100000:100000:scope)] need keyboard : 0.
06-25 13:57:58.850   25181-25181   C0420B/io.lega...s/WMSKeyboard  io.legado.hos         I     id: 5323, isNeedKeyboard: 0, keepKeyboardFlag: 0
06-25 13:57:58.850   25181-25181   C0420B/io.lega...s/WMSKeyboard  io.legado.hos         I     RequestInputMethodCloseKeyboard: Notify InputMethod framework close keyboard start. id: 5323, isUIEProc: 0, hostWindowId: 5323
06-25 13:57:59.168   25181-28246   C02B82/io.lega...AudioLogUtils  io.legado.hos         W     [ProcessVolumeData][[123199]RendererInClient] not slient 178frames change to slient
06-25 13:57:59.348   25181-28246   C02B82/io.lega...AudioLogUtils  io.legado.hos         W     [ProcessVolumeData][[123199]RendererInClient] slient 8frames change to not slient
06-25 13:57:59.730   25181-25314   C0420A/io.legado.hos/WMSLife    io.legado.hos         I     NotifyForegroundInteractiveStatus: interactive: 0, state: 2
06-25 13:57:59.730   25181-25314   C0420A/io.legado.hos/WMSLife    io.legado.hos         I     NotifyAfterLifecyclePaused: in
06-25 13:57:59.746   25181-25314   C0420A/io.legado.hos/WMSLife    io.legado.hos         I     NotifyLifecyclePausedStatus: in
06-25 13:57:59.746   25181-25314   C0420A/io.legado.hos/WMSLife    io.legado.hos         I     NotifyAfterLifecyclePaused: in
06-25 13:57:59.746   25181-25314   C0420A/io.legado.hos/WMSLife    io.legado.hos         I     NotifyAfterLifecyclePaused: window has been in noninteractive status
06-25 13:57:59.748   25181-25314   C04207/io.legado.hos/WMSFocus   io.legado.hos         I     UpdateFocusState: focus: 0, id: 5323
